Archive member included to satisfy reference by file (symbol)

/usr/lib/gcc/avr/5.4.0/avr5/libgcc.a(_mulsi3.o)
                              obj-m644-alnwlsn-custom/src/ff.o (__mulsi3)
/usr/lib/gcc/avr/5.4.0/avr5/libgcc.a(_udivmodqi4.o)
                              obj-m644-alnwlsn-custom/src/d64ops.o (__udivmodqi4)
/usr/lib/gcc/avr/5.4.0/avr5/libgcc.a(_udivmodhi4.o)
                              obj-m644-alnwlsn-custom/src/ff.o (__udivmodhi4)
/usr/lib/gcc/avr/5.4.0/avr5/libgcc.a(_divmodhi4.o)
                              obj-m644-alnwlsn-custom/src/d64ops.o (__divmodhi4)
/usr/lib/gcc/avr/5.4.0/avr5/libgcc.a(_udivmodsi4.o)
                              obj-m644-alnwlsn-custom/src/fatops.o (__udivmodsi4)
/usr/lib/gcc/avr/5.4.0/avr5/libgcc.a(_exit.o)
                              /usr/lib/gcc/avr/5.4.0/../../../avr/lib/avr5/crtatmega644.o (exit)
/usr/lib/gcc/avr/5.4.0/avr5/libgcc.a(_tablejump2.o)
                              obj-m644-alnwlsn-custom/src/doscmd.o (__tablejump2__)
/usr/lib/gcc/avr/5.4.0/avr5/libgcc.a(_copy_data.o)
                              obj-m644-alnwlsn-custom/src/doscmd.o (__do_copy_data)
/usr/lib/gcc/avr/5.4.0/avr5/libgcc.a(_clear_bss.o)
                              obj-m644-alnwlsn-custom/src/buffers.o (__do_clear_bss)
/usr/lib/gcc/avr/5.4.0/avr5/libgcc.a(_umulhisi3.o)
                              obj-m644-alnwlsn-custom/src/doscmd.o (__umulhisi3)
/usr/lib/gcc/avr/5.4.0/avr5/libgcc.a(_muluhisi3.o)
                              obj-m644-alnwlsn-custom/src/doscmd.o (__muluhisi3)
/usr/lib/gcc/avr/5.4.0/avr5/libgcc.a(_prologue.o)
                              obj-m644-alnwlsn-custom/src/buffers.o (__prologue_saves__)
/usr/lib/gcc/avr/5.4.0/avr5/libgcc.a(_epilogue.o)
                              obj-m644-alnwlsn-custom/src/buffers.o (__epilogue_restores__)
/usr/lib/gcc/avr/5.4.0/../../../avr/lib/avr5/libc.a(isalnum.o)
                              obj-m644-alnwlsn-custom/src/fatops.o (isalnum)
/usr/lib/gcc/avr/5.4.0/../../../avr/lib/avr5/libc.a(cty_isfalse.o)
                              /usr/lib/gcc/avr/5.4.0/../../../avr/lib/avr5/libc.a(isalnum.o) (__ctype_isfalse)
/usr/lib/gcc/avr/5.4.0/../../../avr/lib/avr5/libc.a(isalpha.o)
                              /usr/lib/gcc/avr/5.4.0/../../../avr/lib/avr5/libc.a(isalnum.o) (isalpha)
/usr/lib/gcc/avr/5.4.0/../../../avr/lib/avr5/libc.a(toupper.o)
                              obj-m644-alnwlsn-custom/src/errormsg.o (toupper)
/usr/lib/gcc/avr/5.4.0/../../../avr/lib/avr5/libc.a(memcmp_P.o)
                              obj-m644-alnwlsn-custom/src/diskchange.o (memcmp_P)
/usr/lib/gcc/avr/5.4.0/../../../avr/lib/avr5/libc.a(memcpy_P.o)
                              obj-m644-alnwlsn-custom/src/d64ops.o (memcpy_P)
/usr/lib/gcc/avr/5.4.0/../../../avr/lib/avr5/libc.a(strcpy_P.o)
                              obj-m644-alnwlsn-custom/src/diskchange.o (strcpy_P)
/usr/lib/gcc/avr/5.4.0/../../../avr/lib/avr5/libc.a(memcmp.o)
                              obj-m644-alnwlsn-custom/src/doscmd.o (memcmp)
/usr/lib/gcc/avr/5.4.0/../../../avr/lib/avr5/libc.a(memcpy.o)
                              obj-m644-alnwlsn-custom/src/diskchange.o (memcpy)
/usr/lib/gcc/avr/5.4.0/../../../avr/lib/avr5/libc.a(memset.o)
                              obj-m644-alnwlsn-custom/src/d64ops.o (memset)
/usr/lib/gcc/avr/5.4.0/../../../avr/lib/avr5/libc.a(strchr.o)
                              obj-m644-alnwlsn-custom/src/doscmd.o (strchr)
/usr/lib/gcc/avr/5.4.0/../../../avr/lib/avr5/libc.a(strcpy.o)
                              obj-m644-alnwlsn-custom/src/doscmd.o (strcpy)
/usr/lib/gcc/avr/5.4.0/../../../avr/lib/avr5/libc.a(strncpy.o)
                              obj-m644-alnwlsn-custom/src/doscmd.o (strncpy)
/usr/lib/gcc/avr/5.4.0/../../../avr/lib/avr5/libc.a(strrchr.o)
                              obj-m644-alnwlsn-custom/src/d64ops.o (strrchr)
/usr/lib/gcc/avr/5.4.0/../../../avr/lib/avr5/libatmega644.a(eerd_block.o)
                              obj-m644-alnwlsn-custom/src/eeprom-conf.o (eeprom_read_block)
/usr/lib/gcc/avr/5.4.0/../../../avr/lib/avr5/libatmega644.a(eerd_byte.o)
                              obj-m644-alnwlsn-custom/src/eeprom-conf.o (eeprom_read_byte)
/usr/lib/gcc/avr/5.4.0/../../../avr/lib/avr5/libatmega644.a(eerd_word.o)
                              obj-m644-alnwlsn-custom/src/eeprom-conf.o (eeprom_read_word)
/usr/lib/gcc/avr/5.4.0/../../../avr/lib/avr5/libatmega644.a(eewr_block.o)
                              obj-m644-alnwlsn-custom/src/eeprom-conf.o (eeprom_write_block)
/usr/lib/gcc/avr/5.4.0/../../../avr/lib/avr5/libatmega644.a(eewr_byte.o)
                              obj-m644-alnwlsn-custom/src/eeprom-conf.o (eeprom_write_byte)
/usr/lib/gcc/avr/5.4.0/../../../avr/lib/avr5/libatmega644.a(eewr_word.o)
                              obj-m644-alnwlsn-custom/src/eeprom-conf.o (eeprom_write_word)

Allocating common symbols
Common symbol       size              file

matchdh             0x11              obj-m644-alnwlsn-custom/src/buffers.o
[...]
Memory Configuration

Name             Origin             Length             Attributes
text             0x0000000000000000 0x0000000000020000 xr
data             0x0000000000800060 0x000000000000ffa0 rw !x
eeprom           0x0000000000810000 0x0000000000010000 rw !x
fuse             0x0000000000820000 0x0000000000000003 rw !x
lock             0x0000000000830000 0x0000000000000400 rw !x
signature        0x0000000000840000 0x0000000000000400 rw !x
user_signatures  0x0000000000850000 0x0000000000000400 rw !x
*default*        0x0000000000000000 0xffffffffffffffff

Linker script and memory map

Address of section .data set to 0x800100
LOAD /usr/lib/gcc/avr/5.4.0/../../../avr/lib/avr5/crtatmega644.o
LOAD obj-m644-alnwlsn-custom/src/avr/arch-timer.o
LOAD obj-m644-alnwlsn-custom/src/avr/spi.o
LOAD obj-m644-alnwlsn-custom/src/avr/system.o
LOAD obj-m644-alnwlsn-custom/src/buffers.o
LOAD obj-m644-alnwlsn-custom/src/d64ops.o
LOAD obj-m644-alnwlsn-custom/src/diskchange.o
LOAD obj-m644-alnwlsn-custom/src/diskio.o
LOAD obj-m644-alnwlsn-custom/src/doscmd.o
LOAD obj-m644-alnwlsn-custom/src/eeprom-conf.o
LOAD obj-m644-alnwlsn-custom/src/errormsg.o
LOAD obj-m644-alnwlsn-custom/src/fastloader.o
LOAD obj-m644-alnwlsn-custom/src/fatops.o
LOAD obj-m644-alnwlsn-custom/src/ff.o
LOAD obj-m644-alnwlsn-custom/src/fileops.o
LOAD obj-m644-alnwlsn-custom/src/fl-ar6.o
LOAD obj-m644-alnwlsn-custom/src/fl-dolphin.o
LOAD obj-m644-alnwlsn-custom/src/fl-dreamload.o
LOAD obj-m644-alnwlsn-custom/src/fl-eload.o
LOAD obj-m644-alnwlsn-custom/src/fl-epyxcart.o
LOAD obj-m644-alnwlsn-custom/src/fl-fc3exos.o
LOAD obj-m644-alnwlsn-custom/src/fl-geos.o
LOAD obj-m644-alnwlsn-custom/src/fl-gijoe.o
LOAD obj-m644-alnwlsn-custom/src/fl-mmzak.o
LOAD obj-m644-alnwlsn-custom/src/fl-n0sdos.o
LOAD obj-m644-alnwlsn-custom/src/fl-nippon.o
LOAD obj-m644-alnwlsn-custom/src/fl-samsjourney.o
LOAD obj-m644-alnwlsn-custom/src/fl-turbodisk.o
LOAD obj-m644-alnwlsn-custom/src/fl-ulm3.o
LOAD obj-m644-alnwlsn-custom/src/iec.o
LOAD obj-m644-alnwlsn-custom/src/led.o
LOAD obj-m644-alnwlsn-custom/src/main.o
LOAD obj-m644-alnwlsn-custom/src/parser.o
LOAD obj-m644-alnwlsn-custom/src/sdcard.o
LOAD obj-m644-alnwlsn-custom/src/timer.o
LOAD obj-m644-alnwlsn-custom/src/utils.o
LOAD obj-m644-alnwlsn-custom/src/avr/crc7asm.o
LOAD obj-m644-alnwlsn-custom/src/avr/fastloader-ll.o
START GROUP
LOAD /usr/lib/gcc/avr/5.4.0/avr5/libgcc.a
LOAD /usr/lib/gcc/avr/5.4.0/../../../avr/lib/avr5/libm.a
LOAD /usr/lib/gcc/avr/5.4.0/../../../avr/lib/avr5/libc.a
LOAD /usr/lib/gcc/avr/5.4.0/../../../avr/lib/avr5/libatmega644.a
END GROUP
                0x0000000000020000                __TEXT_REGION_LENGTH__ = DEFINED (__TEXT_REGION_LENGTH__)?__TEXT_REGION_LENGTH__:0x20000
                0x000000000000ffa0                __DATA_REGION_LENGTH__ = DEFINED (__DATA_REGION_LENGTH__)?__DATA_REGION_LENGTH__:0xffa0
                0x0000000000010000                __EEPROM_REGION_LENGTH__ = DEFINED (__EEPROM_REGION_LENGTH__)?__EEPROM_REGION_LENGTH__:0x10000
                [0x0000000000000003]                __FUSE_REGION_LENGTH__ = DEFINED (__FUSE_REGION_LENGTH__)?__FUSE_REGION_LENGTH__:0x400
                0x0000000000000400                __LOCK_REGION_LENGTH__ = DEFINED (__LOCK_REGION_LENGTH__)?__LOCK_REGION_LENGTH__:0x400
                0x0000000000000400                __SIGNATURE_REGION_LENGTH__ = DEFINED (__SIGNATURE_REGION_LENGTH__)?__SIGNATURE_REGION_LENGTH__:0x400
                0x0000000000000400                __USER_SIGNATURE_REGION_LENGTH__ = DEFINED (__USER_SIGNATURE_REGION_LENGTH__)?__USER_SIGNATURE_REGION_LENGTH__:0x400

.hash
 *(.hash)

.dynsym
 *(.dynsym)

.dynstr
 *(.dynstr)

.gnu.version
 *(.gnu.version)

.gnu.version_d
 *(.gnu.version_d)

.gnu.version_r
 *(.gnu.version_r)

.rel.init
 *(.rel.init)

.rela.init
 *(.rela.init)

.rel.text
 *(.rel.text)
 *(.rel.text.*)
 *(.rel.gnu.linkonce.t*)

.rela.text
 *(.rela.text)
 *(.rela.text.*)
 *(.rela.gnu.linkonce.t*)

.rel.fini
 *(.rel.fini)

.rela.fini
 *(.rela.fini)

.rel.rodata
 *(.rel.rodata)
 *(.rel.rodata.*)
 *(.rel.gnu.linkonce.r*)

.rela.rodata
 *(.rela.rodata)
 *(.rela.rodata.*)
 *(.rela.gnu.linkonce.r*)

.rel.data
 *(.rel.data)
 *(.rel.data.*)
 *(.rel.gnu.linkonce.d*)

.rela.data
 *(.rela.data)
 *(.rela.data.*)
 *(.rela.gnu.linkonce.d*)

.rel.ctors
 *(.rel.ctors)

.rela.ctors
 *(.rela.ctors)

.rel.dtors
 *(.rel.dtors)

.rela.dtors
 *(.rela.dtors)

.rel.got
 *(.rel.got)

.rela.got
 *(.rela.got)

.rel.bss
 *(.rel.bss)

.rela.bss
 *(.rela.bss)

.rel.plt
 *(.rel.plt)

.rela.plt
 *(.rela.plt)

.text           0x0000000000000000     0xe376
 *(.vectors)
 .vectors       0x0000000000000000       0x70 /usr/lib/gcc/avr/5.4.0/../../../avr/lib/avr5/crtatmega644.o
                0x0000000000000000                __vectors
                0x0000000000000000                __vector_default
 *(.vectors)
 *(.progmem.gcc*)
 .progmem.gcc_sw_table.parse_doscommand
                0x0000000000000070       0x28 obj-m644-alnwlsn-custom/src/doscmd.o
 .progmem.gcc_sw_table.parse_error
                0x0000000000000098       0x24 obj-m644-alnwlsn-custom/src/fatops.o
 .progmem.gcc_sw_table.file_open
                0x00000000000000bc       0x56 obj-m644-alnwlsn-custom/src/fileops.o
 .progmem.gcc_sw_table.load_wheels_s2
                0x0000000000000112       0x32 obj-m644-alnwlsn-custom/src/fl-geos.o
 .progmem.gcc_sw_table.iec_mainloop
                0x0000000000000144       0x12 obj-m644-alnwlsn-custom/src/iec.o
                0x0000000000000156                . = ALIGN (0x2)
                0x0000000000000156                __trampolines_start = .
 *(.trampolines)
 .trampolines   0x0000000000000156        0x0 linker stubs
 *(.trampolines*)
                0x0000000000000156                __trampolines_end = .
 *libprintf_flt.a:*(.progmem.data)
 *libc.a:*(.progmem.data)
 *(.progmem*)
 .progmem.data.d64ops
                0x0000000000000156       0x20 obj-m644-alnwlsn-custom/src/d64ops.o
                0x0000000000000156                d64ops
 .progmem.data.dnpparam
                0x0000000000000176        0x9 obj-m644-alnwlsn-custom/src/d64ops.o
 .progmem.data.d81param
                0x000000000000017f        0x9 obj-m644-alnwlsn-custom/src/d64ops.o
 .progmem.data.d71param
                0x0000000000000188        0x9 obj-m644-alnwlsn-custom/src/d64ops.o
 .progmem.data.d41param
                0x0000000000000191        0x9 obj-m644-alnwlsn-custom/src/d64ops.o
 .progmem.data.petscii_marker
                0x000000000000019a        0x8 obj-m644-alnwlsn-custom/src/diskchange.o
 .progmem.data.autoswap_gen_name
                0x00000000000001a2        0xd obj-m644-alnwlsn-custom/src/diskchange.o
 .progmem.data.autoswap_lst_name
                0x00000000000001af        0xd obj-m644-alnwlsn-custom/src/diskchange.o
 .progmem.data.system_partition_info
                0x00000000000001bc       0x1f obj-m644-alnwlsn-custom/src/doscmd.o
 .progmem.data.c1541_magics
                0x00000000000001db       0x10 obj-m644-alnwlsn-custom/src/doscmd.o
 .progmem.data.fl_capture_table
                0x00000000000001eb        0xf obj-m644-alnwlsn-custom/src/doscmd.o
 .progmem.data.fl_handler_table
                0x00000000000001fa       0xba obj-m644-alnwlsn-custom/src/doscmd.o
 .progmem.data.fl_crc_table
                0x00000000000002b4       0xd0 obj-m644-alnwlsn-custom/src/doscmd.o
 .progmem.data.fl_rxtx_table
                0x0000000000000384       0x28 obj-m644-alnwlsn-custom/src/doscmd.o
 .progmem.data.messages
                0x00000000000003ac      0x10d obj-m644-alnwlsn-custom/src/errormsg.o
 .progmem.data.abbrevs
                0x00000000000004b9       0x56 obj-m644-alnwlsn-custom/src/errormsg.o
 .progmem.data.longverstr
                0x000000000000050f       0x15 obj-m644-alnwlsn-custom/src/errormsg.o
                0x000000000000050f                longverstr
 .progmem.data.versionstr
                0x0000000000000524       0x18 obj-m644-alnwlsn-custom/src/errormsg.o
                0x0000000000000524                versionstr
 .progmem.data.fatops
                0x000000000000053c       0x20 obj-m644-alnwlsn-custom/src/fatops.o
                0x000000000000053c                fatops
 .progmem.data.p00marker
                0x000000000000055c        0x8 obj-m644-alnwlsn-custom/src/fatops.o
 .progmem.data.fat32string
                0x0000000000000564        0x6 obj-m644-alnwlsn-custom/src/ff.o
 .progmem.data.LFN_pos
                0x000000000000056a        0xd obj-m644-alnwlsn-custom/src/ff.o
 .progmem.data.filetypes
                0x0000000000000577       0x24 obj-m644-alnwlsn-custom/src/fileops.o
                0x0000000000000577                filetypes
 .progmem.data.dirfooter
                0x000000000000059b       0x20 obj-m644-alnwlsn-custom/src/fileops.o
                0x000000000000059b                dirfooter
 .progmem.data.syspart_line
                0x00000000000005bb       0x20 obj-m644-alnwlsn-custom/src/fileops.o
                0x00000000000005bb                syspart_line
 .progmem.data.dirheader
                0x00000000000005db       0x20 obj-m644-alnwlsn-custom/src/fileops.o
                0x00000000000005db                dirheader
 .progmem.data.__c.3194
                0x00000000000005fb        0xb obj-m644-alnwlsn-custom/src/fl-geos.o
 .progmem.data.__c.3192
                0x0000000000000606        0x8 obj-m644-alnwlsn-custom/src/fl-geos.o
 .progmem.data.geos128_chains
                0x000000000000060e        0x9 obj-m644-alnwlsn-custom/src/fl-geos.o
 .progmem.data.geos64_chains
                0x0000000000000617        0x7 obj-m644-alnwlsn-custom/src/fl-geos.o
 .progmem.data.hexchars
                0x000000000000061e       0x10 obj-m644-alnwlsn-custom/src/fl-samsjourney.o
                0x000000000000062e                . = ALIGN (0x2)
 *(.jumptables)
 *(.jumptables*)
 *(.lowtext)
 *(.lowtext*)
                0x000000000000062e                __ctors_start = .
 *(.ctors)
                0x000000000000062e                __ctors_end = .
                0x000000000000062e                __dtors_start = .
 *(.dtors)
                0x000000000000062e                __dtors_end = .
 SORT(*)(.ctors)
 SORT(*)(.dtors)
 *(.init0)
 .init0         0x000000000000062e        0x0 /usr/lib/gcc/avr/5.4.0/../../../avr/lib/avr5/crtatmega644.o
                0x000000000000062e                __init
 *(.init0)
 *(.init1)
 *(.init1)
 *(.init2)
 .init2         0x000000000000062e        0xc /usr/lib/gcc/avr/5.4.0/../../../avr/lib/avr5/crtatmega644.o
 *(.init2)
 *(.init3)
 .init3         0x000000000000063a       0x18 obj-m644-alnwlsn-custom/src/avr/system.o
                0x000000000000063a                get_mcusr
 *(.init3)
 *(.init4)
 .init4         0x0000000000000652       0x16 /usr/lib/gcc/avr/5.4.0/avr5/libgcc.a(_copy_data.o)
                0x0000000000000652                __do_copy_data
 .init4         0x0000000000000668       0x10 /usr/lib/gcc/avr/5.4.0/avr5/libgcc.a(_clear_bss.o)
                0x0000000000000668                __do_clear_bss
 *(.init4)
 *(.init5)
 *(.init5)
 *(.init6)
 *(.init6)
 *(.init7)
 *(.init7)
 *(.init8)
 *(.init8)
 *(.init9)
 .init9         0x0000000000000678        0x8 /usr/lib/gcc/avr/5.4.0/../../../avr/lib/avr5/crtatmega644.o
 *(.init9)
 *(.text)
 .text          0x0000000000000680        0x4 /usr/lib/gcc/avr/5.4.0/../../../avr/lib/avr5/crtatmega644.o
                0x0000000000000680                __vector_22
                0x0000000000000680                __vector_24
                0x0000000000000680                __vector_12
                0x0000000000000680                __bad_interrupt
                0x0000000000000680                __vector_6
                0x0000000000000680                __vector_3
                0x0000000000000680                __vector_23
                0x0000000000000680                __vector_25
                0x0000000000000680                __vector_11
                0x0000000000000680                __vector_17
                0x0000000000000680                __vector_19
                0x0000000000000680                __vector_7
                0x0000000000000680                __vector_27
                0x0000000000000680                __vector_5
                0x0000000000000680                __vector_9
                0x0000000000000680                __vector_2
                0x0000000000000680                __vector_21
                0x0000000000000680                __vector_15
                0x0000000000000680                __vector_8
                0x0000000000000680                __vector_26
                0x0000000000000680                __vector_14
                0x0000000000000680                __vector_10
                0x0000000000000680                __vector_16
                0x0000000000000680                __vector_18
                0x0000000000000680                __vector_20
 .text          0x0000000000000684       0x1c obj-m644-alnwlsn-custom/src/avr/crc7asm.o
                0x0000000000000684                crc7update
 .text          0x00000000000006a0      0x6a4 obj-m644-alnwlsn-custom/src/avr/fastloader-ll.o
                0x00000000000006a0                __vector_4
                0x0000000000000706                jiffy_receive
                0x000000000000077e                jiffy_send
                0x00000000000007e8                turbodisk_byte
                0x0000000000000826                turbodisk_buffer
                0x0000000000000898                clk_data_handshake
                0x00000000000008ae                fastloader_fc3_send_block
                0x00000000000008dc                fc3_get_byte
                0x0000000000000914                fc3_oldfreeze_pal_send
                0x000000000000094e                fc3_oldfreeze_ntsc_send
                0x0000000000000996                dreamload_get_byte
                0x00000000000009de                dreamload_send_byte
                0x00000000000009f2                uload3_get_byte
                0x0000000000000a2a                uload3_send_byte
                0x0000000000000a6e                epyxcart_send_byte
                0x0000000000000ad6                geos_get_byte_1mhz
                0x0000000000000af0                geos_get_byte_2mhz
                0x0000000000000b1c                geos_send_byte_1mhz
                0x0000000000000b2c                geos_send_byte_2mhz
                0x0000000000000b74                geos_send_byte_1581_21
                0x0000000000000b98                wheels_send_byte_1mhz
                0x0000000000000bcc                wheels_get_byte_1mhz
                0x0000000000000c00                wheels44_get_byte_1mhz
                0x0000000000000c34                wheels44_get_byte_2mhz
                0x0000000000000c80                wheels44_send_byte_2mhz
                0x0000000000000ca4                ar6_1581_send_byte
                0x0000000000000cd4                ar6_1581p_get_byte
                0x0000000000000d10                n0sdos_send_byte
                0x0000000000000d44                . = ALIGN (0x2)
 *(.text.*)
 .text.timer_init
                0x0000000000000d44       0x2e obj-m644-alnwlsn-custom/src/avr/arch-timer.o
                0x0000000000000d44                timer_init
 .text.spi_set_speed
                0x0000000000000d72       0x14 obj-m644-alnwlsn-custom/src/avr/spi.o
                0x0000000000000d72                spi_set_speed
 .text.spi_init
                0x0000000000000d86       0x28 obj-m644-alnwlsn-custom/src/avr/spi.o
                0x0000000000000d86                spi_init
 .text.spi_tx_byte
                0x0000000000000dae        0xc obj-m644-alnwlsn-custom/src/avr/spi.o
                0x0000000000000dae                spi_tx_byte
 .text.spi_rx_byte
                0x0000000000000dba        0xe obj-m644-alnwlsn-custom/src/avr/spi.o
                0x0000000000000dba                spi_rx_byte
 .text.spi_exchange_block
                0x0000000000000dc8       0x2e obj-m644-alnwlsn-custom/src/avr/spi.o
                0x0000000000000dc8                spi_exchange_block
 .text.system_init_early
                0x0000000000000df6        0xa obj-m644-alnwlsn-custom/src/avr/system.o
                0x0000000000000df6                system_init_early
 .text.system_init_late
                0x0000000000000e00        0xe obj-m644-alnwlsn-custom/src/avr/system.o
                0x0000000000000e00                system_init_late
 .text.system_sleep
                0x0000000000000e0e        0x4 obj-m644-alnwlsn-custom/src/avr/system.o
                0x0000000000000e0e                system_sleep
 .text.system_reset
                0x0000000000000e12        0x8 obj-m644-alnwlsn-custom/src/avr/system.o
                0x0000000000000e12                system_reset
 .text.disable_interrupts
                0x0000000000000e1a        0x4 obj-m644-alnwlsn-custom/src/avr/system.o
                0x0000000000000e1a                disable_interrupts
 .text.enable_interrupts
                0x0000000000000e1e        0x4 obj-m644-alnwlsn-custom/src/avr/system.o
                0x0000000000000e1e                enable_interrupts
 .text.callback_dummy
                0x0000000000000e22        0x4 obj-m644-alnwlsn-custom/src/buffers.o
                0x0000000000000e22                callback_dummy
 .text.alloc_specific_buffer
                0x0000000000000e26       0x48 obj-m644-alnwlsn-custom/src/buffers.o
 .text.buffers_init
                0x0000000000000e6e       0x8c obj-m644-alnwlsn-custom/src/buffers.o
                0x0000000000000e6e                buffers_init
 .text.alloc_system_buffer
                0x0000000000000efa       0x44 obj-m644-alnwlsn-custom/src/buffers.o
                0x0000000000000efa                alloc_system_buffer
 .text.alloc_buffer
                0x0000000000000f3e       0x1a obj-m644-alnwlsn-custom/src/buffers.o
                0x0000000000000f3e                alloc_buffer
 .text.alloc_linked_buffers
                0x0000000000000f58       0xdc obj-m644-alnwlsn-custom/src/buffers.o
                0x0000000000000f58                alloc_linked_buffers
 .text.free_buffer
                0x0000000000001034       0x38 obj-m644-alnwlsn-custom/src/buffers.o
                0x0000000000001034                free_buffer
 .text.cleanup_and_free_buffer
                0x000000000000106c       0x18 obj-m644-alnwlsn-custom/src/buffers.o
                0x000000000000106c                cleanup_and_free_buffer
 .text.free_multiple_buffers
                0x0000000000001084       0xa6 obj-m644-alnwlsn-custom/src/buffers.o
                0x0000000000001084                free_multiple_buffers
 .text.find_buffer
                0x000000000000112a       0x40 obj-m644-alnwlsn-custom/src/buffers.o
                0x000000000000112a                find_buffer
 .text.mark_buffer_dirty
                0x000000000000116a       0x1a obj-m644-alnwlsn-custom/src/buffers.o
                0x000000000000116a                mark_buffer_dirty
 .text.mark_buffer_clean
                0x0000000000001184       0x20 obj-m644-alnwlsn-custom/src/buffers.o
                0x0000000000001184                mark_buffer_clean
 .text.sector_lba
                0x00000000000011a4       0xb2 obj-m644-alnwlsn-custom/src/d64ops.o
 .text.sectors_per_track
                0x0000000000001256       0x52 obj-m644-alnwlsn-custom/src/d64ops.o
 .text.format_add_bam_signature
                0x00000000000012a8       0x26 obj-m644-alnwlsn-custom/src/d64ops.o
 .text.d64_seek
                0x00000000000012ce        0xa obj-m644-alnwlsn-custom/src/d64ops.o
 .text.d64_open_rel
                0x00000000000012d8        0x8 obj-m644-alnwlsn-custom/src/d64ops.o
 .text.clear_dir_sector
                0x00000000000012e0       0x50 obj-m644-alnwlsn-custom/src/d64ops.o
 .text.write_entry.constprop.2
                0x0000000000001330       0x58 obj-m644-alnwlsn-custom/src/d64ops.o
 .text.read_entry.constprop.1
                0x0000000000001388       0x52 obj-m644-alnwlsn-custom/src/d64ops.o
 .text.d64_rename
                0x00000000000013da       0x58 obj-m644-alnwlsn-custom/src/d64ops.o
 .text.d64_chdir
                0x0000000000001432       0xc0 obj-m644-alnwlsn-custom/src/d64ops.o
 .text.d64_write_cleanup
                0x00000000000014f2       0xcc obj-m644-alnwlsn-custom/src/d64ops.o
 .text.move_bam_window
                0x00000000000015be      0x1c2 obj-m644-alnwlsn-custom/src/d64ops.o
 .text.is_free  0x0000000000001780       0x8c obj-m644-alnwlsn-custom/src/d64ops.o
 .text.allocate_sector
                0x000000000000180c       0xd6 obj-m644-alnwlsn-custom/src/d64ops.o
 .text.free_sector
                0x00000000000018e2       0xea obj-m644-alnwlsn-custom/src/d64ops.o
 .text.read_string_from_dirheader
                0x00000000000019cc       0xa0 obj-m644-alnwlsn-custom/src/d64ops.o
 .text.d64_getid
                0x0000000000001a6c        0xa obj-m644-alnwlsn-custom/src/d64ops.o
 .text.d64_getdirlabel
                0x0000000000001a76        0xa obj-m644-alnwlsn-custom/src/d64ops.o
 .text.d64_getdisklabel
                0x0000000000001a80       0xb0 obj-m644-alnwlsn-custom/src/d64ops.o
 .text.d64_opendir
                0x0000000000001b30       0x7c obj-m644-alnwlsn-custom/src/d64ops.o
 .text.bam_buffer_flush
                0x0000000000001bac       0x60 obj-m644-alnwlsn-custom/src/d64ops.o
 .text.d64_write_sector
                0x0000000000001c0c       0x7e obj-m644-alnwlsn-custom/src/d64ops.o
 .text.checked_read
                0x0000000000001c8a      0x15c obj-m644-alnwlsn-custom/src/d64ops.o
 .text.d64_read
                0x0000000000001de6       0x66 obj-m644-alnwlsn-custom/src/d64ops.o
 .text.d64_open_read
                0x0000000000001e4c       0x5e obj-m644-alnwlsn-custom/src/d64ops.o
 .text.d64_read_sector
                0x0000000000001eaa       0x26 obj-m644-alnwlsn-custom/src/d64ops.o
 .text.d64_delete
                0x0000000000001ed0       0x9e obj-m644-alnwlsn-custom/src/d64ops.o
 .text.nextdirentry
                0x0000000000001f6e       0xa0 obj-m644-alnwlsn-custom/src/d64ops.o
 .text.d64_readdir
                0x000000000000200e       0xee obj-m644-alnwlsn-custom/src/d64ops.o
 .text.sectors_free
                0x00000000000020fc       0xa2 obj-m644-alnwlsn-custom/src/d64ops.o
 .text.get_next_sector
                0x000000000000219e      0x1aa obj-m644-alnwlsn-custom/src/d64ops.o
 .text.find_empty_entry
                0x0000000000002348      0x1e4 obj-m644-alnwlsn-custom/src/d64ops.o
 .text.d64_mkdir
                0x000000000000252c      0x296 obj-m644-alnwlsn-custom/src/d64ops.o
 .text.d64_write
                0x00000000000027c2       0xfe obj-m644-alnwlsn-custom/src/d64ops.o
 .text.d64_freeblocks
                0x00000000000028c0       0x84 obj-m644-alnwlsn-custom/src/d64ops.o
 .text.d64_open_write
                0x0000000000002944      0x2b2 obj-m644-alnwlsn-custom/src/d64ops.o
 .text.format_copy_label
                0x0000000000002bf6       0x72 obj-m644-alnwlsn-custom/src/d64ops.o
 .text.format_dnp_image
                0x0000000000002c68       0xcc obj-m644-alnwlsn-custom/src/d64ops.o
 .text.format_d41_image
                0x0000000000002d34       0xa0 obj-m644-alnwlsn-custom/src/d64ops.o
 .text.format_d71_image
                0x0000000000002dd4       0x34 obj-m644-alnwlsn-custom/src/d64ops.o
 .text.format_d81_image
                0x0000000000002e08       0xf2 obj-m644-alnwlsn-custom/src/d64ops.o
 .text.d64_bam_commit
                0x0000000000002efa       0x34 obj-m644-alnwlsn-custom/src/d64ops.o
                0x0000000000002efa                d64_bam_commit
 .text.d64_format
                0x0000000000002f2e      0x204 obj-m644-alnwlsn-custom/src/d64ops.o
 .text.d64_mount
                0x0000000000003132      0x1e2 obj-m644-alnwlsn-custom/src/d64ops.o
                0x0000000000003132                d64_mount
 .text.d64_raw_directory
                0x0000000000003314       0x5c obj-m644-alnwlsn-custom/src/d64ops.o
                0x0000000000003314                d64_raw_directory
 .text.d64_invalidate
                0x0000000000003370       0x2e obj-m644-alnwlsn-custom/src/d64ops.o
                0x0000000000003370                d64_invalidate
 .text.d64_unmount
                0x000000000000339e       0x92 obj-m644-alnwlsn-custom/src/d64ops.o
                0x000000000000339e                d64_unmount
 .text.confirm_blink
                0x0000000000003430       0x5c obj-m644-alnwlsn-custom/src/diskchange.o
 .text.mount_line
                0x000000000000348c      0x1d4 obj-m644-alnwlsn-custom/src/diskchange.o
 .text.set_changelist_internal
                0x0000000000003660       0xb6 obj-m644-alnwlsn-custom/src/diskchange.o
 .text.set_changelist
                0x0000000000003716        0x8 obj-m644-alnwlsn-custom/src/diskchange.o
                0x0000000000003716                set_changelist
 .text.change_disk
                0x000000000000371e      0x24a obj-m644-alnwlsn-custom/src/diskchange.o
                0x000000000000371e                change_disk
 .text.change_init
                0x0000000000003968       0x12 obj-m644-alnwlsn-custom/src/diskchange.o
                0x0000000000003968                change_init
 .text.clean_cmdbuffer
                0x000000000000397a       0x1c obj-m644-alnwlsn-custom/src/doscmd.o
 .text.run_loader
                0x0000000000003996       0x7a obj-m644-alnwlsn-custom/src/doscmd.o
 .text.parse_block
                0x0000000000003a10      0x1ce obj-m644-alnwlsn-custom/src/doscmd.o
 .text.capture_fl_data
                0x0000000000003bde       0x8c obj-m644-alnwlsn-custom/src/doscmd.o
 .text.do_chdir
                0x0000000000003c6a       0xaa obj-m644-alnwlsn-custom/src/doscmd.o
                0x0000000000003c6a                do_chdir
 .text.parse_doscommand
                0x0000000000003d14     0x11ca obj-m644-alnwlsn-custom/src/doscmd.o
                0x0000000000003d14                parse_doscommand
 .text.device_hw_address
                0x0000000000004ede       0x1a obj-m644-alnwlsn-custom/src/eeprom-conf.o
 .text.read_configuration
                0x0000000000004ef8       0xd4 obj-m644-alnwlsn-custom/src/eeprom-conf.o
                0x0000000000004ef8                read_configuration
 .text.write_configuration
                0x0000000000004fcc       0xb2 obj-m644-alnwlsn-custom/src/eeprom-conf.o
                0x0000000000004fcc                write_configuration
 .text.appendmsg
                0x000000000000507e       0x80 obj-m644-alnwlsn-custom/src/errormsg.o
 .text.set_error_ts
                0x00000000000050fe      0x1c0 obj-m644-alnwlsn-custom/src/errormsg.o
                0x00000000000050fe                set_error_ts
 .text.set_error
                0x00000000000052be        0xa obj-m644-alnwlsn-custom/src/errormsg.o
                0x00000000000052be                set_error
 .text.set_ok_message
                0x00000000000052c8        0xa obj-m644-alnwlsn-custom/src/errormsg.o
                0x00000000000052c8                set_ok_message
 .text.check_keys
                0x00000000000052d2       0x32 obj-m644-alnwlsn-custom/src/fastloader.o
                0x00000000000052d2                check_keys
 .text.gijoe_read_byte
                0x0000000000005304       0x50 obj-m644-alnwlsn-custom/src/fastloader.o
                0x0000000000005304                gijoe_read_byte
 .text.pet2asc  0x0000000000005354       0x2c obj-m644-alnwlsn-custom/src/fatops.o
 .text.fat_getid
                0x0000000000005380       0x50 obj-m644-alnwlsn-custom/src/fatops.o
                0x0000000000005380                fat_getid
 .text.format_dummy
                0x00000000000053d0        0x8 obj-m644-alnwlsn-custom/src/fatops.o
                0x00000000000053d0                format_dummy
 .text.check_extension
                0x00000000000053d8       0x98 obj-m644-alnwlsn-custom/src/fatops.o
 .text.is_valid_fat_char
                0x0000000000005470       0x32 obj-m644-alnwlsn-custom/src/fatops.o
 .text.fat_freeblocks
                0x00000000000054a2       0x56 obj-m644-alnwlsn-custom/src/fatops.o
                0x00000000000054a2                fat_freeblocks
 .text.parse_error
                0x00000000000054f8       0x84 obj-m644-alnwlsn-custom/src/fatops.o
                0x00000000000054f8                parse_error
 .text.write_data
                0x000000000000557c       0xe6 obj-m644-alnwlsn-custom/src/fatops.o
 .text.fat_file_write
                0x0000000000005662      0x168 obj-m644-alnwlsn-custom/src/fatops.o
 .text.fat_file_read
                0x00000000000057ca      0x11a obj-m644-alnwlsn-custom/src/fatops.o
 .text.fat_file_seek
                0x00000000000058e4       0xe4 obj-m644-alnwlsn-custom/src/fatops.o
                0x00000000000058e4                fat_file_seek
 .text.fat_file_sync
                0x00000000000059c8       0x1c obj-m644-alnwlsn-custom/src/fatops.o
 .text.fat_open_read
                0x00000000000059e4       0xc0 obj-m644-alnwlsn-custom/src/fatops.o
                0x00000000000059e4                fat_open_read
 .text.fat_file_close
                0x0000000000005aa4       0x4e obj-m644-alnwlsn-custom/src/fatops.o
 .text.fat_opendir
                0x0000000000005af2       0x4c obj-m644-alnwlsn-custom/src/fatops.o
                0x0000000000005af2                fat_opendir
 .text.fat_readdir
                0x0000000000005b3e      0x330 obj-m644-alnwlsn-custom/src/fatops.o
                0x0000000000005b3e                fat_readdir
 .text.fat_delete
                0x0000000000005e6e       0x7c obj-m644-alnwlsn-custom/src/fatops.o
                0x0000000000005e6e                fat_delete
 .text.fat_mkdir
                0x0000000000005eea       0x5a obj-m644-alnwlsn-custom/src/fatops.o
                0x0000000000005eea                fat_mkdir
 .text.fat_getvolumename
                0x0000000000005f44       0x98 obj-m644-alnwlsn-custom/src/fatops.o
 .text.fat_getdirlabel
                0x0000000000005fdc      0x15a obj-m644-alnwlsn-custom/src/fatops.o
                0x0000000000005fdc                fat_getdirlabel
 .text.fat_readwrite_sector.isra.0
                0x0000000000006136       0xb0 obj-m644-alnwlsn-custom/src/fatops.o
 .text.fat_read_sector
                0x00000000000061e6        0xc obj-m644-alnwlsn-custom/src/fatops.o
                0x00000000000061e6                fat_read_sector
 .text.fat_write_sector
                0x00000000000061f2        0xc obj-m644-alnwlsn-custom/src/fatops.o
                0x00000000000061f2                fat_write_sector
 .text.check_imageext
                0x00000000000061fe       0x80 obj-m644-alnwlsn-custom/src/fatops.o
                0x00000000000061fe                check_imageext
 .text.fat_chdir
                0x000000000000627e      0x150 obj-m644-alnwlsn-custom/src/fatops.o
                0x000000000000627e                fat_chdir
 .text.build_name.constprop.1
                0x00000000000063ce      0x1b8 obj-m644-alnwlsn-custom/src/fatops.o
 .text.fat_rename
                0x0000000000006586      0x162 obj-m644-alnwlsn-custom/src/fatops.o
                0x0000000000006586                fat_rename
 .text.create_file
                0x00000000000066e8      0x136 obj-m644-alnwlsn-custom/src/fatops.o
                0x00000000000066e8                create_file
 .text.fat_open_write
                0x000000000000681e       0xde obj-m644-alnwlsn-custom/src/fatops.o
                0x000000000000681e                fat_open_write
 .text.fat_open_rel
                0x00000000000068fc      0x11a obj-m644-alnwlsn-custom/src/fatops.o
                0x00000000000068fc                fat_open_rel
 .text.fatops_init
                0x0000000000006a16       0xae obj-m644-alnwlsn-custom/src/fatops.o
                0x0000000000006a16                fatops_init
 .text.image_unmount
                0x0000000000006ac4       0x68 obj-m644-alnwlsn-custom/src/fatops.o
                0x0000000000006ac4                image_unmount
 .text.image_chdir
                0x0000000000006b2c       0x1c obj-m644-alnwlsn-custom/src/fatops.o
                0x0000000000006b2c                image_chdir
 .text.image_read
                0x0000000000006b48       0x78 obj-m644-alnwlsn-custom/src/fatops.o
                0x0000000000006b48                image_read
 .text.image_write
                0x0000000000006bc0       0xaa obj-m644-alnwlsn-custom/src/fatops.o
                0x0000000000006bc0                image_write
 .text.clust2sect
                0x0000000000006c6a       0x50 obj-m644-alnwlsn-custom/src/ff.o
 .text.get_fileinfo
                0x0000000000006cba       0xea obj-m644-alnwlsn-custom/src/ff.o
 .text.dos_char
                0x0000000000006da4       0x50 obj-m644-alnwlsn-custom/src/ff.o
 .text.auto_mount
                0x0000000000006df4       0x4c obj-m644-alnwlsn-custom/src/ff.o
 .text.validate
                0x0000000000006e40       0x1a obj-m644-alnwlsn-custom/src/ff.o
 .text.move_window.constprop.1
                0x0000000000006e5a      0x118 obj-m644-alnwlsn-custom/src/ff.o
 .text.move_fs_window
                0x0000000000006f72        0x6 obj-m644-alnwlsn-custom/src/ff.o
 .text.check_fs
                0x0000000000006f78       0xa6 obj-m644-alnwlsn-custom/src/ff.o
 .text.get_cluster
                0x000000000000701e      0x17c obj-m644-alnwlsn-custom/src/ff.o
 .text.next_dir_entry
                0x000000000000719a       0xc8 obj-m644-alnwlsn-custom/src/ff.o
 .text.put_cluster
                0x0000000000007262      0x18a obj-m644-alnwlsn-custom/src/ff.o
 .text.create_chain
                0x00000000000073ec      0x188 obj-m644-alnwlsn-custom/src/ff.o
 .text.remove_chain
                0x0000000000007574       0x98 obj-m644-alnwlsn-custom/src/ff.o
 .text.reserve_direntry
                0x000000000000760c      0x2e2 obj-m644-alnwlsn-custom/src/ff.o
 .text.sync     0x00000000000078ee       0xe4 obj-m644-alnwlsn-custom/src/ff.o
 .text.trace_path
                0x00000000000079d2      0x42c obj-m644-alnwlsn-custom/src/ff.o
 .text.mount_drv
                0x0000000000007dfe      0x3b0 obj-m644-alnwlsn-custom/src/ff.o
                0x0000000000007dfe                mount_drv
 .text.add_direntry
                0x00000000000081ae      0x3de obj-m644-alnwlsn-custom/src/ff.o
                0x00000000000081ae                add_direntry
 .text.f_mount  0x000000000000858c       0x12 obj-m644-alnwlsn-custom/src/ff.o
                0x000000000000858c                f_mount
 .text.f_open   0x000000000000859e      0x272 obj-m644-alnwlsn-custom/src/ff.o
                0x000000000000859e                f_open
 .text.l_opencluster
                0x0000000000008810       0x48 obj-m644-alnwlsn-custom/src/ff.o
                0x0000000000008810                l_opencluster
 .text.f_read   0x0000000000008858      0x244 obj-m644-alnwlsn-custom/src/ff.o
                0x0000000000008858                f_read
 .text.f_write  0x0000000000008a9c      0x28e obj-m644-alnwlsn-custom/src/ff.o
                0x0000000000008a9c                f_write
 .text.f_sync   0x0000000000008d2a       0x9e obj-m644-alnwlsn-custom/src/ff.o
                0x0000000000008d2a                f_sync
 .text.f_close  0x0000000000008dc8       0x18 obj-m644-alnwlsn-custom/src/ff.o
                0x0000000000008dc8                f_close
 .text.f_lseek  0x0000000000008de0      0x2e6 obj-m644-alnwlsn-custom/src/ff.o
                0x0000000000008de0                f_lseek
 .text.l_opendir
                0x00000000000090c6       0x66 obj-m644-alnwlsn-custom/src/ff.o
                0x00000000000090c6                l_opendir
 .text.f_readdir
                0x000000000000912c      0x144 obj-m644-alnwlsn-custom/src/ff.o
                0x000000000000912c                f_readdir
 .text.f_stat   0x0000000000009270       0x7e obj-m644-alnwlsn-custom/src/ff.o
                0x0000000000009270                f_stat
 .text.l_getfree
                0x00000000000092ee      0x194 obj-m644-alnwlsn-custom/src/ff.o
                0x00000000000092ee                l_getfree
 .text.f_unlink
                0x0000000000009482      0x1c4 obj-m644-alnwlsn-custom/src/ff.o
                0x0000000000009482                f_unlink
 .text.f_mkdir  0x0000000000009646      0x2a6 obj-m644-alnwlsn-custom/src/ff.o
                0x0000000000009646                f_mkdir
 .text.f_rename
                0x00000000000098ec      0x21c obj-m644-alnwlsn-custom/src/ff.o
                0x00000000000098ec                f_rename
 .text.directbuffer_refill
                0x0000000000009b08       0x34 obj-m644-alnwlsn-custom/src/fileops.o
                0x0000000000009b08                directbuffer_refill
 .text.largebuffer_cleanup
                0x0000000000009b3c       0x24 obj-m644-alnwlsn-custom/src/fileops.o
 .text.createentry
                0x0000000000009b60      0x210 obj-m644-alnwlsn-custom/src/fileops.o
 .text.dir_refill
                0x0000000000009d70      0x152 obj-m644-alnwlsn-custom/src/fileops.o
 .text.rawdir_refill
                0x0000000000009ec2      0x1a2 obj-m644-alnwlsn-custom/src/fileops.o
 .text.pdir_refill
                0x000000000000a064       0xf2 obj-m644-alnwlsn-custom/src/fileops.o
 .text.file_open_previous
                0x000000000000a156       0x6c obj-m644-alnwlsn-custom/src/fileops.o
                0x000000000000a156                file_open_previous
 .text.file_open
                0x000000000000a1c2      0x8c6 obj-m644-alnwlsn-custom/src/fileops.o
                0x000000000000a1c2                file_open
 .text.load_ar6_1581
                0x000000000000aa88       0x84 obj-m644-alnwlsn-custom/src/fl-ar6.o
                0x000000000000aa88                load_ar6_1581
 .text.save_ar6_1581
                0x000000000000ab0c       0x7c obj-m644-alnwlsn-custom/src/fl-ar6.o
                0x000000000000ab0c                save_ar6_1581
 .text.dreamload_send_block
                0x000000000000ab88       0x4a obj-m644-alnwlsn-custom/src/fl-dreamload.o
 .text.load_dreamload
                0x000000000000abd2      0x18c obj-m644-alnwlsn-custom/src/fl-dreamload.o
                0x000000000000abd2                load_dreamload
 .text.load_eload1
                0x000000000000ad5e       0x84 obj-m644-alnwlsn-custom/src/fl-eload.o
                0x000000000000ad5e                load_eload1
 .text.load_epyxcart
                0x000000000000ade2       0xf6 obj-m644-alnwlsn-custom/src/fl-epyxcart.o
                0x000000000000ade2                load_epyxcart
 .text.load_fc3
                0x000000000000aed8       0xdc obj-m644-alnwlsn-custom/src/fl-fc3exos.o
                0x000000000000aed8                load_fc3
 .text.save_fc3
                0x000000000000afb4       0x98 obj-m644-alnwlsn-custom/src/fl-fc3exos.o
                0x000000000000afb4                save_fc3
 .text.load_fc3oldfreeze
                0x000000000000b04c       0x82 obj-m644-alnwlsn-custom/src/fl-fc3exos.o
                0x000000000000b04c                load_fc3oldfreeze
 .text.geos_receive_datablock
                0x000000000000b0ce       0x4c obj-m644-alnwlsn-custom/src/fl-geos.o
 .text.geos_read_sector
                0x000000000000b11a       0x32 obj-m644-alnwlsn-custom/src/fl-geos.o
 .text.wheels_receive_datablock
                0x000000000000b14c       0x5a obj-m644-alnwlsn-custom/src/fl-geos.o
 .text.geos_transmit_byte_wait
                0x000000000000b1a6       0x28 obj-m644-alnwlsn-custom/src/fl-geos.o
 .text.geos_transmit_status
                0x000000000000b1ce       0x26 obj-m644-alnwlsn-custom/src/fl-geos.o
 .text.geos_transmit_buffer_s3
                0x000000000000b1f4       0x56 obj-m644-alnwlsn-custom/src/fl-geos.o
 .text.wheels_transmit_datablock
                0x000000000000b24a       0x76 obj-m644-alnwlsn-custom/src/fl-geos.o
 .text.wheels_transmit_byte_wait
                0x000000000000b2c0       0x4c obj-m644-alnwlsn-custom/src/fl-geos.o
 .text.wheels_transmit_status
                0x000000000000b30c       0x20 obj-m644-alnwlsn-custom/src/fl-geos.o
 .text.wheels_read_sector
                0x000000000000b32c       0x4c obj-m644-alnwlsn-custom/src/fl-geos.o
 .text.geos_receive_lenblock
                0x000000000000b378       0x56 obj-m644-alnwlsn-custom/src/fl-geos.o
 .text.load_geos
                0x000000000000b3ce      0x248 obj-m644-alnwlsn-custom/src/fl-geos.o
                0x000000000000b3ce                load_geos
 .text.load_geos_s1
                0x000000000000b616       0xfc obj-m644-alnwlsn-custom/src/fl-geos.o
                0x000000000000b616                load_geos_s1
 .text.load_wheels_s1
                0x000000000000b712       0x88 obj-m644-alnwlsn-custom/src/fl-geos.o
                0x000000000000b712                load_wheels_s1
 .text.load_wheels_s2
                0x000000000000b79a      0x1c0 obj-m644-alnwlsn-custom/src/fl-geos.o
                0x000000000000b79a                load_wheels_s2
 .text.gijoe_send_byte
                0x000000000000b95a       0x2c obj-m644-alnwlsn-custom/src/fl-gijoe.o
 .text.load_gijoe
                0x000000000000b986      0x134 obj-m644-alnwlsn-custom/src/fl-gijoe.o
                0x000000000000b986                load_gijoe
 .text.mmzak_send_byte
                0x000000000000baba       0x50 obj-m644-alnwlsn-custom/src/fl-mmzak.o
 .text.mmzak_send_error
                0x000000000000bb0a       0x16 obj-m644-alnwlsn-custom/src/fl-mmzak.o
 .text.mmzak_read_byte
                0x000000000000bb20       0x50 obj-m644-alnwlsn-custom/src/fl-mmzak.o
 .text.load_mmzak
                0x000000000000bb70      0x1ac obj-m644-alnwlsn-custom/src/fl-mmzak.o
                0x000000000000bb70                load_mmzak
 .text.load_n0sdos_fileread
                0x000000000000bd1c      0x120 obj-m644-alnwlsn-custom/src/fl-n0sdos.o
                0x000000000000bd1c                load_n0sdos_fileread
 .text.nippon_atn_clock_handshake
                0x000000000000be3c       0x1a obj-m644-alnwlsn-custom/src/fl-nippon.o
 .text.nippon_read_byte
                0x000000000000be56       0x4e obj-m644-alnwlsn-custom/src/fl-nippon.o
 .text.load_nippon
                0x000000000000bea4      0x12e obj-m644-alnwlsn-custom/src/fl-nippon.o
                0x000000000000bea4                load_nippon
 .text.transmit_byte
                0x000000000000bfd2       0x64 obj-m644-alnwlsn-custom/src/fl-samsjourney.o
 .text.getbyte  0x000000000000c036       0x5c obj-m644-alnwlsn-custom/src/fl-samsjourney.o
 .text.transmit_block
                0x000000000000c092       0x58 obj-m644-alnwlsn-custom/src/fl-samsjourney.o
 .text.send_error
                0x000000000000c0ea        0xe obj-m644-alnwlsn-custom/src/fl-samsjourney.o
 .text.read_file_by_name
                0x000000000000c0f8       0x7a obj-m644-alnwlsn-custom/src/fl-samsjourney.o
 .text.write_file_by_name
                0x000000000000c172       0xca obj-m644-alnwlsn-custom/src/fl-samsjourney.o
 .text.load_samsjourney
                0x000000000000c23c      0x22c obj-m644-alnwlsn-custom/src/fl-samsjourney.o
                0x000000000000c23c                load_samsjourney
 .text.load_turbodisk
                0x000000000000c468      0x110 obj-m644-alnwlsn-custom/src/fl-turbodisk.o
                0x000000000000c468                load_turbodisk
 .text.uload3_transferchain
                0x000000000000c578      0x130 obj-m644-alnwlsn-custom/src/fl-ulm3.o
 .text.load_uload3
                0x000000000000c6a8       0xae obj-m644-alnwlsn-custom/src/fl-ulm3.o
                0x000000000000c6a8                load_uload3
 .text.iec_debounced
                0x000000000000c756       0x16 obj-m644-alnwlsn-custom/src/iec.o
 .text.iec_check_atn
                0x000000000000c76c       0x28 obj-m644-alnwlsn-custom/src/iec.o
                0x000000000000c76c                iec_check_atn
 .text.iec_getc
                0x000000000000c794      0x116 obj-m644-alnwlsn-custom/src/iec.o
 .text.iec_putc
                0x000000000000c8aa      0x13e obj-m644-alnwlsn-custom/src/iec.o
 .text.iec_init
                0x000000000000c9e8       0x46 obj-m644-alnwlsn-custom/src/iec.o
                0x000000000000c9e8                iec_init
                0x000000000000c9e8                bus_init
 .text.iec_mainloop
                0x000000000000ca2e      0x57a obj-m644-alnwlsn-custom/src/iec.o
                0x000000000000ca2e                bus_mainloop
                0x000000000000ca2e                iec_mainloop
 .text.update_leds
                0x000000000000cfa8       0x20 obj-m644-alnwlsn-custom/src/led.o
                0x000000000000cfa8                update_leds
 .text.startup.main
                0x000000000000cfc8       0x88 obj-m644-alnwlsn-custom/src/main.o
                0x000000000000cfc8                main
 .text.tolower_pet
                0x000000000000d050       0x18 obj-m644-alnwlsn-custom/src/parser.o
 .text.update_current_dir
                0x000000000000d068       0x22 obj-m644-alnwlsn-custom/src/parser.o
                0x000000000000d068                update_current_dir
 .text.check_invalid_name
                0x000000000000d08a       0x24 obj-m644-alnwlsn-custom/src/parser.o
                0x000000000000d08a                check_invalid_name
 .text.parse_partition
                0x000000000000d0ae       0x48 obj-m644-alnwlsn-custom/src/parser.o
                0x000000000000d0ae                parse_partition
 .text.match_name
                0x000000000000d0f6       0xde obj-m644-alnwlsn-custom/src/parser.o
                0x000000000000d0f6                match_name
 .text.next_match
                0x000000000000d1d4       0xba obj-m644-alnwlsn-custom/src/parser.o
                0x000000000000d1d4                next_match
 .text.first_match
                0x000000000000d28e       0x6c obj-m644-alnwlsn-custom/src/parser.o
                0x000000000000d28e                first_match
 .text.parse_path
                0x000000000000d2fa      0x1cc obj-m644-alnwlsn-custom/src/parser.o
                0x000000000000d2fa                parse_path
 .text.parse_number
                0x000000000000d4c6       0x50 obj-m644-alnwlsn-custom/src/parser.o
                0x000000000000d4c6                parse_number
 .text.parse_date
                0x000000000000d516      0x18c obj-m644-alnwlsn-custom/src/parser.o
                0x000000000000d516                parse_date
 .text._crc_xmodem_update
                0x000000000000d6a2       0x34 obj-m644-alnwlsn-custom/src/sdcard.o
 .text.getticks
                0x000000000000d6d6       0x10 obj-m644-alnwlsn-custom/src/sdcard.o
 .text.swap_word
                0x000000000000d6e6       0x16 obj-m644-alnwlsn-custom/src/sdcard.o
 .text.getbits  0x000000000000d6fc      0x10e obj-m644-alnwlsn-custom/src/sdcard.o
 .text.spi_select_device
                0x000000000000d80a        0xc obj-m644-alnwlsn-custom/src/sdcard.o
 .text.deselect_card
                0x000000000000d816       0x14 obj-m644-alnwlsn-custom/src/sdcard.o
 .text.send_command
                0x000000000000d82a       0xa4 obj-m644-alnwlsn-custom/src/sdcard.o
 .text.__vector_1
                0x000000000000d8ce       0x28 obj-m644-alnwlsn-custom/src/sdcard.o
                0x000000000000d8ce                __vector_1
 .text.sd_init  0x000000000000d8f6       0x16 obj-m644-alnwlsn-custom/src/sdcard.o
                0x000000000000d8f6                disk_init
                0x000000000000d8f6                sd_init
 .text.sd_status
                0x000000000000d90c       0x18 obj-m644-alnwlsn-custom/src/sdcard.o
                0x000000000000d90c                disk_status
                0x000000000000d90c                sd_status
 .text.sd_initialize
                0x000000000000d924      0x200 obj-m644-alnwlsn-custom/src/sdcard.o
                0x000000000000d924                disk_initialize
                0x000000000000d924                sd_initialize
 .text.sd_read  0x000000000000db24      0x14a obj-m644-alnwlsn-custom/src/sdcard.o
                0x000000000000db24                sd_read
                0x000000000000db24                disk_read
 .text.sd_write
                0x000000000000dc6e      0x12c obj-m644-alnwlsn-custom/src/sdcard.o
                0x000000000000dc6e                sd_write
                0x000000000000dc6e                disk_write
 .text.sd_getinfo
                0x000000000000dd9a      0x108 obj-m644-alnwlsn-custom/src/sdcard.o
                0x000000000000dd9a                disk_getinfo
                0x000000000000dd9a                sd_getinfo
 .text.__vector_13
                0x000000000000dea2      0x136 obj-m644-alnwlsn-custom/src/timer.o
                0x000000000000dea2                __vector_13
 .text.appendnumber
                0x000000000000dfd8       0x2a obj-m644-alnwlsn-custom/src/utils.o
                0x000000000000dfd8                appendnumber
 .text.ustr1tok
                0x000000000000e002       0x40 obj-m644-alnwlsn-custom/src/utils.o
                0x000000000000e002                ustr1tok
 .text.asc2pet  0x000000000000e042       0x34 obj-m644-alnwlsn-custom/src/utils.o
                0x000000000000e042                asc2pet
 .text.libgcc.mul
                0x000000000000e076       0x20 /usr/lib/gcc/avr/5.4.0/avr5/libgcc.a(_mulsi3.o)
                0x000000000000e076                __mulsi3
 .text.libgcc.div
                0x000000000000e096       0x18 /usr/lib/gcc/avr/5.4.0/avr5/libgcc.a(_udivmodqi4.o)
                0x000000000000e096                __udivmodqi4
 .text.libgcc.div
                0x000000000000e0ae       0x28 /usr/lib/gcc/avr/5.4.0/avr5/libgcc.a(_udivmodhi4.o)
                0x000000000000e0ae                __udivmodhi4
 .text.libgcc.div
                0x000000000000e0d6       0x28 /usr/lib/gcc/avr/5.4.0/avr5/libgcc.a(_divmodhi4.o)
                0x000000000000e0d6                __divmodhi4
                0x000000000000e0d6                _div
 .text.libgcc.div
                0x000000000000e0fe       0x44 /usr/lib/gcc/avr/5.4.0/avr5/libgcc.a(_udivmodsi4.o)
                0x000000000000e0fe                __udivmodsi4
 .text.libgcc   0x000000000000e142        0xc /usr/lib/gcc/avr/5.4.0/avr5/libgcc.a(_tablejump2.o)
                0x000000000000e142                __tablejump2__
 .text.libgcc.mul
                0x000000000000e14e       0x1e /usr/lib/gcc/avr/5.4.0/avr5/libgcc.a(_umulhisi3.o)
                0x000000000000e14e                __umulhisi3
 .text.libgcc.mul
                0x000000000000e16c       0x16 /usr/lib/gcc/avr/5.4.0/avr5/libgcc.a(_muluhisi3.o)
                0x000000000000e16c                __muluhisi3
 .text.libgcc.prologue
                0x000000000000e182       0x38 /usr/lib/gcc/avr/5.4.0/avr5/libgcc.a(_prologue.o)
                0x000000000000e182                __prologue_saves__
 .text.libgcc.prologue
                0x000000000000e1ba       0x36 /usr/lib/gcc/avr/5.4.0/avr5/libgcc.a(_epilogue.o)
                0x000000000000e1ba                __epilogue_restores__
 .text.avr-libc
                0x000000000000e1f0       0x14 /usr/lib/gcc/avr/5.4.0/../../../avr/lib/avr5/libc.a(isalnum.o)
                0x000000000000e1f0                isalnum
 .text.avr-libc
                0x000000000000e204        0x6 /usr/lib/gcc/avr/5.4.0/../../../avr/lib/avr5/libc.a(cty_isfalse.o)
                0x000000000000e204                __ctype_isfalse
                0x000000000000e208                __ctype_istrue
 .text.avr-libc
                0x000000000000e20a       0x16 /usr/lib/gcc/avr/5.4.0/../../../avr/lib/avr5/libc.a(isalpha.o)
                0x000000000000e20a                isupper
                0x000000000000e210                isalpha
                0x000000000000e212                islower
 .text.avr-libc
                0x000000000000e220       0x10 /usr/lib/gcc/avr/5.4.0/../../../avr/lib/avr5/libc.a(toupper.o)
                0x000000000000e220                toupper
 .text.avr-libc
                0x000000000000e230       0x1a /usr/lib/gcc/avr/5.4.0/../../../avr/lib/avr5/libc.a(memcmp_P.o)
                0x000000000000e230                memcmp_P
 .text.avr-libc
                0x000000000000e24a       0x12 /usr/lib/gcc/avr/5.4.0/../../../avr/lib/avr5/libc.a(memcpy_P.o)
                0x000000000000e24a                memcpy_P
 .text.avr-libc
                0x000000000000e25c        0xe /usr/lib/gcc/avr/5.4.0/../../../avr/lib/avr5/libc.a(strcpy_P.o)
                0x000000000000e25c                strcpy_P
 .text.avr-libc
                0x000000000000e26a       0x1a /usr/lib/gcc/avr/5.4.0/../../../avr/lib/avr5/libc.a(memcmp.o)
                0x000000000000e26a                memcmp
 .text.avr-libc
                0x000000000000e284       0x12 /usr/lib/gcc/avr/5.4.0/../../../avr/lib/avr5/libc.a(memcpy.o)
                0x000000000000e284                memcpy
 .text.avr-libc
                0x000000000000e296        0xe /usr/lib/gcc/avr/5.4.0/../../../avr/lib/avr5/libc.a(memset.o)
                0x000000000000e296                memset
 .text.avr-libc
                0x000000000000e2a4       0x16 /usr/lib/gcc/avr/5.4.0/../../../avr/lib/avr5/libc.a(strchr.o)
                0x000000000000e2a4                strchr
 .text.avr-libc
                0x000000000000e2ba        0xe /usr/lib/gcc/avr/5.4.0/../../../avr/lib/avr5/libc.a(strcpy.o)
                0x000000000000e2ba                strcpy
 .text.avr-libc
                0x000000000000e2c8       0x1e /usr/lib/gcc/avr/5.4.0/../../../avr/lib/avr5/libc.a(strncpy.o)
                0x000000000000e2c8                strncpy
 .text.avr-libc
                0x000000000000e2e6       0x16 /usr/lib/gcc/avr/5.4.0/../../../avr/lib/avr5/libc.a(strrchr.o)
                0x000000000000e2e6                strrchr
 .text.avr-libc
                0x000000000000e2fc       0x20 /usr/lib/gcc/avr/5.4.0/../../../avr/lib/avr5/libatmega644.a(eerd_block.o)
                0x000000000000e2fc                eeprom_read_block
                0x000000000000e300                eeprom_read_blraw
 .text.avr-libc
                0x000000000000e31c       0x10 /usr/lib/gcc/avr/5.4.0/../../../avr/lib/avr5/libatmega644.a(eerd_byte.o)
                0x000000000000e31c                eeprom_read_byte
 .text.avr-libc
                0x000000000000e32c        0xc /usr/lib/gcc/avr/5.4.0/../../../avr/lib/avr5/libatmega644.a(eerd_word.o)
                0x000000000000e32c                eeprom_read_word
 .text.avr-libc
                0x000000000000e338       0x14 /usr/lib/gcc/avr/5.4.0/../../../avr/lib/avr5/libatmega644.a(eewr_block.o)
                0x000000000000e338                eeprom_write_block
 .text.avr-libc
                0x000000000000e34c       0x1c /usr/lib/gcc/avr/5.4.0/../../../avr/lib/avr5/libatmega644.a(eewr_byte.o)
                0x000000000000e34c                eeprom_write_byte
                0x000000000000e34e                eeprom_write_r18
 .text.avr-libc
                0x000000000000e368        0xa /usr/lib/gcc/avr/5.4.0/../../../avr/lib/avr5/libatmega644.a(eewr_word.o)
                0x000000000000e368                eeprom_write_word
                0x000000000000e372                . = ALIGN (0x2)
 *(.fini9)
 .fini9         0x000000000000e372        0x0 /usr/lib/gcc/avr/5.4.0/avr5/libgcc.a(_exit.o)
                0x000000000000e372                exit
                0x000000000000e372                _exit
 *(.fini9)
 *(.fini8)
 *(.fini8)
 *(.fini7)
 *(.fini7)
 *(.fini6)
 *(.fini6)
 *(.fini5)
 *(.fini5)
 *(.fini4)
 *(.fini4)
 *(.fini3)
 *(.fini3)
 *(.fini2)
 *(.fini2)
 *(.fini1)
 *(.fini1)
 *(.fini0)
 .fini0         0x000000000000e372        0x4 /usr/lib/gcc/avr/5.4.0/avr5/libgcc.a(_exit.o)
 *(.fini0)
                0x000000000000e376                _etext = .

.data           0x0000000000800100       0x10 load address 0x000000000000e376
                0x0000000000800100                PROVIDE (__data_start, .)
 *(.data)
 *(.data*)
 .data.datacrc  0x0000000000800100        0x2 obj-m644-alnwlsn-custom/src/doscmd.o
                0x0000000000800100                datacrc
 *(.gnu.linkonce.d*)
 *(.rodata)
 *(.rodata*)
 .rodata.str1.1
                0x0000000000800102        0xd obj-m644-alnwlsn-custom/src/fatops.o
 *(.gnu.linkonce.r*)
                0x0000000000800110                . = ALIGN (0x2)
 *fill*         0x000000000080010f        0x1 
                0x0000000000800110                _edata = .
                0x0000000000800110                PROVIDE (__data_end, .)

.bss            0x0000000000800110      0xcbd
                0x0000000000800110                PROVIDE (__bss_start, .)
 *(.bss)
 *(.bss*)
 .bss.bufferdata
                0x0000000000800110      0x600 obj-m644-alnwlsn-custom/src/buffers.o
 .bss.bam_refcount
                0x0000000000800710        0x1 obj-m644-alnwlsn-custom/src/d64ops.o
 .bss.bam_buffer2
                0x0000000000800711        0x2 obj-m644-alnwlsn-custom/src/d64ops.o
 .bss.bam_buffer
                0x0000000000800713        0x2 obj-m644-alnwlsn-custom/src/d64ops.o
 .bss.linenum   0x0000000000800715        0x1 obj-m644-alnwlsn-custom/src/diskchange.o
 .bss.swappath  0x0000000000800716        0x7 obj-m644-alnwlsn-custom/src/diskchange.o
 .bss.swaplist  0x000000000080071d       0x1e obj-m644-alnwlsn-custom/src/diskchange.o
 .bss.capture_buffer
                0x000000000080073b        0x2 obj-m644-alnwlsn-custom/src/doscmd.o
 .bss.capture_offset
                0x000000000080073d        0x1 obj-m644-alnwlsn-custom/src/doscmd.o
 .bss.capture_remain
                0x000000000080073e        0x2 obj-m644-alnwlsn-custom/src/doscmd.o
 .bss.capture_address
                0x0000000000800740        0x2 obj-m644-alnwlsn-custom/src/doscmd.o
 .bss.previous_loader
                0x0000000000800742        0x1 obj-m644-alnwlsn-custom/src/doscmd.o
 .bss.romfile   0x0000000000800743       0x1e obj-m644-alnwlsn-custom/src/doscmd.o
 .bss.static_buf
                0x0000000000800761      0x207 obj-m644-alnwlsn-custom/src/ff.o
 .bss.previous_file_path
                0x0000000000800968        0x7 obj-m644-alnwlsn-custom/src/fileops.o
 .bss.cardtype  0x000000000080096f        0x1 obj-m644-alnwlsn-custom/src/sdcard.o
 *(COMMON)
 COMMON         0x0000000000800970      0x183 obj-m644-alnwlsn-custom/src/buffers.o
                0x0000000000800970                matchdh
                0x0000000000800981                buffers
                0x0000000000800ad1                ops_scratch
                0x0000000000800af2                active_buffers
 COMMON         0x0000000000800af3       0x2a obj-m644-alnwlsn-custom/src/d64ops.o
                0x0000000000800af3                errorcache
 COMMON         0x0000000000800b1d        0x1 obj-m644-alnwlsn-custom/src/diskio.o
                0x0000000000800b1d                disk_state
 COMMON         0x0000000000800b1e       0x88 obj-m644-alnwlsn-custom/src/doscmd.o
                0x0000000000800b1e                command_length
                0x0000000000800b1f                original_length
                0x0000000000800b20                date_match_end
                0x0000000000800b26                command_buffer
                0x0000000000800ba0                date_match_start
 COMMON         0x0000000000800ba6       0x11 obj-m644-alnwlsn-custom/src/eeprom-conf.o
                0x0000000000800ba6                rom_filename
 COMMON         0x0000000000800bb7       0x65 obj-m644-alnwlsn-custom/src/errormsg.o
                0x0000000000800bb7                error_buffer
                0x0000000000800c1b                current_error
 COMMON         0x0000000000800c1c        0x7 obj-m644-alnwlsn-custom/src/fastloader.o
                0x0000000000800c1c                detected_loader
                0x0000000000800c1d                fast_send_byte
                0x0000000000800c1f                fl_sector
                0x0000000000800c20                fast_get_byte
                0x0000000000800c22                fl_track
 COMMON         0x0000000000800c23        0x1 obj-m644-alnwlsn-custom/src/fatops.o
                0x0000000000800c23                file_extension_mode
 COMMON         0x0000000000800c24       0x2e obj-m644-alnwlsn-custom/src/fileops.o
                0x0000000000800c24                previous_file_dirent
                0x0000000000800c51                image_as_dir
 COMMON         0x0000000000800c52        0x5 obj-m644-alnwlsn-custom/src/iec.o
                0x0000000000800c52                iec_data
                0x0000000000800c56                device_address
 COMMON         0x0000000000800c57        0x1 obj-m644-alnwlsn-custom/src/led.o
                0x0000000000800c57                led_state
 COMMON         0x0000000000800c58      0x16f obj-m644-alnwlsn-custom/src/parser.o
                0x0000000000800c58                current_part
                0x0000000000800c59                max_part
                0x0000000000800c5a                partition
                0x0000000000800dc6                dir_changed
 COMMON         0x0000000000800dc7        0x6 obj-m644-alnwlsn-custom/src/timer.o
                0x0000000000800dc7                lastbuttonchange
                0x0000000000800dc9                active_keys
                0x0000000000800dca                buttonstate
                0x0000000000800dcb                ticks
                0x0000000000800dcd                PROVIDE (__bss_end, .)
                0x000000000000e376                __data_load_start = LOADADDR (.data)
                0x000000000000e386                __data_load_end = (__data_load_start + SIZEOF (.data))

.noinit         0x0000000000800dcd        0x0
                [!provide]                        PROVIDE (__noinit_start, .)
 *(.noinit*)
                [!provide]                        PROVIDE (__noinit_end, .)
                0x0000000000800dcd                _end = .
                [!provide]                        PROVIDE (__heap_start, .)

.eeprom         0x0000000000810000       0x1e
 *(.eeprom*)
 .eeprom        0x0000000000810000       0x1e obj-m644-alnwlsn-custom/src/eeprom-conf.o
                0x000000000081001e                __eeprom_end = .

.fuse
 *(.fuse)
 *(.lfuse)
 *(.hfuse)
 *(.efuse)

.lock
 *(.lock*)

.signature
 *(.signature*)

.user_signatures
 *(.user_signatures*)

.stab           0x0000000000000000     0x2340
 *(.stab)
 .stab          0x0000000000000000       0xcc obj-m644-alnwlsn-custom/src/avr/crc7asm.o
 .stab          0x00000000000000cc     0x2274 obj-m644-alnwlsn-custom/src/avr/fastloader-ll.o
                                       0x2280 (size before relaxing)

.stabstr        0x0000000000000000       0x4b
 *(.stabstr)
 .stabstr       0x0000000000000000       0x4b obj-m644-alnwlsn-custom/src/avr/crc7asm.o

.stab.excl
 *(.stab.excl)

.stab.exclstr
 *(.stab.exclstr)

.stab.index
 *(.stab.index)

.stab.indexstr
 *(.stab.indexstr)

.comment        0x0000000000000000       0x11
 *(.comment)
 .comment       0x0000000000000000       0x11 obj-m644-alnwlsn-custom/src/avr/arch-timer.o
                                         0x12 (size before relaxing)
 .comment       0x0000000000000011       0x12 obj-m644-alnwlsn-custom/src/avr/spi.o
 .comment       0x0000000000000011       0x12 obj-m644-alnwlsn-custom/src/avr/system.o
 .comment       0x0000000000000011       0x12 obj-m644-alnwlsn-custom/src/buffers.o
 .comment       0x0000000000000011       0x12 obj-m644-alnwlsn-custom/src/d64ops.o
 .comment       0x0000000000000011       0x12 obj-m644-alnwlsn-custom/src/diskchange.o
 .comment       0x0000000000000011       0x12 obj-m644-alnwlsn-custom/src/diskio.o
 .comment       0x0000000000000011       0x12 obj-m644-alnwlsn-custom/src/doscmd.o
 .comment       0x0000000000000011       0x12 obj-m644-alnwlsn-custom/src/eeprom-conf.o
 .comment       0x0000000000000011       0x12 obj-m644-alnwlsn-custom/src/errormsg.o
 .comment       0x0000000000000011       0x12 obj-m644-alnwlsn-custom/src/fastloader.o
 .comment       0x0000000000000011       0x12 obj-m644-alnwlsn-custom/src/fatops.o
 .comment       0x0000000000000011       0x12 obj-m644-alnwlsn-custom/src/ff.o
 .comment       0x0000000000000011       0x12 obj-m644-alnwlsn-custom/src/fileops.o
 .comment       0x0000000000000011       0x12 obj-m644-alnwlsn-custom/src/fl-ar6.o
 .comment       0x0000000000000011       0x12 obj-m644-alnwlsn-custom/src/fl-dreamload.o
 .comment       0x0000000000000011       0x12 obj-m644-alnwlsn-custom/src/fl-eload.o
 .comment       0x0000000000000011       0x12 obj-m644-alnwlsn-custom/src/fl-epyxcart.o
 .comment       0x0000000000000011       0x12 obj-m644-alnwlsn-custom/src/fl-fc3exos.o
 .comment       0x0000000000000011       0x12 obj-m644-alnwlsn-custom/src/fl-geos.o
 .comment       0x0000000000000011       0x12 obj-m644-alnwlsn-custom/src/fl-gijoe.o
 .comment       0x0000000000000011       0x12 obj-m644-alnwlsn-custom/src/fl-mmzak.o
 .comment       0x0000000000000011       0x12 obj-m644-alnwlsn-custom/src/fl-n0sdos.o
 .comment       0x0000000000000011       0x12 obj-m644-alnwlsn-custom/src/fl-nippon.o
 .comment       0x0000000000000011       0x12 obj-m644-alnwlsn-custom/src/fl-samsjourney.o
 .comment       0x0000000000000011       0x12 obj-m644-alnwlsn-custom/src/fl-turbodisk.o
 .comment       0x0000000000000011       0x12 obj-m644-alnwlsn-custom/src/fl-ulm3.o
 .comment       0x0000000000000011       0x12 obj-m644-alnwlsn-custom/src/iec.o
 .comment       0x0000000000000011       0x12 obj-m644-alnwlsn-custom/src/led.o
 .comment       0x0000000000000011       0x12 obj-m644-alnwlsn-custom/src/main.o
 .comment       0x0000000000000011       0x12 obj-m644-alnwlsn-custom/src/parser.o
 .comment       0x0000000000000011       0x12 obj-m644-alnwlsn-custom/src/sdcard.o
 .comment       0x0000000000000011       0x12 obj-m644-alnwlsn-custom/src/timer.o
 .comment       0x0000000000000011       0x12 obj-m644-alnwlsn-custom/src/utils.o

.note.gnu.avr.deviceinfo
                0x0000000000000000       0x3c
 .note.gnu.avr.deviceinfo
                0x0000000000000000       0x3c /usr/lib/gcc/avr/5.4.0/../../../avr/lib/avr5/crtatmega644.o

.note.gnu.build-id
 *(.note.gnu.build-id)

.debug
 *(.debug)

.line
 *(.line)

.debug_srcinfo
 *(.debug_srcinfo)

.debug_sfnames
 *(.debug_sfnames)

.debug_aranges  0x0000000000000000      0xb20
 *(.debug_aranges)
 .debug_aranges
                0x0000000000000000       0x20 obj-m644-alnwlsn-custom/src/avr/arch-timer.o
 .debug_aranges
                0x0000000000000020       0x40 obj-m644-alnwlsn-custom/src/avr/spi.o
 .debug_aranges
                0x0000000000000060       0x50 obj-m644-alnwlsn-custom/src/avr/system.o
 .debug_aranges
                0x00000000000000b0       0x78 obj-m644-alnwlsn-custom/src/buffers.o
 .debug_aranges
                0x0000000000000128      0x190 obj-m644-alnwlsn-custom/src/d64ops.o
 .debug_aranges
                0x00000000000002b8       0x48 obj-m644-alnwlsn-custom/src/diskchange.o
 .debug_aranges
                0x0000000000000300       0x18 obj-m644-alnwlsn-custom/src/diskio.o
 .debug_aranges
                0x0000000000000318       0x48 obj-m644-alnwlsn-custom/src/doscmd.o
 .debug_aranges
                0x0000000000000360       0x30 obj-m644-alnwlsn-custom/src/eeprom-conf.o
 .debug_aranges
                0x0000000000000390       0x38 obj-m644-alnwlsn-custom/src/errormsg.o
 .debug_aranges
                0x00000000000003c8       0x28 obj-m644-alnwlsn-custom/src/fastloader.o
 .debug_aranges
                0x00000000000003f0      0x138 obj-m644-alnwlsn-custom/src/fatops.o
 .debug_aranges
                0x0000000000000528      0x130 obj-m644-alnwlsn-custom/src/ff.o
 .debug_aranges
                0x0000000000000658       0x58 obj-m644-alnwlsn-custom/src/fileops.o
 .debug_aranges
                0x00000000000006b0       0x28 obj-m644-alnwlsn-custom/src/fl-ar6.o
 .debug_aranges
                0x00000000000006d8       0x28 obj-m644-alnwlsn-custom/src/fl-dreamload.o
 .debug_aranges
                0x0000000000000700       0x20 obj-m644-alnwlsn-custom/src/fl-eload.o
 .debug_aranges
                0x0000000000000720       0x20 obj-m644-alnwlsn-custom/src/fl-epyxcart.o
 .debug_aranges
                0x0000000000000740       0x30 obj-m644-alnwlsn-custom/src/fl-fc3exos.o
 .debug_aranges
                0x0000000000000770       0x90 obj-m644-alnwlsn-custom/src/fl-geos.o
 .debug_aranges
                0x0000000000000800       0x28 obj-m644-alnwlsn-custom/src/fl-gijoe.o
 .debug_aranges
                0x0000000000000828       0x38 obj-m644-alnwlsn-custom/src/fl-mmzak.o
 .debug_aranges
                0x0000000000000860       0x20 obj-m644-alnwlsn-custom/src/fl-n0sdos.o
 .debug_aranges
                0x0000000000000880       0x30 obj-m644-alnwlsn-custom/src/fl-nippon.o
 .debug_aranges
                0x00000000000008b0       0x50 obj-m644-alnwlsn-custom/src/fl-samsjourney.o
 .debug_aranges
                0x0000000000000900       0x20 obj-m644-alnwlsn-custom/src/fl-turbodisk.o
 .debug_aranges
                0x0000000000000920       0x28 obj-m644-alnwlsn-custom/src/fl-ulm3.o
 .debug_aranges
                0x0000000000000948       0x48 obj-m644-alnwlsn-custom/src/iec.o
 .debug_aranges
                0x0000000000000990       0x20 obj-m644-alnwlsn-custom/src/led.o
 .debug_aranges
                0x00000000000009b0       0x20 obj-m644-alnwlsn-custom/src/main.o
 .debug_aranges
                0x00000000000009d0       0x68 obj-m644-alnwlsn-custom/src/parser.o
 .debug_aranges
                0x0000000000000a38       0x88 obj-m644-alnwlsn-custom/src/sdcard.o
 .debug_aranges
                0x0000000000000ac0       0x20 obj-m644-alnwlsn-custom/src/timer.o
 .debug_aranges
                0x0000000000000ae0       0x40 obj-m644-alnwlsn-custom/src/utils.o

.debug_pubnames
 *(.debug_pubnames)

.debug_info     0x0000000000000000    0x270a9
 *(.debug_info .gnu.linkonce.wi.*)
 .debug_info    0x0000000000000000      0x672 /usr/lib/gcc/avr/5.4.0/../../../avr/lib/avr5/crtatmega644.o
 .debug_info    0x0000000000000672       0xab obj-m644-alnwlsn-custom/src/avr/arch-timer.o
 .debug_info    0x000000000000071d      0x272 obj-m644-alnwlsn-custom/src/avr/spi.o
 .debug_info    0x000000000000098f      0x17e obj-m644-alnwlsn-custom/src/avr/system.o
 .debug_info    0x0000000000000b0d      0xc4a obj-m644-alnwlsn-custom/src/buffers.o
 .debug_info    0x0000000000001757     0x41c3 obj-m644-alnwlsn-custom/src/d64ops.o
 .debug_info    0x000000000000591a     0x1847 obj-m644-alnwlsn-custom/src/diskchange.o
 .debug_info    0x0000000000007161       0x96 obj-m644-alnwlsn-custom/src/diskio.o
 .debug_info    0x00000000000071f7     0x39e6 obj-m644-alnwlsn-custom/src/doscmd.o
 .debug_info    0x000000000000abdd      0x56e obj-m644-alnwlsn-custom/src/eeprom-conf.o
 .debug_info    0x000000000000b14b      0xd23 obj-m644-alnwlsn-custom/src/errormsg.o
 .debug_info    0x000000000000be6e      0x3b4 obj-m644-alnwlsn-custom/src/fastloader.o
 .debug_info    0x000000000000c222     0x3078 obj-m644-alnwlsn-custom/src/fatops.o
 .debug_info    0x000000000000f29a     0x325e obj-m644-alnwlsn-custom/src/ff.o
 .debug_info    0x00000000000124f8     0x1eda obj-m644-alnwlsn-custom/src/fileops.o
 .debug_info    0x00000000000143d2      0xb28 obj-m644-alnwlsn-custom/src/fl-ar6.o
 .debug_info    0x0000000000014efa     0x12bf obj-m644-alnwlsn-custom/src/fl-dreamload.o
 .debug_info    0x00000000000161b9      0x8d9 obj-m644-alnwlsn-custom/src/fl-eload.o
 .debug_info    0x0000000000016a92      0xaf5 obj-m644-alnwlsn-custom/src/fl-epyxcart.o
 .debug_info    0x0000000000017587      0xdbb obj-m644-alnwlsn-custom/src/fl-fc3exos.o
 .debug_info    0x0000000000018342     0x28fe obj-m644-alnwlsn-custom/src/fl-geos.o
 .debug_info    0x000000000001ac40      0xd2e obj-m644-alnwlsn-custom/src/fl-gijoe.o
 .debug_info    0x000000000001b96e     0x1719 obj-m644-alnwlsn-custom/src/fl-mmzak.o
 .debug_info    0x000000000001d087      0xce9 obj-m644-alnwlsn-custom/src/fl-n0sdos.o
 .debug_info    0x000000000001dd70     0x1344 obj-m644-alnwlsn-custom/src/fl-nippon.o
 .debug_info    0x000000000001f0b4     0x19b1 obj-m644-alnwlsn-custom/src/fl-samsjourney.o
 .debug_info    0x0000000000020a65      0xb1f obj-m644-alnwlsn-custom/src/fl-turbodisk.o
 .debug_info    0x0000000000021584     0x1091 obj-m644-alnwlsn-custom/src/fl-ulm3.o
 .debug_info    0x0000000000022615     0x1c8f obj-m644-alnwlsn-custom/src/iec.o
 .debug_info    0x00000000000242a4      0x11e obj-m644-alnwlsn-custom/src/led.o
 .debug_info    0x00000000000243c2      0x3b7 obj-m644-alnwlsn-custom/src/main.o
 .debug_info    0x0000000000024779     0x14d0 obj-m644-alnwlsn-custom/src/parser.o
 .debug_info    0x0000000000025c49     0x1127 obj-m644-alnwlsn-custom/src/sdcard.o
 .debug_info    0x0000000000026d70      0x192 obj-m644-alnwlsn-custom/src/timer.o
 .debug_info    0x0000000000026f02      0x1a7 obj-m644-alnwlsn-custom/src/utils.o

.debug_abbrev   0x0000000000000000     0x604b
 *(.debug_abbrev)
 .debug_abbrev  0x0000000000000000      0x619 /usr/lib/gcc/avr/5.4.0/../../../avr/lib/avr5/crtatmega644.o
 .debug_abbrev  0x0000000000000619       0x69 obj-m644-alnwlsn-custom/src/avr/arch-timer.o
 .debug_abbrev  0x0000000000000682      0x132 obj-m644-alnwlsn-custom/src/avr/spi.o
 .debug_abbrev  0x00000000000007b4      0x103 obj-m644-alnwlsn-custom/src/avr/system.o
 .debug_abbrev  0x00000000000008b7      0x307 obj-m644-alnwlsn-custom/src/buffers.o
 .debug_abbrev  0x0000000000000bbe      0x4f4 obj-m644-alnwlsn-custom/src/d64ops.o
 .debug_abbrev  0x00000000000010b2      0x384 obj-m644-alnwlsn-custom/src/diskchange.o
 .debug_abbrev  0x0000000000001436       0x58 obj-m644-alnwlsn-custom/src/diskio.o
 .debug_abbrev  0x000000000000148e      0x42b obj-m644-alnwlsn-custom/src/doscmd.o
 .debug_abbrev  0x00000000000018b9      0x16d obj-m644-alnwlsn-custom/src/eeprom-conf.o
 .debug_abbrev  0x0000000000001a26      0x2da obj-m644-alnwlsn-custom/src/errormsg.o
 .debug_abbrev  0x0000000000001d00      0x197 obj-m644-alnwlsn-custom/src/fastloader.o
 .debug_abbrev  0x0000000000001e97      0x50f obj-m644-alnwlsn-custom/src/fatops.o
 .debug_abbrev  0x00000000000023a6      0x400 obj-m644-alnwlsn-custom/src/ff.o
 .debug_abbrev  0x00000000000027a6      0x440 obj-m644-alnwlsn-custom/src/fileops.o
 .debug_abbrev  0x0000000000002be6      0x21a obj-m644-alnwlsn-custom/src/fl-ar6.o
 .debug_abbrev  0x0000000000002e00      0x2e4 obj-m644-alnwlsn-custom/src/fl-dreamload.o
 .debug_abbrev  0x00000000000030e4      0x177 obj-m644-alnwlsn-custom/src/fl-eload.o
 .debug_abbrev  0x000000000000325b      0x229 obj-m644-alnwlsn-custom/src/fl-epyxcart.o
 .debug_abbrev  0x0000000000003484      0x2b8 obj-m644-alnwlsn-custom/src/fl-fc3exos.o
 .debug_abbrev  0x000000000000373c      0x4cd obj-m644-alnwlsn-custom/src/fl-geos.o
 .debug_abbrev  0x0000000000003c09      0x2e3 obj-m644-alnwlsn-custom/src/fl-gijoe.o
 .debug_abbrev  0x0000000000003eec      0x369 obj-m644-alnwlsn-custom/src/fl-mmzak.o
 .debug_abbrev  0x0000000000004255      0x2ea obj-m644-alnwlsn-custom/src/fl-n0sdos.o
 .debug_abbrev  0x000000000000453f      0x367 obj-m644-alnwlsn-custom/src/fl-nippon.o
 .debug_abbrev  0x00000000000048a6      0x428 obj-m644-alnwlsn-custom/src/fl-samsjourney.o
 .debug_abbrev  0x0000000000004cce      0x22d obj-m644-alnwlsn-custom/src/fl-turbodisk.o
 .debug_abbrev  0x0000000000004efb      0x242 obj-m644-alnwlsn-custom/src/fl-ulm3.o
 .debug_abbrev  0x000000000000513d      0x453 obj-m644-alnwlsn-custom/src/iec.o
 .debug_abbrev  0x0000000000005590       0xc1 obj-m644-alnwlsn-custom/src/led.o
 .debug_abbrev  0x0000000000005651      0x173 obj-m644-alnwlsn-custom/src/main.o
 .debug_abbrev  0x00000000000057c4      0x328 obj-m644-alnwlsn-custom/src/parser.o
 .debug_abbrev  0x0000000000005aec      0x3ce obj-m644-alnwlsn-custom/src/sdcard.o
 .debug_abbrev  0x0000000000005eba       0xd8 obj-m644-alnwlsn-custom/src/timer.o
 .debug_abbrev  0x0000000000005f92       0xb9 obj-m644-alnwlsn-custom/src/utils.o

.debug_line     0x0000000000000000     0xc271
 *(.debug_line .debug_line.* .debug_line_end)
 .debug_line    0x0000000000000000       0x1a /usr/lib/gcc/avr/5.4.0/../../../avr/lib/avr5/crtatmega644.o
 .debug_line    0x000000000000001a       0xa6 obj-m644-alnwlsn-custom/src/avr/arch-timer.o
 .debug_line    0x00000000000000c0      0x166 obj-m644-alnwlsn-custom/src/avr/spi.o
 .debug_line    0x0000000000000226      0x12b obj-m644-alnwlsn-custom/src/avr/system.o
 .debug_line    0x0000000000000351      0x427 obj-m644-alnwlsn-custom/src/buffers.o
 .debug_line    0x0000000000000778     0x199c obj-m644-alnwlsn-custom/src/d64ops.o
 .debug_line    0x0000000000002114      0x5c4 obj-m644-alnwlsn-custom/src/diskchange.o
 .debug_line    0x00000000000026d8       0x36 obj-m644-alnwlsn-custom/src/diskio.o
 .debug_line    0x000000000000270e      0xd95 obj-m644-alnwlsn-custom/src/doscmd.o
 .debug_line    0x00000000000034a3      0x231 obj-m644-alnwlsn-custom/src/eeprom-conf.o
 .debug_line    0x00000000000036d4      0x31b obj-m644-alnwlsn-custom/src/errormsg.o
 .debug_line    0x00000000000039ef      0x1ae obj-m644-alnwlsn-custom/src/fastloader.o
 .debug_line    0x0000000000003b9d     0x137e obj-m644-alnwlsn-custom/src/fatops.o
 .debug_line    0x0000000000004f1b     0x1b84 obj-m644-alnwlsn-custom/src/ff.o
 .debug_line    0x0000000000006a9f      0xbaa obj-m644-alnwlsn-custom/src/fileops.o
 .debug_line    0x0000000000007649      0x216 obj-m644-alnwlsn-custom/src/fl-ar6.o
 .debug_line    0x000000000000785f      0x322 obj-m644-alnwlsn-custom/src/fl-dreamload.o
 .debug_line    0x0000000000007b81      0x12b obj-m644-alnwlsn-custom/src/fl-eload.o
 .debug_line    0x0000000000007cac      0x261 obj-m644-alnwlsn-custom/src/fl-epyxcart.o
 .debug_line    0x0000000000007f0d      0x358 obj-m644-alnwlsn-custom/src/fl-fc3exos.o
 .debug_line    0x0000000000008265      0xa5a obj-m644-alnwlsn-custom/src/fl-geos.o
 .debug_line    0x0000000000008cbf      0x313 obj-m644-alnwlsn-custom/src/fl-gijoe.o
 .debug_line    0x0000000000008fd2      0x444 obj-m644-alnwlsn-custom/src/fl-mmzak.o
 .debug_line    0x0000000000009416      0x2c3 obj-m644-alnwlsn-custom/src/fl-n0sdos.o
 .debug_line    0x00000000000096d9      0x355 obj-m644-alnwlsn-custom/src/fl-nippon.o
 .debug_line    0x0000000000009a2e      0x624 obj-m644-alnwlsn-custom/src/fl-samsjourney.o
 .debug_line    0x000000000000a052      0x26f obj-m644-alnwlsn-custom/src/fl-turbodisk.o
 .debug_line    0x000000000000a2c1      0x221 obj-m644-alnwlsn-custom/src/fl-ulm3.o
 .debug_line    0x000000000000a4e2      0xa98 obj-m644-alnwlsn-custom/src/iec.o
 .debug_line    0x000000000000af7a       0xa5 obj-m644-alnwlsn-custom/src/led.o
 .debug_line    0x000000000000b01f      0x1f8 obj-m644-alnwlsn-custom/src/main.o
 .debug_line    0x000000000000b217      0x5e2 obj-m644-alnwlsn-custom/src/parser.o
 .debug_line    0x000000000000b7f9      0x7c2 obj-m644-alnwlsn-custom/src/sdcard.o
 .debug_line    0x000000000000bfbb      0x153 obj-m644-alnwlsn-custom/src/timer.o
 .debug_line    0x000000000000c10e      0x163 obj-m644-alnwlsn-custom/src/utils.o

.debug_frame    0x0000000000000000     0x241c
 *(.debug_frame)
 .debug_frame   0x0000000000000000       0x24 obj-m644-alnwlsn-custom/src/avr/arch-timer.o
 .debug_frame   0x0000000000000024       0x64 obj-m644-alnwlsn-custom/src/avr/spi.o
 .debug_frame   0x0000000000000088       0x84 obj-m644-alnwlsn-custom/src/avr/system.o
 .debug_frame   0x000000000000010c      0x12c obj-m644-alnwlsn-custom/src/buffers.o
 .debug_frame   0x0000000000000238      0x6ac obj-m644-alnwlsn-custom/src/d64ops.o
 .debug_frame   0x00000000000008e4       0xbc obj-m644-alnwlsn-custom/src/diskchange.o
 .debug_frame   0x00000000000009a0       0xc4 obj-m644-alnwlsn-custom/src/doscmd.o
 .debug_frame   0x0000000000000a64       0x70 obj-m644-alnwlsn-custom/src/eeprom-conf.o
 .debug_frame   0x0000000000000ad4       0x7c obj-m644-alnwlsn-custom/src/errormsg.o
 .debug_frame   0x0000000000000b50       0x40 obj-m644-alnwlsn-custom/src/fastloader.o
 .debug_frame   0x0000000000000b90      0x560 obj-m644-alnwlsn-custom/src/fatops.o
 .debug_frame   0x00000000000010f0      0x6a8 obj-m644-alnwlsn-custom/src/ff.o
 .debug_frame   0x0000000000001798      0x11c obj-m644-alnwlsn-custom/src/fileops.o
 .debug_frame   0x00000000000018b4       0x64 obj-m644-alnwlsn-custom/src/fl-ar6.o
 .debug_frame   0x0000000000001918       0x60 obj-m644-alnwlsn-custom/src/fl-dreamload.o
 .debug_frame   0x0000000000001978       0x38 obj-m644-alnwlsn-custom/src/fl-eload.o
 .debug_frame   0x00000000000019b0       0x38 obj-m644-alnwlsn-custom/src/fl-epyxcart.o
 .debug_frame   0x00000000000019e8       0x80 obj-m644-alnwlsn-custom/src/fl-fc3exos.o
 .debug_frame   0x0000000000001a68      0x21c obj-m644-alnwlsn-custom/src/fl-geos.o
 .debug_frame   0x0000000000001c84       0x50 obj-m644-alnwlsn-custom/src/fl-gijoe.o
 .debug_frame   0x0000000000001cd4       0x84 obj-m644-alnwlsn-custom/src/fl-mmzak.o
 .debug_frame   0x0000000000001d58       0x44 obj-m644-alnwlsn-custom/src/fl-n0sdos.o
 .debug_frame   0x0000000000001d9c       0x6c obj-m644-alnwlsn-custom/src/fl-nippon.o
 .debug_frame   0x0000000000001e08       0xdc obj-m644-alnwlsn-custom/src/fl-samsjourney.o
 .debug_frame   0x0000000000001ee4       0x34 obj-m644-alnwlsn-custom/src/fl-turbodisk.o
 .debug_frame   0x0000000000001f18       0x5c obj-m644-alnwlsn-custom/src/fl-ulm3.o
 .debug_frame   0x0000000000001f74       0xb0 obj-m644-alnwlsn-custom/src/iec.o
 .debug_frame   0x0000000000002024       0x24 obj-m644-alnwlsn-custom/src/led.o
 .debug_frame   0x0000000000002048       0x24 obj-m644-alnwlsn-custom/src/main.o
 .debug_frame   0x000000000000206c      0x134 obj-m644-alnwlsn-custom/src/parser.o
 .debug_frame   0x00000000000021a0      0x1cc obj-m644-alnwlsn-custom/src/sdcard.o
 .debug_frame   0x000000000000236c       0x4c obj-m644-alnwlsn-custom/src/timer.o
 .debug_frame   0x00000000000023b8       0x64 obj-m644-alnwlsn-custom/src/utils.o

.debug_str      0x0000000000000000     0x319b
 *(.debug_str)
 .debug_str     0x0000000000000000      0x231 /usr/lib/gcc/avr/5.4.0/../../../avr/lib/avr5/crtatmega644.o
 .debug_str     0x0000000000000231      0x1fe obj-m644-alnwlsn-custom/src/avr/arch-timer.o
                                        0x23f (size before relaxing)
 .debug_str     0x000000000000042f       0xa9 obj-m644-alnwlsn-custom/src/avr/spi.o
                                        0x2d3 (size before relaxing)
 .debug_str     0x00000000000004d8       0x9f obj-m644-alnwlsn-custom/src/avr/system.o
                                        0x2b1 (size before relaxing)
 .debug_str     0x0000000000000577      0x3b7 obj-m644-alnwlsn-custom/src/buffers.o
                                        0x6a4 (size before relaxing)
 .debug_str     0x000000000000092e      0x6dd obj-m644-alnwlsn-custom/src/d64ops.o
                                        0xd53 (size before relaxing)
 .debug_str     0x000000000000100b      0x372 obj-m644-alnwlsn-custom/src/diskchange.o
                                        0xb72 (size before relaxing)
 .debug_str     0x000000000000137d       0x50 obj-m644-alnwlsn-custom/src/diskio.o
                                        0x251 (size before relaxing)
 .debug_str     0x00000000000013cd      0x80e obj-m644-alnwlsn-custom/src/doscmd.o
                                       0x125b (size before relaxing)
 .debug_str     0x0000000000001bdb      0x140 obj-m644-alnwlsn-custom/src/eeprom-conf.o
                                        0x3f4 (size before relaxing)
 .debug_str     0x0000000000001d1b       0x8c obj-m644-alnwlsn-custom/src/errormsg.o
                                        0x652 (size before relaxing)
 .debug_str     0x0000000000001da7       0x7b obj-m644-alnwlsn-custom/src/fastloader.o
                                        0x4cd (size before relaxing)
 .debug_str     0x0000000000001e22      0x2c4 obj-m644-alnwlsn-custom/src/fatops.o
                                        0xdd6 (size before relaxing)
 .debug_str     0x00000000000020e6      0x2c0 obj-m644-alnwlsn-custom/src/ff.o
                                        0x8a0 (size before relaxing)
 .debug_str     0x00000000000023a6      0x142 obj-m644-alnwlsn-custom/src/fileops.o
                                        0xa6f (size before relaxing)
 .debug_str     0x00000000000024e8       0x7a obj-m644-alnwlsn-custom/src/fl-ar6.o
                                        0x614 (size before relaxing)
 .debug_str     0x0000000000002562       0x88 obj-m644-alnwlsn-custom/src/fl-dreamload.o
                                        0xa4a (size before relaxing)
 .debug_str     0x00000000000025ea       0x3c obj-m644-alnwlsn-custom/src/fl-eload.o
                                        0x57d (size before relaxing)
 .debug_str     0x0000000000002626       0x33 obj-m644-alnwlsn-custom/src/fl-epyxcart.o
                                        0x60a (size before relaxing)
 .debug_str     0x0000000000002659       0xb5 obj-m644-alnwlsn-custom/src/fl-fc3exos.o
                                        0x691 (size before relaxing)
 .debug_str     0x000000000000270e      0x2b5 obj-m644-alnwlsn-custom/src/fl-geos.o
                                        0xd97 (size before relaxing)
 .debug_str     0x00000000000029c3       0x2a obj-m644-alnwlsn-custom/src/fl-gijoe.o
                                        0x65f (size before relaxing)
 .debug_str     0x00000000000029ed       0x87 obj-m644-alnwlsn-custom/src/fl-mmzak.o
                                        0x8e0 (size before relaxing)
 .debug_str     0x0000000000002a74       0x3e obj-m644-alnwlsn-custom/src/fl-n0sdos.o
                                        0x65d (size before relaxing)
 .debug_str     0x0000000000002ab2       0x59 obj-m644-alnwlsn-custom/src/fl-nippon.o
                                        0x890 (size before relaxing)
 .debug_str     0x0000000000002b0b       0xe9 obj-m644-alnwlsn-custom/src/fl-samsjourney.o
                                        0x99b (size before relaxing)
 .debug_str     0x0000000000002bf4       0x4e obj-m644-alnwlsn-custom/src/fl-turbodisk.o
                                        0x617 (size before relaxing)
 .debug_str     0x0000000000002c42       0x40 obj-m644-alnwlsn-custom/src/fl-ulm3.o
                                        0x805 (size before relaxing)
 .debug_str     0x0000000000002c82      0x1d7 obj-m644-alnwlsn-custom/src/iec.o
                                        0x957 (size before relaxing)
 .debug_str     0x0000000000002e59        0xa obj-m644-alnwlsn-custom/src/led.o
                                        0x26e (size before relaxing)
 .debug_str     0x0000000000002e63       0x8b obj-m644-alnwlsn-custom/src/main.o
                                        0x3d5 (size before relaxing)
 .debug_str     0x0000000000002eee       0x46 obj-m644-alnwlsn-custom/src/parser.o
                                        0x8b3 (size before relaxing)
 .debug_str     0x0000000000002f34      0x1e7 obj-m644-alnwlsn-custom/src/sdcard.o
                                        0x5d0 (size before relaxing)
 .debug_str     0x000000000000311b       0x56 obj-m644-alnwlsn-custom/src/timer.o
                                        0x2bd (size before relaxing)
 .debug_str     0x0000000000003171       0x2a obj-m644-alnwlsn-custom/src/utils.o
                                        0x257 (size before relaxing)

.debug_loc      0x0000000000000000    0x1367d
 *(.debug_loc)
 .debug_loc     0x0000000000000000      0x18a obj-m644-alnwlsn-custom/src/avr/spi.o
 .debug_loc     0x000000000000018a      0x4e9 obj-m644-alnwlsn-custom/src/buffers.o
 .debug_loc     0x0000000000000673     0x3506 obj-m644-alnwlsn-custom/src/d64ops.o
 .debug_loc     0x0000000000003b79      0x588 obj-m644-alnwlsn-custom/src/diskchange.o
 .debug_loc     0x0000000000004101     0x1136 obj-m644-alnwlsn-custom/src/doscmd.o
 .debug_loc     0x0000000000005237      0x13b obj-m644-alnwlsn-custom/src/eeprom-conf.o
 .debug_loc     0x0000000000005372      0x655 obj-m644-alnwlsn-custom/src/errormsg.o
 .debug_loc     0x00000000000059c7      0x130 obj-m644-alnwlsn-custom/src/fastloader.o
 .debug_loc     0x0000000000005af7     0x22e4 obj-m644-alnwlsn-custom/src/fatops.o
 .debug_loc     0x0000000000007ddb     0x3e3b obj-m644-alnwlsn-custom/src/ff.o
 .debug_loc     0x000000000000bc16      0xe05 obj-m644-alnwlsn-custom/src/fileops.o
 .debug_loc     0x000000000000ca1b      0x2be obj-m644-alnwlsn-custom/src/fl-ar6.o
 .debug_loc     0x000000000000ccd9      0x33b obj-m644-alnwlsn-custom/src/fl-dreamload.o
 .debug_loc     0x000000000000d014      0x142 obj-m644-alnwlsn-custom/src/fl-eload.o
 .debug_loc     0x000000000000d156      0x269 obj-m644-alnwlsn-custom/src/fl-epyxcart.o
 .debug_loc     0x000000000000d3bf      0x465 obj-m644-alnwlsn-custom/src/fl-fc3exos.o
 .debug_loc     0x000000000000d824     0x17b7 obj-m644-alnwlsn-custom/src/fl-geos.o
 .debug_loc     0x000000000000efdb      0x2b5 obj-m644-alnwlsn-custom/src/fl-gijoe.o
 .debug_loc     0x000000000000f290      0x87a obj-m644-alnwlsn-custom/src/fl-mmzak.o
 .debug_loc     0x000000000000fb0a      0x3a4 obj-m644-alnwlsn-custom/src/fl-n0sdos.o
 .debug_loc     0x000000000000feae      0x41e obj-m644-alnwlsn-custom/src/fl-nippon.o
 .debug_loc     0x00000000000102cc      0x842 obj-m644-alnwlsn-custom/src/fl-samsjourney.o
 .debug_loc     0x0000000000010b0e      0x265 obj-m644-alnwlsn-custom/src/fl-turbodisk.o
 .debug_loc     0x0000000000010d73      0x2e0 obj-m644-alnwlsn-custom/src/fl-ulm3.o
 .debug_loc     0x0000000000011053      0xcf1 obj-m644-alnwlsn-custom/src/iec.o
 .debug_loc     0x0000000000011d44       0x50 obj-m644-alnwlsn-custom/src/main.o
 .debug_loc     0x0000000000011d94      0x86f obj-m644-alnwlsn-custom/src/parser.o
 .debug_loc     0x0000000000012603      0xe37 obj-m644-alnwlsn-custom/src/sdcard.o
 .debug_loc     0x000000000001343a       0x7d obj-m644-alnwlsn-custom/src/timer.o
 .debug_loc     0x00000000000134b7      0x1c6 obj-m644-alnwlsn-custom/src/utils.o

.debug_macinfo
 *(.debug_macinfo)

.debug_weaknames
 *(.debug_weaknames)

.debug_funcnames
 *(.debug_funcnames)

.debug_typenames
 *(.debug_typenames)

.debug_varnames
 *(.debug_varnames)

.debug_pubtypes
 *(.debug_pubtypes)

.debug_ranges   0x0000000000000000      0xc80
 *(.debug_ranges)
 .debug_ranges  0x0000000000000000       0x10 obj-m644-alnwlsn-custom/src/avr/arch-timer.o
 .debug_ranges  0x0000000000000010       0x30 obj-m644-alnwlsn-custom/src/avr/spi.o
 .debug_ranges  0x0000000000000040       0x40 obj-m644-alnwlsn-custom/src/avr/system.o
 .debug_ranges  0x0000000000000080       0x68 obj-m644-alnwlsn-custom/src/buffers.o
 .debug_ranges  0x00000000000000e8      0x1c8 obj-m644-alnwlsn-custom/src/d64ops.o
 .debug_ranges  0x00000000000002b0       0x58 obj-m644-alnwlsn-custom/src/diskchange.o
 .debug_ranges  0x0000000000000308       0xc8 obj-m644-alnwlsn-custom/src/doscmd.o
 .debug_ranges  0x00000000000003d0       0x20 obj-m644-alnwlsn-custom/src/eeprom-conf.o
 .debug_ranges  0x00000000000003f0       0x40 obj-m644-alnwlsn-custom/src/errormsg.o
 .debug_ranges  0x0000000000000430       0x18 obj-m644-alnwlsn-custom/src/fastloader.o
 .debug_ranges  0x0000000000000448      0x158 obj-m644-alnwlsn-custom/src/fatops.o
 .debug_ranges  0x00000000000005a0      0x188 obj-m644-alnwlsn-custom/src/ff.o
 .debug_ranges  0x0000000000000728       0x78 obj-m644-alnwlsn-custom/src/fileops.o
 .debug_ranges  0x00000000000007a0       0x18 obj-m644-alnwlsn-custom/src/fl-ar6.o
 .debug_ranges  0x00000000000007b8       0x18 obj-m644-alnwlsn-custom/src/fl-dreamload.o
 .debug_ranges  0x00000000000007d0       0x10 obj-m644-alnwlsn-custom/src/fl-eload.o
 .debug_ranges  0x00000000000007e0       0x28 obj-m644-alnwlsn-custom/src/fl-epyxcart.o
 .debug_ranges  0x0000000000000808       0x20 obj-m644-alnwlsn-custom/src/fl-fc3exos.o
 .debug_ranges  0x0000000000000828       0x80 obj-m644-alnwlsn-custom/src/fl-geos.o
 .debug_ranges  0x00000000000008a8       0x18 obj-m644-alnwlsn-custom/src/fl-gijoe.o
 .debug_ranges  0x00000000000008c0       0x88 obj-m644-alnwlsn-custom/src/fl-mmzak.o
 .debug_ranges  0x0000000000000948       0x58 obj-m644-alnwlsn-custom/src/fl-n0sdos.o
 .debug_ranges  0x00000000000009a0       0x38 obj-m644-alnwlsn-custom/src/fl-nippon.o
 .debug_ranges  0x00000000000009d8       0x58 obj-m644-alnwlsn-custom/src/fl-samsjourney.o
 .debug_ranges  0x0000000000000a30       0x10 obj-m644-alnwlsn-custom/src/fl-turbodisk.o
 .debug_ranges  0x0000000000000a40       0x30 obj-m644-alnwlsn-custom/src/fl-ulm3.o
 .debug_ranges  0x0000000000000a70       0xb0 obj-m644-alnwlsn-custom/src/iec.o
 .debug_ranges  0x0000000000000b20       0x10 obj-m644-alnwlsn-custom/src/led.o
 .debug_ranges  0x0000000000000b30       0x10 obj-m644-alnwlsn-custom/src/main.o
 .debug_ranges  0x0000000000000b40       0x58 obj-m644-alnwlsn-custom/src/parser.o
 .debug_ranges  0x0000000000000b98       0xa8 obj-m644-alnwlsn-custom/src/sdcard.o
 .debug_ranges  0x0000000000000c40       0x10 obj-m644-alnwlsn-custom/src/timer.o
 .debug_ranges  0x0000000000000c50       0x30 obj-m644-alnwlsn-custom/src/utils.o

.debug_macro
 *(.debug_macro)
OUTPUT(obj-m644-alnwlsn-custom/sd2iec.elf elf32-avr)
LOAD linker stubs

Cross Reference Table

Symbol                                            File
__FUSE_REGION_LENGTH__                            /usr/lib/gcc/avr/5.4.0/../../../avr/lib/avr5/crtatmega644.o
__SFR_OFFSET                                      obj-m644-alnwlsn-custom/src/avr/fastloader-ll.o
__bad_interrupt                                   /usr/lib/gcc/avr/5.4.0/../../../avr/lib/avr5/crtatmega644.o
__bss_end                                         /usr/lib/gcc/avr/5.4.0/avr5/libgcc.a(_clear_bss.o)
__bss_start                                       /usr/lib/gcc/avr/5.4.0/avr5/libgcc.a(_clear_bss.o)
__ctype_isfalse                                   /usr/lib/gcc/avr/5.4.0/../../../avr/lib/avr5/libc.a(cty_isfalse.o)
                                                  /usr/lib/gcc/avr/5.4.0/../../../avr/lib/avr5/libc.a(isalpha.o)
                                                  /usr/lib/gcc/avr/5.4.0/../../../avr/lib/avr5/libc.a(isalnum.o)
__ctype_istrue                                    /usr/lib/gcc/avr/5.4.0/../../../avr/lib/avr5/libc.a(cty_isfalse.o)
__data_end                                        /usr/lib/gcc/avr/5.4.0/avr5/libgcc.a(_copy_data.o)
__data_load_start                                 /usr/lib/gcc/avr/5.4.0/avr5/libgcc.a(_copy_data.o)
__data_start                                      /usr/lib/gcc/avr/5.4.0/avr5/libgcc.a(_copy_data.o)
__divmodhi4                                       /usr/lib/gcc/avr/5.4.0/avr5/libgcc.a(_divmodhi4.o)
                                                  obj-m644-alnwlsn-custom/src/d64ops.o
__do_clear_bss                                    /usr/lib/gcc/avr/5.4.0/avr5/libgcc.a(_clear_bss.o)