Archive member included to satisfy reference by file (symbol)

/usr/lib/gcc/avr/5.4.0/avr5/libgcc.a(_mulsi3.o)
                              obj-m644p-alnwlsn-custom/src/ff.o (__mulsi3)
/usr/lib/gcc/avr/5.4.0/avr5/libgcc.a(_udivmodqi4.o)
                              obj-m644p-alnwlsn-custom/src/d64ops.o (__udivmodqi4)
/usr/lib/gcc/avr/5.4.0/avr5/libgcc.a(_udivmodhi4.o)
                              obj-m644p-alnwlsn-custom/src/ff.o (__udivmodhi4)
/usr/lib/gcc/avr/5.4.0/avr5/libgcc.a(_divmodhi4.o)
                              obj-m644p-alnwlsn-custom/src/d64ops.o (__divmodhi4)
/usr/lib/gcc/avr/5.4.0/avr5/libgcc.a(_udivmodsi4.o)
                              obj-m644p-alnwlsn-custom/src/fatops.o (__udivmodsi4)
/usr/lib/gcc/avr/5.4.0/avr5/libgcc.a(_exit.o)
                              /usr/lib/gcc/avr/5.4.0/../../../avr/lib/avr5/crtatmega644p.o (exit)
/usr/lib/gcc/avr/5.4.0/avr5/libgcc.a(_tablejump2.o)
                              obj-m644p-alnwlsn-custom/src/doscmd.o (__tablejump2__)
/usr/lib/gcc/avr/5.4.0/avr5/libgcc.a(_copy_data.o)
                              obj-m644p-alnwlsn-custom/src/doscmd.o (__do_copy_data)
/usr/lib/gcc/avr/5.4.0/avr5/libgcc.a(_clear_bss.o)
                              obj-m644p-alnwlsn-custom/src/buffers.o (__do_clear_bss)
/usr/lib/gcc/avr/5.4.0/avr5/libgcc.a(_umulhisi3.o)
                              obj-m644p-alnwlsn-custom/src/doscmd.o (__umulhisi3)
/usr/lib/gcc/avr/5.4.0/avr5/libgcc.a(_muluhisi3.o)
                              obj-m644p-alnwlsn-custom/src/doscmd.o (__muluhisi3)
/usr/lib/gcc/avr/5.4.0/avr5/libgcc.a(_prologue.o)
                              obj-m644p-alnwlsn-custom/src/buffers.o (__prologue_saves__)
/usr/lib/gcc/avr/5.4.0/avr5/libgcc.a(_epilogue.o)
                              obj-m644p-alnwlsn-custom/src/buffers.o (__epilogue_restores__)
/usr/lib/gcc/avr/5.4.0/../../../avr/lib/avr5/libc.a(isalnum.o)
                              obj-m644p-alnwlsn-custom/src/fatops.o (isalnum)
/usr/lib/gcc/avr/5.4.0/../../../avr/lib/avr5/libc.a(cty_isfalse.o)
                              /usr/lib/gcc/avr/5.4.0/../../../avr/lib/avr5/libc.a(isalnum.o) (__ctype_isfalse)
/usr/lib/gcc/avr/5.4.0/../../../avr/lib/avr5/libc.a(isalpha.o)
                              /usr/lib/gcc/avr/5.4.0/../../../avr/lib/avr5/libc.a(isalnum.o) (isalpha)
/usr/lib/gcc/avr/5.4.0/../../../avr/lib/avr5/libc.a(toupper.o)
                              obj-m644p-alnwlsn-custom/src/errormsg.o (toupper)
/usr/lib/gcc/avr/5.4.0/../../../avr/lib/avr5/libc.a(memcmp_P.o)
                              obj-m644p-alnwlsn-custom/src/diskchange.o (memcmp_P)
/usr/lib/gcc/avr/5.4.0/../../../avr/lib/avr5/libc.a(memcpy_P.o)
                              obj-m644p-alnwlsn-custom/src/d64ops.o (memcpy_P)
/usr/lib/gcc/avr/5.4.0/../../../avr/lib/avr5/libc.a(strcpy_P.o)
                              obj-m644p-alnwlsn-custom/src/diskchange.o (strcpy_P)
/usr/lib/gcc/avr/5.4.0/../../../avr/lib/avr5/libc.a(memcmp.o)
                              obj-m644p-alnwlsn-custom/src/doscmd.o (memcmp)
/usr/lib/gcc/avr/5.4.0/../../../avr/lib/avr5/libc.a(memcpy.o)
                              obj-m644p-alnwlsn-custom/src/diskchange.o (memcpy)
/usr/lib/gcc/avr/5.4.0/../../../avr/lib/avr5/libc.a(memset.o)
                              obj-m644p-alnwlsn-custom/src/d64ops.o (memset)
/usr/lib/gcc/avr/5.4.0/../../../avr/lib/avr5/libc.a(strchr.o)
                              obj-m644p-alnwlsn-custom/src/doscmd.o (strchr)
/usr/lib/gcc/avr/5.4.0/../../../avr/lib/avr5/libc.a(strcpy.o)
                              obj-m644p-alnwlsn-custom/src/doscmd.o (strcpy)
/usr/lib/gcc/avr/5.4.0/../../../avr/lib/avr5/libc.a(strncpy.o)
                              obj-m644p-alnwlsn-custom/src/doscmd.o (strncpy)
/usr/lib/gcc/avr/5.4.0/../../../avr/lib/avr5/libc.a(strrchr.o)
                              obj-m644p-alnwlsn-custom/src/d64ops.o (strrchr)
/usr/lib/gcc/avr/5.4.0/../../../avr/lib/avr5/libatmega644p.a(eerd_block.o)
                              obj-m644p-alnwlsn-custom/src/eeprom-conf.o (eeprom_read_block)
/usr/lib/gcc/avr/5.4.0/../../../avr/lib/avr5/libatmega644p.a(eerd_byte.o)
                              obj-m644p-alnwlsn-custom/src/eeprom-conf.o (eeprom_read_byte)
/usr/lib/gcc/avr/5.4.0/../../../avr/lib/avr5/libatmega644p.a(eerd_word.o)
                              obj-m644p-alnwlsn-custom/src/eeprom-conf.o (eeprom_read_word)
/usr/lib/gcc/avr/5.4.0/../../../avr/lib/avr5/libatmega644p.a(eewr_block.o)
                              obj-m644p-alnwlsn-custom/src/eeprom-conf.o (eeprom_write_block)
/usr/lib/gcc/avr/5.4.0/../../../avr/lib/avr5/libatmega644p.a(eewr_byte.o)
                              obj-m644p-alnwlsn-custom/src/eeprom-conf.o (eeprom_write_byte)
/usr/lib/gcc/avr/5.4.0/../../../avr/lib/avr5/libatmega644p.a(eewr_word.o)
                              obj-m644p-alnwlsn-custom/src/eeprom-conf.o (eeprom_write_word)

Allocating common symbols
Common symbol       size              file

[...]
Memory Configuration

Name             Origin             Length             Attributes
text             0x0000000000000000 0x0000000000020000 xr
data             0x0000000000800060 0x000000000000ffa0 rw !x
eeprom           0x0000000000810000 0x0000000000010000 rw !x
fuse             0x0000000000820000 0x0000000000000003 rw !x
lock             0x0000000000830000 0x0000000000000400 rw !x
signature        0x0000000000840000 0x0000000000000400 rw !x
user_signatures  0x0000000000850000 0x0000000000000400 rw !x
*default*        0x0000000000000000 0xffffffffffffffff

Linker script and memory map

Address of section .data set to 0x800100
LOAD /usr/lib/gcc/avr/5.4.0/../../../avr/lib/avr5/crtatmega644p.o
LOAD obj-m644p-alnwlsn-custom/src/avr/arch-timer.o
LOAD obj-m644p-alnwlsn-custom/src/avr/spi.o
LOAD obj-m644p-alnwlsn-custom/src/avr/system.o
LOAD obj-m644p-alnwlsn-custom/src/buffers.o
LOAD obj-m644p-alnwlsn-custom/src/d64ops.o
LOAD obj-m644p-alnwlsn-custom/src/diskchange.o
LOAD obj-m644p-alnwlsn-custom/src/diskio.o
LOAD obj-m644p-alnwlsn-custom/src/doscmd.o
LOAD obj-m644p-alnwlsn-custom/src/eeprom-conf.o
LOAD obj-m644p-alnwlsn-custom/src/errormsg.o
LOAD obj-m644p-alnwlsn-custom/src/fastloader.o
LOAD obj-m644p-alnwlsn-custom/src/fatops.o
LOAD obj-m644p-alnwlsn-custom/src/ff.o
LOAD obj-m644p-alnwlsn-custom/src/fileops.o
LOAD obj-m644p-alnwlsn-custom/src/fl-ar6.o
LOAD obj-m644p-alnwlsn-custom/src/fl-dolphin.o
LOAD obj-m644p-alnwlsn-custom/src/fl-dreamload.o
LOAD obj-m644p-alnwlsn-custom/src/fl-eload.o
LOAD obj-m644p-alnwlsn-custom/src/fl-epyxcart.o
LOAD obj-m644p-alnwlsn-custom/src/fl-fc3exos.o
LOAD obj-m644p-alnwlsn-custom/src/fl-geos.o
LOAD obj-m644p-alnwlsn-custom/src/fl-gijoe.o
LOAD obj-m644p-alnwlsn-custom/src/fl-mmzak.o
LOAD obj-m644p-alnwlsn-custom/src/fl-n0sdos.o
LOAD obj-m644p-alnwlsn-custom/src/fl-nippon.o
LOAD obj-m644p-alnwlsn-custom/src/fl-samsjourney.o
LOAD obj-m644p-alnwlsn-custom/src/fl-turbodisk.o
LOAD obj-m644p-alnwlsn-custom/src/fl-ulm3.o
LOAD obj-m644p-alnwlsn-custom/src/iec.o
LOAD obj-m644p-alnwlsn-custom/src/led.o
LOAD obj-m644p-alnwlsn-custom/src/main.o
LOAD obj-m644p-alnwlsn-custom/src/parser.o
LOAD obj-m644p-alnwlsn-custom/src/sdcard.o
LOAD obj-m644p-alnwlsn-custom/src/timer.o
LOAD obj-m644p-alnwlsn-custom/src/utils.o
LOAD obj-m644p-alnwlsn-custom/src/avr/crc7asm.o
LOAD obj-m644p-alnwlsn-custom/src/avr/fastloader-ll.o
START GROUP
LOAD /usr/lib/gcc/avr/5.4.0/avr5/libgcc.a
LOAD /usr/lib/gcc/avr/5.4.0/../../../avr/lib/avr5/libm.a
LOAD /usr/lib/gcc/avr/5.4.0/../../../avr/lib/avr5/libc.a
LOAD /usr/lib/gcc/avr/5.4.0/../../../avr/lib/avr5/libatmega644p.a
END GROUP
                0x0000000000020000                __TEXT_REGION_LENGTH__ = DEFINED (__TEXT_REGION_LENGTH__)?__TEXT_REGION_LENGTH__:0x20000
                0x000000000000ffa0                __DATA_REGION_LENGTH__ = DEFINED (__DATA_REGION_LENGTH__)?__DATA_REGION_LENGTH__:0xffa0
                0x0000000000010000                __EEPROM_REGION_LENGTH__ = DEFINED (__EEPROM_REGION_LENGTH__)?__EEPROM_REGION_LENGTH__:0x10000
                [0x0000000000000003]                __FUSE_REGION_LENGTH__ = DEFINED (__FUSE_REGION_LENGTH__)?__FUSE_REGION_LENGTH__:0x400
                0x0000000000000400                __LOCK_REGION_LENGTH__ = DEFINED (__LOCK_REGION_LENGTH__)?__LOCK_REGION_LENGTH__:0x400
                0x0000000000000400                __SIGNATURE_REGION_LENGTH__ = DEFINED (__SIGNATURE_REGION_LENGTH__)?__SIGNATURE_REGION_LENGTH__:0x400
                0x0000000000000400                __USER_SIGNATURE_REGION_LENGTH__ = DEFINED (__USER_SIGNATURE_REGION_LENGTH__)?__USER_SIGNATURE_REGION_LENGTH__:0x400

.hash
 *(.hash)

.dynsym
 *(.dynsym)

.dynstr
 *(.dynstr)

.gnu.version
 *(.gnu.version)

.gnu.version_d
 *(.gnu.version_d)

.gnu.version_r
 *(.gnu.version_r)

.rel.init
 *(.rel.init)

.rela.init
 *(.rela.init)

.rel.text
 *(.rel.text)
 *(.rel.text.*)
 *(.rel.gnu.linkonce.t*)

.rela.text
 *(.rela.text)
 *(.rela.text.*)
 *(.rela.gnu.linkonce.t*)

.rel.fini
 *(.rel.fini)

.rela.fini
 *(.rela.fini)

.rel.rodata
 *(.rel.rodata)
 *(.rel.rodata.*)
 *(.rel.gnu.linkonce.r*)

.rela.rodata
 *(.rela.rodata)
 *(.rela.rodata.*)
 *(.rela.gnu.linkonce.r*)

.rel.data
 *(.rel.data)
 *(.rel.data.*)
 *(.rel.gnu.linkonce.d*)

.rela.data
 *(.rela.data)
 *(.rela.data.*)
 *(.rela.gnu.linkonce.d*)

.rel.ctors
 *(.rel.ctors)

.rela.ctors
 *(.rela.ctors)

.rel.dtors
 *(.rel.dtors)

.rela.dtors
 *(.rela.dtors)

.rel.got
 *(.rel.got)

.rela.got
 *(.rela.got)

.rel.bss
 *(.rel.bss)

.rela.bss
 *(.rela.bss)

.rel.plt
 *(.rel.plt)

.rela.plt
 *(.rela.plt)

.text           0x0000000000000000     0xe384
 *(.vectors)
 .vectors       0x0000000000000000       0x7c /usr/lib/gcc/avr/5.4.0/../../../avr/lib/avr5/crtatmega644p.o
                0x0000000000000000                __vectors
                0x0000000000000000                __vector_default
 *(.vectors)
 *(.progmem.gcc*)
 .progmem.gcc_sw_table.parse_doscommand
                0x000000000000007c       0x28 obj-m644p-alnwlsn-custom/src/doscmd.o
 .progmem.gcc_sw_table.parse_error
                0x00000000000000a4       0x24 obj-m644p-alnwlsn-custom/src/fatops.o
 .progmem.gcc_sw_table.file_open
                0x00000000000000c8       0x56 obj-m644p-alnwlsn-custom/src/fileops.o
 .progmem.gcc_sw_table.load_wheels_s2
                0x000000000000011e       0x32 obj-m644p-alnwlsn-custom/src/fl-geos.o
 .progmem.gcc_sw_table.iec_mainloop
                0x0000000000000150       0x12 obj-m644p-alnwlsn-custom/src/iec.o
                0x0000000000000162                . = ALIGN (0x2)
                0x0000000000000162                __trampolines_start = .
 *(.trampolines)
 .trampolines   0x0000000000000162        0x0 linker stubs
 *(.trampolines*)
                0x0000000000000162                __trampolines_end = .
 *libprintf_flt.a:*(.progmem.data)
 *libc.a:*(.progmem.data)
 *(.progmem*)
 .progmem.data.d64ops
                0x0000000000000162       0x20 obj-m644p-alnwlsn-custom/src/d64ops.o
                0x0000000000000162                d64ops
 .progmem.data.dnpparam
                0x0000000000000182        0x9 obj-m644p-alnwlsn-custom/src/d64ops.o
 .progmem.data.d81param
                0x000000000000018b        0x9 obj-m644p-alnwlsn-custom/src/d64ops.o
 .progmem.data.d71param
                0x0000000000000194        0x9 obj-m644p-alnwlsn-custom/src/d64ops.o
 .progmem.data.d41param
                0x000000000000019d        0x9 obj-m644p-alnwlsn-custom/src/d64ops.o
 .progmem.data.petscii_marker
                0x00000000000001a6        0x8 obj-m644p-alnwlsn-custom/src/diskchange.o
 .progmem.data.autoswap_gen_name
                0x00000000000001ae        0xd obj-m644p-alnwlsn-custom/src/diskchange.o
 .progmem.data.autoswap_lst_name
                0x00000000000001bb        0xd obj-m644p-alnwlsn-custom/src/diskchange.o
 .progmem.data.system_partition_info
                0x00000000000001c8       0x1f obj-m644p-alnwlsn-custom/src/doscmd.o
 .progmem.data.c1541_magics
                0x00000000000001e7       0x10 obj-m644p-alnwlsn-custom/src/doscmd.o
 .progmem.data.fl_capture_table
                0x00000000000001f7        0xf obj-m644p-alnwlsn-custom/src/doscmd.o
 .progmem.data.fl_handler_table
                0x0000000000000206       0xba obj-m644p-alnwlsn-custom/src/doscmd.o
 .progmem.data.fl_crc_table
                0x00000000000002c0       0xd0 obj-m644p-alnwlsn-custom/src/doscmd.o
 .progmem.data.fl_rxtx_table
                0x0000000000000390       0x28 obj-m644p-alnwlsn-custom/src/doscmd.o
 .progmem.data.messages
                0x00000000000003b8      0x10d obj-m644p-alnwlsn-custom/src/errormsg.o
 .progmem.data.abbrevs
                0x00000000000004c5       0x56 obj-m644p-alnwlsn-custom/src/errormsg.o
 .progmem.data.longverstr
                0x000000000000051b       0x16 obj-m644p-alnwlsn-custom/src/errormsg.o
                0x000000000000051b                longverstr
 .progmem.data.versionstr
                0x0000000000000531       0x18 obj-m644p-alnwlsn-custom/src/errormsg.o
                0x0000000000000531                versionstr
 .progmem.data.fatops
                0x0000000000000549       0x20 obj-m644p-alnwlsn-custom/src/fatops.o
                0x0000000000000549                fatops
 .progmem.data.p00marker
                0x0000000000000569        0x8 obj-m644p-alnwlsn-custom/src/fatops.o
 .progmem.data.fat32string
                0x0000000000000571        0x6 obj-m644p-alnwlsn-custom/src/ff.o
 .progmem.data.LFN_pos
                0x0000000000000577        0xd obj-m644p-alnwlsn-custom/src/ff.o
 .progmem.data.filetypes
                0x0000000000000584       0x24 obj-m644p-alnwlsn-custom/src/fileops.o
                0x0000000000000584                filetypes
 .progmem.data.dirfooter
                0x00000000000005a8       0x20 obj-m644p-alnwlsn-custom/src/fileops.o
                0x00000000000005a8                dirfooter
 .progmem.data.syspart_line
                0x00000000000005c8       0x20 obj-m644p-alnwlsn-custom/src/fileops.o
                0x00000000000005c8                syspart_line
 .progmem.data.dirheader
                0x00000000000005e8       0x20 obj-m644p-alnwlsn-custom/src/fileops.o
                0x00000000000005e8                dirheader
 .progmem.data.__c.3194
                0x0000000000000608        0xb obj-m644p-alnwlsn-custom/src/fl-geos.o
 .progmem.data.__c.3192
                0x0000000000000613        0x8 obj-m644p-alnwlsn-custom/src/fl-geos.o
 .progmem.data.geos128_chains
                0x000000000000061b        0x9 obj-m644p-alnwlsn-custom/src/fl-geos.o
 .progmem.data.geos64_chains
                0x0000000000000624        0x7 obj-m644p-alnwlsn-custom/src/fl-geos.o
 .progmem.data.hexchars
                0x000000000000062b       0x10 obj-m644p-alnwlsn-custom/src/fl-samsjourney.o
                0x000000000000063c                . = ALIGN (0x2)
 *fill*         0x000000000000063b        0x1 
 *(.jumptables)
 *(.jumptables*)
 *(.lowtext)
 *(.lowtext*)
                0x000000000000063c                __ctors_start = .
 *(.ctors)
                0x000000000000063c                __ctors_end = .
                0x000000000000063c                __dtors_start = .
 *(.dtors)
                0x000000000000063c                __dtors_end = .
 SORT(*)(.ctors)
 SORT(*)(.dtors)
 *(.init0)
 .init0         0x000000000000063c        0x0 /usr/lib/gcc/avr/5.4.0/../../../avr/lib/avr5/crtatmega644p.o
                0x000000000000063c                __init
 *(.init0)
 *(.init1)
 *(.init1)
 *(.init2)
 .init2         0x000000000000063c        0xc /usr/lib/gcc/avr/5.4.0/../../../avr/lib/avr5/crtatmega644p.o
 *(.init2)
 *(.init3)
 .init3         0x0000000000000648       0x18 obj-m644p-alnwlsn-custom/src/avr/system.o
                0x0000000000000648                get_mcusr
 *(.init3)
 *(.init4)
 .init4         0x0000000000000660       0x16 /usr/lib/gcc/avr/5.4.0/avr5/libgcc.a(_copy_data.o)
                0x0000000000000660                __do_copy_data
 .init4         0x0000000000000676       0x10 /usr/lib/gcc/avr/5.4.0/avr5/libgcc.a(_clear_bss.o)
                0x0000000000000676                __do_clear_bss
 *(.init4)
 *(.init5)
 *(.init5)
 *(.init6)
 *(.init6)
 *(.init7)
 *(.init7)
 *(.init8)
 *(.init8)
 *(.init9)
 .init9         0x0000000000000686        0x8 /usr/lib/gcc/avr/5.4.0/../../../avr/lib/avr5/crtatmega644p.o
 *(.init9)
 *(.text)
 .text          0x000000000000068e        0x4 /usr/lib/gcc/avr/5.4.0/../../../avr/lib/avr5/crtatmega644p.o
                0x000000000000068e                __vector_22
                0x000000000000068e                __vector_28
                0x000000000000068e                __vector_24
                0x000000000000068e                __vector_12
                0x000000000000068e                __bad_interrupt
                0x000000000000068e                __vector_6
                0x000000000000068e                __vector_3
                0x000000000000068e                __vector_23
                0x000000000000068e                __vector_30
                0x000000000000068e                __vector_25
                0x000000000000068e                __vector_11
                0x000000000000068e                __vector_17
                0x000000000000068e                __vector_19
                0x000000000000068e                __vector_7
                0x000000000000068e                __vector_27
                0x000000000000068e                __vector_5
                0x000000000000068e                __vector_9
                0x000000000000068e                __vector_2
                0x000000000000068e                __vector_21
                0x000000000000068e                __vector_15
                0x000000000000068e                __vector_29
                0x000000000000068e                __vector_8
                0x000000000000068e                __vector_26
                0x000000000000068e                __vector_14
                0x000000000000068e                __vector_10
                0x000000000000068e                __vector_16
                0x000000000000068e                __vector_18
                0x000000000000068e                __vector_20
 .text          0x0000000000000692       0x1c obj-m644p-alnwlsn-custom/src/avr/crc7asm.o
                0x0000000000000692                crc7update
 .text          0x00000000000006ae      0x6a4 obj-m644p-alnwlsn-custom/src/avr/fastloader-ll.o
                0x00000000000006ae                __vector_4
                0x0000000000000714                jiffy_receive
                0x000000000000078c                jiffy_send
                0x00000000000007f6                turbodisk_byte
                0x0000000000000834                turbodisk_buffer
                0x00000000000008a6                clk_data_handshake
                0x00000000000008bc                fastloader_fc3_send_block
                0x00000000000008ea                fc3_get_byte
                0x0000000000000922                fc3_oldfreeze_pal_send
                0x000000000000095c                fc3_oldfreeze_ntsc_send
                0x00000000000009a4                dreamload_get_byte
                0x00000000000009ec                dreamload_send_byte
                0x0000000000000a00                uload3_get_byte
                0x0000000000000a38                uload3_send_byte
                0x0000000000000a7c                epyxcart_send_byte
                0x0000000000000ae4                geos_get_byte_1mhz
                0x0000000000000afe                geos_get_byte_2mhz
                0x0000000000000b2a                geos_send_byte_1mhz
                0x0000000000000b3a                geos_send_byte_2mhz
                0x0000000000000b82                geos_send_byte_1581_21
                0x0000000000000ba6                wheels_send_byte_1mhz
                0x0000000000000bda                wheels_get_byte_1mhz
                0x0000000000000c0e                wheels44_get_byte_1mhz
                0x0000000000000c42                wheels44_get_byte_2mhz
                0x0000000000000c8e                wheels44_send_byte_2mhz
                0x0000000000000cb2                ar6_1581_send_byte
                0x0000000000000ce2                ar6_1581p_get_byte
                0x0000000000000d1e                n0sdos_send_byte
                0x0000000000000d52                . = ALIGN (0x2)
 *(.text.*)
 .text.timer_init
                0x0000000000000d52       0x2e obj-m644p-alnwlsn-custom/src/avr/arch-timer.o
                0x0000000000000d52                timer_init
 .text.spi_set_speed
                0x0000000000000d80       0x14 obj-m644p-alnwlsn-custom/src/avr/spi.o
                0x0000000000000d80                spi_set_speed
 .text.spi_init
                0x0000000000000d94       0x28 obj-m644p-alnwlsn-custom/src/avr/spi.o
                0x0000000000000d94                spi_init
 .text.spi_tx_byte
                0x0000000000000dbc        0xc obj-m644p-alnwlsn-custom/src/avr/spi.o
                0x0000000000000dbc                spi_tx_byte
 .text.spi_rx_byte
                0x0000000000000dc8        0xe obj-m644p-alnwlsn-custom/src/avr/spi.o
                0x0000000000000dc8                spi_rx_byte
 .text.spi_exchange_block
                0x0000000000000dd6       0x2e obj-m644p-alnwlsn-custom/src/avr/spi.o
                0x0000000000000dd6                spi_exchange_block
 .text.system_init_early
                0x0000000000000e04        0xa obj-m644p-alnwlsn-custom/src/avr/system.o
                0x0000000000000e04                system_init_early
 .text.system_init_late
                0x0000000000000e0e        0xe obj-m644p-alnwlsn-custom/src/avr/system.o
                0x0000000000000e0e                system_init_late
 .text.system_sleep
                0x0000000000000e1c        0x4 obj-m644p-alnwlsn-custom/src/avr/system.o
                0x0000000000000e1c                system_sleep
 .text.system_reset
                0x0000000000000e20        0x8 obj-m644p-alnwlsn-custom/src/avr/system.o
                0x0000000000000e20                system_reset
 .text.disable_interrupts
                0x0000000000000e28        0x4 obj-m644p-alnwlsn-custom/src/avr/system.o
                0x0000000000000e28                disable_interrupts
 .text.enable_interrupts
                0x0000000000000e2c        0x4 obj-m644p-alnwlsn-custom/src/avr/system.o
                0x0000000000000e2c                enable_interrupts
 .text.callback_dummy
                0x0000000000000e30        0x4 obj-m644p-alnwlsn-custom/src/buffers.o
                0x0000000000000e30                callback_dummy
 .text.alloc_specific_buffer
                0x0000000000000e34       0x48 obj-m644p-alnwlsn-custom/src/buffers.o
 .text.buffers_init
                0x0000000000000e7c       0x8c obj-m644p-alnwlsn-custom/src/buffers.o
                0x0000000000000e7c                buffers_init
 .text.alloc_system_buffer
                0x0000000000000f08       0x44 obj-m644p-alnwlsn-custom/src/buffers.o
                0x0000000000000f08                alloc_system_buffer
 .text.alloc_buffer
                0x0000000000000f4c       0x1a obj-m644p-alnwlsn-custom/src/buffers.o
                0x0000000000000f4c                alloc_buffer
 .text.alloc_linked_buffers
                0x0000000000000f66       0xdc obj-m644p-alnwlsn-custom/src/buffers.o
                0x0000000000000f66                alloc_linked_buffers
 .text.free_buffer
                0x0000000000001042       0x38 obj-m644p-alnwlsn-custom/src/buffers.o
                0x0000000000001042                free_buffer
 .text.cleanup_and_free_buffer
                0x000000000000107a       0x18 obj-m644p-alnwlsn-custom/src/buffers.o
                0x000000000000107a                cleanup_and_free_buffer
 .text.free_multiple_buffers
                0x0000000000001092       0xa6 obj-m644p-alnwlsn-custom/src/buffers.o
                0x0000000000001092                free_multiple_buffers
 .text.find_buffer
                0x0000000000001138       0x40 obj-m644p-alnwlsn-custom/src/buffers.o
                0x0000000000001138                find_buffer
 .text.mark_buffer_dirty
                0x0000000000001178       0x1a obj-m644p-alnwlsn-custom/src/buffers.o
                0x0000000000001178                mark_buffer_dirty
 .text.mark_buffer_clean
                0x0000000000001192       0x20 obj-m644p-alnwlsn-custom/src/buffers.o
                0x0000000000001192                mark_buffer_clean
 .text.sector_lba
                0x00000000000011b2       0xb2 obj-m644p-alnwlsn-custom/src/d64ops.o
 .text.sectors_per_track
                0x0000000000001264       0x52 obj-m644p-alnwlsn-custom/src/d64ops.o
 .text.format_add_bam_signature
                0x00000000000012b6       0x26 obj-m644p-alnwlsn-custom/src/d64ops.o
 .text.d64_seek
                0x00000000000012dc        0xa obj-m644p-alnwlsn-custom/src/d64ops.o
 .text.d64_open_rel
                0x00000000000012e6        0x8 obj-m644p-alnwlsn-custom/src/d64ops.o
 .text.clear_dir_sector
                0x00000000000012ee       0x50 obj-m644p-alnwlsn-custom/src/d64ops.o
 .text.write_entry.constprop.2
                0x000000000000133e       0x58 obj-m644p-alnwlsn-custom/src/d64ops.o
 .text.read_entry.constprop.1
                0x0000000000001396       0x52 obj-m644p-alnwlsn-custom/src/d64ops.o
 .text.d64_rename
                0x00000000000013e8       0x58 obj-m644p-alnwlsn-custom/src/d64ops.o
 .text.d64_chdir
                0x0000000000001440       0xc0 obj-m644p-alnwlsn-custom/src/d64ops.o
 .text.d64_write_cleanup
                0x0000000000001500       0xcc obj-m644p-alnwlsn-custom/src/d64ops.o
 .text.move_bam_window
                0x00000000000015cc      0x1c2 obj-m644p-alnwlsn-custom/src/d64ops.o
 .text.is_free  0x000000000000178e       0x8c obj-m644p-alnwlsn-custom/src/d64ops.o
 .text.allocate_sector
                0x000000000000181a       0xd6 obj-m644p-alnwlsn-custom/src/d64ops.o
 .text.free_sector
                0x00000000000018f0       0xea obj-m644p-alnwlsn-custom/src/d64ops.o
 .text.read_string_from_dirheader
                0x00000000000019da       0xa0 obj-m644p-alnwlsn-custom/src/d64ops.o
 .text.d64_getid
                0x0000000000001a7a        0xa obj-m644p-alnwlsn-custom/src/d64ops.o
 .text.d64_getdirlabel
                0x0000000000001a84        0xa obj-m644p-alnwlsn-custom/src/d64ops.o
 .text.d64_getdisklabel
                0x0000000000001a8e       0xb0 obj-m644p-alnwlsn-custom/src/d64ops.o
 .text.d64_opendir
                0x0000000000001b3e       0x7c obj-m644p-alnwlsn-custom/src/d64ops.o
 .text.bam_buffer_flush
                0x0000000000001bba       0x60 obj-m644p-alnwlsn-custom/src/d64ops.o
 .text.d64_write_sector
                0x0000000000001c1a       0x7e obj-m644p-alnwlsn-custom/src/d64ops.o
 .text.checked_read
                0x0000000000001c98      0x15c obj-m644p-alnwlsn-custom/src/d64ops.o
 .text.d64_read
                0x0000000000001df4       0x66 obj-m644p-alnwlsn-custom/src/d64ops.o
 .text.d64_open_read
                0x0000000000001e5a       0x5e obj-m644p-alnwlsn-custom/src/d64ops.o
 .text.d64_read_sector
                0x0000000000001eb8       0x26 obj-m644p-alnwlsn-custom/src/d64ops.o
 .text.d64_delete
                0x0000000000001ede       0x9e obj-m644p-alnwlsn-custom/src/d64ops.o
 .text.nextdirentry
                0x0000000000001f7c       0xa0 obj-m644p-alnwlsn-custom/src/d64ops.o
 .text.d64_readdir
                0x000000000000201c       0xee obj-m644p-alnwlsn-custom/src/d64ops.o
 .text.sectors_free
                0x000000000000210a       0xa2 obj-m644p-alnwlsn-custom/src/d64ops.o
 .text.get_next_sector
                0x00000000000021ac      0x1aa obj-m644p-alnwlsn-custom/src/d64ops.o
 .text.find_empty_entry
                0x0000000000002356      0x1e4 obj-m644p-alnwlsn-custom/src/d64ops.o
 .text.d64_mkdir
                0x000000000000253a      0x296 obj-m644p-alnwlsn-custom/src/d64ops.o
 .text.d64_write
                0x00000000000027d0       0xfe obj-m644p-alnwlsn-custom/src/d64ops.o
 .text.d64_freeblocks
                0x00000000000028ce       0x84 obj-m644p-alnwlsn-custom/src/d64ops.o
 .text.d64_open_write
                0x0000000000002952      0x2b2 obj-m644p-alnwlsn-custom/src/d64ops.o
 .text.format_copy_label
                0x0000000000002c04       0x72 obj-m644p-alnwlsn-custom/src/d64ops.o
 .text.format_dnp_image
                0x0000000000002c76       0xcc obj-m644p-alnwlsn-custom/src/d64ops.o
 .text.format_d41_image
                0x0000000000002d42       0xa0 obj-m644p-alnwlsn-custom/src/d64ops.o
 .text.format_d71_image
                0x0000000000002de2       0x34 obj-m644p-alnwlsn-custom/src/d64ops.o
 .text.format_d81_image
                0x0000000000002e16       0xf2 obj-m644p-alnwlsn-custom/src/d64ops.o
 .text.d64_bam_commit
                0x0000000000002f08       0x34 obj-m644p-alnwlsn-custom/src/d64ops.o
                0x0000000000002f08                d64_bam_commit
 .text.d64_format
                0x0000000000002f3c      0x204 obj-m644p-alnwlsn-custom/src/d64ops.o
 .text.d64_mount
                0x0000000000003140      0x1e2 obj-m644p-alnwlsn-custom/src/d64ops.o
                0x0000000000003140                d64_mount
 .text.d64_raw_directory
                0x0000000000003322       0x5c obj-m644p-alnwlsn-custom/src/d64ops.o
                0x0000000000003322                d64_raw_directory
 .text.d64_invalidate
                0x000000000000337e       0x2e obj-m644p-alnwlsn-custom/src/d64ops.o
                0x000000000000337e                d64_invalidate
 .text.d64_unmount
                0x00000000000033ac       0x92 obj-m644p-alnwlsn-custom/src/d64ops.o
                0x00000000000033ac                d64_unmount
 .text.confirm_blink
                0x000000000000343e       0x5c obj-m644p-alnwlsn-custom/src/diskchange.o
 .text.mount_line
                0x000000000000349a      0x1d4 obj-m644p-alnwlsn-custom/src/diskchange.o
 .text.set_changelist_internal
                0x000000000000366e       0xb6 obj-m644p-alnwlsn-custom/src/diskchange.o
 .text.set_changelist
                0x0000000000003724        0x8 obj-m644p-alnwlsn-custom/src/diskchange.o
                0x0000000000003724                set_changelist
 .text.change_disk
                0x000000000000372c      0x24a obj-m644p-alnwlsn-custom/src/diskchange.o
                0x000000000000372c                change_disk
 .text.change_init
                0x0000000000003976       0x12 obj-m644p-alnwlsn-custom/src/diskchange.o
                0x0000000000003976                change_init
 .text.clean_cmdbuffer
                0x0000000000003988       0x1c obj-m644p-alnwlsn-custom/src/doscmd.o
 .text.run_loader
                0x00000000000039a4       0x7a obj-m644p-alnwlsn-custom/src/doscmd.o
 .text.parse_block
                0x0000000000003a1e      0x1ce obj-m644p-alnwlsn-custom/src/doscmd.o
 .text.capture_fl_data
                0x0000000000003bec       0x8c obj-m644p-alnwlsn-custom/src/doscmd.o
 .text.do_chdir
                0x0000000000003c78       0xaa obj-m644p-alnwlsn-custom/src/doscmd.o
                0x0000000000003c78                do_chdir
 .text.parse_doscommand
                0x0000000000003d22     0x11ca obj-m644p-alnwlsn-custom/src/doscmd.o
                0x0000000000003d22                parse_doscommand
 .text.device_hw_address
                0x0000000000004eec       0x1a obj-m644p-alnwlsn-custom/src/eeprom-conf.o
 .text.read_configuration
                0x0000000000004f06       0xd4 obj-m644p-alnwlsn-custom/src/eeprom-conf.o
                0x0000000000004f06                read_configuration
 .text.write_configuration
                0x0000000000004fda       0xb2 obj-m644p-alnwlsn-custom/src/eeprom-conf.o
                0x0000000000004fda                write_configuration
 .text.appendmsg
                0x000000000000508c       0x80 obj-m644p-alnwlsn-custom/src/errormsg.o
 .text.set_error_ts
                0x000000000000510c      0x1c0 obj-m644p-alnwlsn-custom/src/errormsg.o
                0x000000000000510c                set_error_ts
 .text.set_error
                0x00000000000052cc        0xa obj-m644p-alnwlsn-custom/src/errormsg.o
                0x00000000000052cc                set_error
 .text.set_ok_message
                0x00000000000052d6        0xa obj-m644p-alnwlsn-custom/src/errormsg.o
                0x00000000000052d6                set_ok_message
 .text.check_keys
                0x00000000000052e0       0x32 obj-m644p-alnwlsn-custom/src/fastloader.o
                0x00000000000052e0                check_keys
 .text.gijoe_read_byte
                0x0000000000005312       0x50 obj-m644p-alnwlsn-custom/src/fastloader.o
                0x0000000000005312                gijoe_read_byte
 .text.pet2asc  0x0000000000005362       0x2c obj-m644p-alnwlsn-custom/src/fatops.o
 .text.fat_getid
                0x000000000000538e       0x50 obj-m644p-alnwlsn-custom/src/fatops.o
                0x000000000000538e                fat_getid
 .text.format_dummy
                0x00000000000053de        0x8 obj-m644p-alnwlsn-custom/src/fatops.o
                0x00000000000053de                format_dummy
 .text.check_extension
                0x00000000000053e6       0x98 obj-m644p-alnwlsn-custom/src/fatops.o
 .text.is_valid_fat_char
                0x000000000000547e       0x32 obj-m644p-alnwlsn-custom/src/fatops.o
 .text.fat_freeblocks
                0x00000000000054b0       0x56 obj-m644p-alnwlsn-custom/src/fatops.o
                0x00000000000054b0                fat_freeblocks
 .text.parse_error
                0x0000000000005506       0x84 obj-m644p-alnwlsn-custom/src/fatops.o
                0x0000000000005506                parse_error
 .text.write_data
                0x000000000000558a       0xe6 obj-m644p-alnwlsn-custom/src/fatops.o
 .text.fat_file_write
                0x0000000000005670      0x168 obj-m644p-alnwlsn-custom/src/fatops.o
 .text.fat_file_read
                0x00000000000057d8      0x11a obj-m644p-alnwlsn-custom/src/fatops.o
 .text.fat_file_seek
                0x00000000000058f2       0xe4 obj-m644p-alnwlsn-custom/src/fatops.o
                0x00000000000058f2                fat_file_seek
 .text.fat_file_sync
                0x00000000000059d6       0x1c obj-m644p-alnwlsn-custom/src/fatops.o
 .text.fat_open_read
                0x00000000000059f2       0xc0 obj-m644p-alnwlsn-custom/src/fatops.o
                0x00000000000059f2                fat_open_read
 .text.fat_file_close
                0x0000000000005ab2       0x4e obj-m644p-alnwlsn-custom/src/fatops.o
 .text.fat_opendir
                0x0000000000005b00       0x4c obj-m644p-alnwlsn-custom/src/fatops.o
                0x0000000000005b00                fat_opendir
 .text.fat_readdir
                0x0000000000005b4c      0x330 obj-m644p-alnwlsn-custom/src/fatops.o
                0x0000000000005b4c                fat_readdir
 .text.fat_delete
                0x0000000000005e7c       0x7c obj-m644p-alnwlsn-custom/src/fatops.o
                0x0000000000005e7c                fat_delete
 .text.fat_mkdir
                0x0000000000005ef8       0x5a obj-m644p-alnwlsn-custom/src/fatops.o
                0x0000000000005ef8                fat_mkdir
 .text.fat_getvolumename
                0x0000000000005f52       0x98 obj-m644p-alnwlsn-custom/src/fatops.o
 .text.fat_getdirlabel
                0x0000000000005fea      0x15a obj-m644p-alnwlsn-custom/src/fatops.o
                0x0000000000005fea                fat_getdirlabel
 .text.fat_readwrite_sector.isra.0
                0x0000000000006144       0xb0 obj-m644p-alnwlsn-custom/src/fatops.o
 .text.fat_read_sector
                0x00000000000061f4        0xc obj-m644p-alnwlsn-custom/src/fatops.o
                0x00000000000061f4                fat_read_sector
 .text.fat_write_sector
                0x0000000000006200        0xc obj-m644p-alnwlsn-custom/src/fatops.o
                0x0000000000006200                fat_write_sector
 .text.check_imageext
                0x000000000000620c       0x80 obj-m644p-alnwlsn-custom/src/fatops.o
                0x000000000000620c                check_imageext
 .text.fat_chdir
                0x000000000000628c      0x150 obj-m644p-alnwlsn-custom/src/fatops.o
                0x000000000000628c                fat_chdir
 .text.build_name.constprop.1
                0x00000000000063dc      0x1b8 obj-m644p-alnwlsn-custom/src/fatops.o
 .text.fat_rename
                0x0000000000006594      0x162 obj-m644p-alnwlsn-custom/src/fatops.o
                0x0000000000006594                fat_rename
 .text.create_file
                0x00000000000066f6      0x136 obj-m644p-alnwlsn-custom/src/fatops.o
                0x00000000000066f6                create_file
 .text.fat_open_write
                0x000000000000682c       0xde obj-m644p-alnwlsn-custom/src/fatops.o
                0x000000000000682c                fat_open_write
 .text.fat_open_rel
                0x000000000000690a      0x11a obj-m644p-alnwlsn-custom/src/fatops.o
                0x000000000000690a                fat_open_rel
 .text.fatops_init
                0x0000000000006a24       0xae obj-m644p-alnwlsn-custom/src/fatops.o
                0x0000000000006a24                fatops_init
 .text.image_unmount
                0x0000000000006ad2       0x68 obj-m644p-alnwlsn-custom/src/fatops.o
                0x0000000000006ad2                image_unmount
 .text.image_chdir
                0x0000000000006b3a       0x1c obj-m644p-alnwlsn-custom/src/fatops.o
                0x0000000000006b3a                image_chdir
 .text.image_read
                0x0000000000006b56       0x78 obj-m644p-alnwlsn-custom/src/fatops.o
                0x0000000000006b56                image_read
 .text.image_write
                0x0000000000006bce       0xaa obj-m644p-alnwlsn-custom/src/fatops.o
                0x0000000000006bce                image_write
 .text.clust2sect
                0x0000000000006c78       0x50 obj-m644p-alnwlsn-custom/src/ff.o
 .text.get_fileinfo
                0x0000000000006cc8       0xea obj-m644p-alnwlsn-custom/src/ff.o
 .text.dos_char
                0x0000000000006db2       0x50 obj-m644p-alnwlsn-custom/src/ff.o
 .text.auto_mount
                0x0000000000006e02       0x4c obj-m644p-alnwlsn-custom/src/ff.o
 .text.validate
                0x0000000000006e4e       0x1a obj-m644p-alnwlsn-custom/src/ff.o
 .text.move_window.constprop.1
                0x0000000000006e68      0x118 obj-m644p-alnwlsn-custom/src/ff.o
 .text.move_fs_window
                0x0000000000006f80        0x6 obj-m644p-alnwlsn-custom/src/ff.o
 .text.check_fs
                0x0000000000006f86       0xa6 obj-m644p-alnwlsn-custom/src/ff.o
 .text.get_cluster
                0x000000000000702c      0x17c obj-m644p-alnwlsn-custom/src/ff.o
 .text.next_dir_entry
                0x00000000000071a8       0xc8 obj-m644p-alnwlsn-custom/src/ff.o
 .text.put_cluster
                0x0000000000007270      0x18a obj-m644p-alnwlsn-custom/src/ff.o
 .text.create_chain
                0x00000000000073fa      0x188 obj-m644p-alnwlsn-custom/src/ff.o
 .text.remove_chain
                0x0000000000007582       0x98 obj-m644p-alnwlsn-custom/src/ff.o
 .text.reserve_direntry
                0x000000000000761a      0x2e2 obj-m644p-alnwlsn-custom/src/ff.o
 .text.sync     0x00000000000078fc       0xe4 obj-m644p-alnwlsn-custom/src/ff.o
 .text.trace_path
                0x00000000000079e0      0x42c obj-m644p-alnwlsn-custom/src/ff.o
 .text.mount_drv
                0x0000000000007e0c      0x3b0 obj-m644p-alnwlsn-custom/src/ff.o
                0x0000000000007e0c                mount_drv
 .text.add_direntry
                0x00000000000081bc      0x3de obj-m644p-alnwlsn-custom/src/ff.o
                0x00000000000081bc                add_direntry
 .text.f_mount  0x000000000000859a       0x12 obj-m644p-alnwlsn-custom/src/ff.o
                0x000000000000859a                f_mount
 .text.f_open   0x00000000000085ac      0x272 obj-m644p-alnwlsn-custom/src/ff.o
                0x00000000000085ac                f_open
 .text.l_opencluster
                0x000000000000881e       0x48 obj-m644p-alnwlsn-custom/src/ff.o
                0x000000000000881e                l_opencluster
 .text.f_read   0x0000000000008866      0x244 obj-m644p-alnwlsn-custom/src/ff.o
                0x0000000000008866                f_read
 .text.f_write  0x0000000000008aaa      0x28e obj-m644p-alnwlsn-custom/src/ff.o
                0x0000000000008aaa                f_write
 .text.f_sync   0x0000000000008d38       0x9e obj-m644p-alnwlsn-custom/src/ff.o
                0x0000000000008d38                f_sync
 .text.f_close  0x0000000000008dd6       0x18 obj-m644p-alnwlsn-custom/src/ff.o
                0x0000000000008dd6                f_close
 .text.f_lseek  0x0000000000008dee      0x2e6 obj-m644p-alnwlsn-custom/src/ff.o
                0x0000000000008dee                f_lseek
 .text.l_opendir
                0x00000000000090d4       0x66 obj-m644p-alnwlsn-custom/src/ff.o
                0x00000000000090d4                l_opendir
 .text.f_readdir
                0x000000000000913a      0x144 obj-m644p-alnwlsn-custom/src/ff.o
                0x000000000000913a                f_readdir
 .text.f_stat   0x000000000000927e       0x7e obj-m644p-alnwlsn-custom/src/ff.o
                0x000000000000927e                f_stat
 .text.l_getfree
                0x00000000000092fc      0x194 obj-m644p-alnwlsn-custom/src/ff.o
                0x00000000000092fc                l_getfree
 .text.f_unlink
                0x0000000000009490      0x1c4 obj-m644p-alnwlsn-custom/src/ff.o
                0x0000000000009490                f_unlink
 .text.f_mkdir  0x0000000000009654      0x2a6 obj-m644p-alnwlsn-custom/src/ff.o
                0x0000000000009654                f_mkdir
 .text.f_rename
                0x00000000000098fa      0x21c obj-m644p-alnwlsn-custom/src/ff.o
                0x00000000000098fa                f_rename
 .text.directbuffer_refill
                0x0000000000009b16       0x34 obj-m644p-alnwlsn-custom/src/fileops.o
                0x0000000000009b16                directbuffer_refill
 .text.largebuffer_cleanup
                0x0000000000009b4a       0x24 obj-m644p-alnwlsn-custom/src/fileops.o
 .text.createentry
                0x0000000000009b6e      0x210 obj-m644p-alnwlsn-custom/src/fileops.o
 .text.dir_refill
                0x0000000000009d7e      0x152 obj-m644p-alnwlsn-custom/src/fileops.o
 .text.rawdir_refill
                0x0000000000009ed0      0x1a2 obj-m644p-alnwlsn-custom/src/fileops.o
 .text.pdir_refill
                0x000000000000a072       0xf2 obj-m644p-alnwlsn-custom/src/fileops.o
 .text.file_open_previous
                0x000000000000a164       0x6c obj-m644p-alnwlsn-custom/src/fileops.o
                0x000000000000a164                file_open_previous
 .text.file_open
                0x000000000000a1d0      0x8c6 obj-m644p-alnwlsn-custom/src/fileops.o
                0x000000000000a1d0                file_open
 .text.load_ar6_1581
                0x000000000000aa96       0x84 obj-m644p-alnwlsn-custom/src/fl-ar6.o
                0x000000000000aa96                load_ar6_1581
 .text.save_ar6_1581
                0x000000000000ab1a       0x7c obj-m644p-alnwlsn-custom/src/fl-ar6.o
                0x000000000000ab1a                save_ar6_1581
 .text.dreamload_send_block
                0x000000000000ab96       0x4a obj-m644p-alnwlsn-custom/src/fl-dreamload.o
 .text.load_dreamload
                0x000000000000abe0      0x18c obj-m644p-alnwlsn-custom/src/fl-dreamload.o
                0x000000000000abe0                load_dreamload
 .text.load_eload1
                0x000000000000ad6c       0x84 obj-m644p-alnwlsn-custom/src/fl-eload.o
                0x000000000000ad6c                load_eload1
 .text.load_epyxcart
                0x000000000000adf0       0xf6 obj-m644p-alnwlsn-custom/src/fl-epyxcart.o
                0x000000000000adf0                load_epyxcart
 .text.load_fc3
                0x000000000000aee6       0xdc obj-m644p-alnwlsn-custom/src/fl-fc3exos.o
                0x000000000000aee6                load_fc3
 .text.save_fc3
                0x000000000000afc2       0x98 obj-m644p-alnwlsn-custom/src/fl-fc3exos.o
                0x000000000000afc2                save_fc3
 .text.load_fc3oldfreeze
                0x000000000000b05a       0x82 obj-m644p-alnwlsn-custom/src/fl-fc3exos.o
                0x000000000000b05a                load_fc3oldfreeze
 .text.geos_receive_datablock
                0x000000000000b0dc       0x4c obj-m644p-alnwlsn-custom/src/fl-geos.o
 .text.geos_read_sector
                0x000000000000b128       0x32 obj-m644p-alnwlsn-custom/src/fl-geos.o
 .text.wheels_receive_datablock
                0x000000000000b15a       0x5a obj-m644p-alnwlsn-custom/src/fl-geos.o
 .text.geos_transmit_byte_wait
                0x000000000000b1b4       0x28 obj-m644p-alnwlsn-custom/src/fl-geos.o
 .text.geos_transmit_status
                0x000000000000b1dc       0x26 obj-m644p-alnwlsn-custom/src/fl-geos.o
 .text.geos_transmit_buffer_s3
                0x000000000000b202       0x56 obj-m644p-alnwlsn-custom/src/fl-geos.o
 .text.wheels_transmit_datablock
                0x000000000000b258       0x76 obj-m644p-alnwlsn-custom/src/fl-geos.o
 .text.wheels_transmit_byte_wait
                0x000000000000b2ce       0x4c obj-m644p-alnwlsn-custom/src/fl-geos.o
 .text.wheels_transmit_status
                0x000000000000b31a       0x20 obj-m644p-alnwlsn-custom/src/fl-geos.o
 .text.wheels_read_sector
                0x000000000000b33a       0x4c obj-m644p-alnwlsn-custom/src/fl-geos.o
 .text.geos_receive_lenblock
                0x000000000000b386       0x56 obj-m644p-alnwlsn-custom/src/fl-geos.o
 .text.load_geos
                0x000000000000b3dc      0x248 obj-m644p-alnwlsn-custom/src/fl-geos.o
                0x000000000000b3dc                load_geos
 .text.load_geos_s1
                0x000000000000b624       0xfc obj-m644p-alnwlsn-custom/src/fl-geos.o
                0x000000000000b624                load_geos_s1
 .text.load_wheels_s1
                0x000000000000b720       0x88 obj-m644p-alnwlsn-custom/src/fl-geos.o
                0x000000000000b720                load_wheels_s1
 .text.load_wheels_s2
                0x000000000000b7a8      0x1c0 obj-m644p-alnwlsn-custom/src/fl-geos.o
                0x000000000000b7a8                load_wheels_s2
 .text.gijoe_send_byte
                0x000000000000b968       0x2c obj-m644p-alnwlsn-custom/src/fl-gijoe.o
 .text.load_gijoe
                0x000000000000b994      0x134 obj-m644p-alnwlsn-custom/src/fl-gijoe.o
                0x000000000000b994                load_gijoe
 .text.mmzak_send_byte
                0x000000000000bac8       0x50 obj-m644p-alnwlsn-custom/src/fl-mmzak.o
 .text.mmzak_send_error
                0x000000000000bb18       0x16 obj-m644p-alnwlsn-custom/src/fl-mmzak.o
 .text.mmzak_read_byte
                0x000000000000bb2e       0x50 obj-m644p-alnwlsn-custom/src/fl-mmzak.o
 .text.load_mmzak
                0x000000000000bb7e      0x1ac obj-m644p-alnwlsn-custom/src/fl-mmzak.o
                0x000000000000bb7e                load_mmzak
 .text.load_n0sdos_fileread
                0x000000000000bd2a      0x120 obj-m644p-alnwlsn-custom/src/fl-n0sdos.o
                0x000000000000bd2a                load_n0sdos_fileread
 .text.nippon_atn_clock_handshake
                0x000000000000be4a       0x1a obj-m644p-alnwlsn-custom/src/fl-nippon.o
 .text.nippon_read_byte
                0x000000000000be64       0x4e obj-m644p-alnwlsn-custom/src/fl-nippon.o
 .text.load_nippon
                0x000000000000beb2      0x12e obj-m644p-alnwlsn-custom/src/fl-nippon.o
                0x000000000000beb2                load_nippon
 .text.transmit_byte
                0x000000000000bfe0       0x64 obj-m644p-alnwlsn-custom/src/fl-samsjourney.o
 .text.getbyte  0x000000000000c044       0x5c obj-m644p-alnwlsn-custom/src/fl-samsjourney.o
 .text.transmit_block
                0x000000000000c0a0       0x58 obj-m644p-alnwlsn-custom/src/fl-samsjourney.o
 .text.send_error
                0x000000000000c0f8        0xe obj-m644p-alnwlsn-custom/src/fl-samsjourney.o
 .text.read_file_by_name
                0x000000000000c106       0x7a obj-m644p-alnwlsn-custom/src/fl-samsjourney.o
 .text.write_file_by_name
                0x000000000000c180       0xca obj-m644p-alnwlsn-custom/src/fl-samsjourney.o
 .text.load_samsjourney
                0x000000000000c24a      0x22c obj-m644p-alnwlsn-custom/src/fl-samsjourney.o
                0x000000000000c24a                load_samsjourney
 .text.load_turbodisk
                0x000000000000c476      0x110 obj-m644p-alnwlsn-custom/src/fl-turbodisk.o
                0x000000000000c476                load_turbodisk
 .text.uload3_transferchain
                0x000000000000c586      0x130 obj-m644p-alnwlsn-custom/src/fl-ulm3.o
 .text.load_uload3
                0x000000000000c6b6       0xae obj-m644p-alnwlsn-custom/src/fl-ulm3.o
                0x000000000000c6b6                load_uload3
 .text.iec_debounced
                0x000000000000c764       0x16 obj-m644p-alnwlsn-custom/src/iec.o
 .text.iec_check_atn
                0x000000000000c77a       0x28 obj-m644p-alnwlsn-custom/src/iec.o
                0x000000000000c77a                iec_check_atn
 .text.iec_getc
                0x000000000000c7a2      0x116 obj-m644p-alnwlsn-custom/src/iec.o
 .text.iec_putc
                0x000000000000c8b8      0x13e obj-m644p-alnwlsn-custom/src/iec.o
 .text.iec_init
                0x000000000000c9f6       0x46 obj-m644p-alnwlsn-custom/src/iec.o
                0x000000000000c9f6                iec_init
                0x000000000000c9f6                bus_init
 .text.iec_mainloop
                0x000000000000ca3c      0x57a obj-m644p-alnwlsn-custom/src/iec.o
                0x000000000000ca3c                bus_mainloop
                0x000000000000ca3c                iec_mainloop
 .text.update_leds
                0x000000000000cfb6       0x20 obj-m644p-alnwlsn-custom/src/led.o
                0x000000000000cfb6                update_leds
 .text.startup.main
                0x000000000000cfd6       0x88 obj-m644p-alnwlsn-custom/src/main.o
                0x000000000000cfd6                main
 .text.tolower_pet
                0x000000000000d05e       0x18 obj-m644p-alnwlsn-custom/src/parser.o
 .text.update_current_dir
                0x000000000000d076       0x22 obj-m644p-alnwlsn-custom/src/parser.o
                0x000000000000d076                update_current_dir
 .text.check_invalid_name
                0x000000000000d098       0x24 obj-m644p-alnwlsn-custom/src/parser.o
                0x000000000000d098                check_invalid_name
 .text.parse_partition
                0x000000000000d0bc       0x48 obj-m644p-alnwlsn-custom/src/parser.o
                0x000000000000d0bc                parse_partition
 .text.match_name
                0x000000000000d104       0xde obj-m644p-alnwlsn-custom/src/parser.o
                0x000000000000d104                match_name
 .text.next_match
                0x000000000000d1e2       0xba obj-m644p-alnwlsn-custom/src/parser.o
                0x000000000000d1e2                next_match
 .text.first_match
                0x000000000000d29c       0x6c obj-m644p-alnwlsn-custom/src/parser.o
                0x000000000000d29c                first_match
 .text.parse_path
                0x000000000000d308      0x1cc obj-m644p-alnwlsn-custom/src/parser.o
                0x000000000000d308                parse_path
 .text.parse_number
                0x000000000000d4d4       0x50 obj-m644p-alnwlsn-custom/src/parser.o
                0x000000000000d4d4                parse_number
 .text.parse_date
                0x000000000000d524      0x18c obj-m644p-alnwlsn-custom/src/parser.o
                0x000000000000d524                parse_date
 .text._crc_xmodem_update
                0x000000000000d6b0       0x34 obj-m644p-alnwlsn-custom/src/sdcard.o
 .text.getticks
                0x000000000000d6e4       0x10 obj-m644p-alnwlsn-custom/src/sdcard.o
 .text.swap_word
                0x000000000000d6f4       0x16 obj-m644p-alnwlsn-custom/src/sdcard.o
 .text.getbits  0x000000000000d70a      0x10e obj-m644p-alnwlsn-custom/src/sdcard.o
 .text.spi_select_device
                0x000000000000d818        0xc obj-m644p-alnwlsn-custom/src/sdcard.o
 .text.deselect_card
                0x000000000000d824       0x14 obj-m644p-alnwlsn-custom/src/sdcard.o
 .text.send_command
                0x000000000000d838       0xa4 obj-m644p-alnwlsn-custom/src/sdcard.o
 .text.__vector_1
                0x000000000000d8dc       0x28 obj-m644p-alnwlsn-custom/src/sdcard.o
                0x000000000000d8dc                __vector_1
 .text.sd_init  0x000000000000d904       0x16 obj-m644p-alnwlsn-custom/src/sdcard.o
                0x000000000000d904                disk_init
                0x000000000000d904                sd_init
 .text.sd_status
                0x000000000000d91a       0x18 obj-m644p-alnwlsn-custom/src/sdcard.o
                0x000000000000d91a                disk_status
                0x000000000000d91a                sd_status
 .text.sd_initialize
                0x000000000000d932      0x200 obj-m644p-alnwlsn-custom/src/sdcard.o
                0x000000000000d932                disk_initialize
                0x000000000000d932                sd_initialize
 .text.sd_read  0x000000000000db32      0x14a obj-m644p-alnwlsn-custom/src/sdcard.o
                0x000000000000db32                sd_read
                0x000000000000db32                disk_read
 .text.sd_write
                0x000000000000dc7c      0x12c obj-m644p-alnwlsn-custom/src/sdcard.o
                0x000000000000dc7c                sd_write
                0x000000000000dc7c                disk_write
 .text.sd_getinfo
                0x000000000000dda8      0x108 obj-m644p-alnwlsn-custom/src/sdcard.o
                0x000000000000dda8                disk_getinfo
                0x000000000000dda8                sd_getinfo
 .text.__vector_13
                0x000000000000deb0      0x136 obj-m644p-alnwlsn-custom/src/timer.o
                0x000000000000deb0                __vector_13
 .text.appendnumber
                0x000000000000dfe6       0x2a obj-m644p-alnwlsn-custom/src/utils.o
                0x000000000000dfe6                appendnumber
 .text.ustr1tok
                0x000000000000e010       0x40 obj-m644p-alnwlsn-custom/src/utils.o
                0x000000000000e010                ustr1tok
 .text.asc2pet  0x000000000000e050       0x34 obj-m644p-alnwlsn-custom/src/utils.o
                0x000000000000e050                asc2pet
 .text.libgcc.mul
                0x000000000000e084       0x20 /usr/lib/gcc/avr/5.4.0/avr5/libgcc.a(_mulsi3.o)
                0x000000000000e084                __mulsi3
 .text.libgcc.div
                0x000000000000e0a4       0x18 /usr/lib/gcc/avr/5.4.0/avr5/libgcc.a(_udivmodqi4.o)
                0x000000000000e0a4                __udivmodqi4
 .text.libgcc.div
                0x000000000000e0bc       0x28 /usr/lib/gcc/avr/5.4.0/avr5/libgcc.a(_udivmodhi4.o)
                0x000000000000e0bc                __udivmodhi4
 .text.libgcc.div
                0x000000000000e0e4       0x28 /usr/lib/gcc/avr/5.4.0/avr5/libgcc.a(_divmodhi4.o)
                0x000000000000e0e4                __divmodhi4
                0x000000000000e0e4                _div
 .text.libgcc.div
                0x000000000000e10c       0x44 /usr/lib/gcc/avr/5.4.0/avr5/libgcc.a(_udivmodsi4.o)
                0x000000000000e10c                __udivmodsi4
 .text.libgcc   0x000000000000e150        0xc /usr/lib/gcc/avr/5.4.0/avr5/libgcc.a(_tablejump2.o)
                0x000000000000e150                __tablejump2__
 .text.libgcc.mul
                0x000000000000e15c       0x1e /usr/lib/gcc/avr/5.4.0/avr5/libgcc.a(_umulhisi3.o)
                0x000000000000e15c                __umulhisi3
 .text.libgcc.mul
                0x000000000000e17a       0x16 /usr/lib/gcc/avr/5.4.0/avr5/libgcc.a(_muluhisi3.o)
                0x000000000000e17a                __muluhisi3
 .text.libgcc.prologue
                0x000000000000e190       0x38 /usr/lib/gcc/avr/5.4.0/avr5/libgcc.a(_prologue.o)
                0x000000000000e190                __prologue_saves__
 .text.libgcc.prologue
                0x000000000000e1c8       0x36 /usr/lib/gcc/avr/5.4.0/avr5/libgcc.a(_epilogue.o)
                0x000000000000e1c8                __epilogue_restores__
 .text.avr-libc
                0x000000000000e1fe       0x14 /usr/lib/gcc/avr/5.4.0/../../../avr/lib/avr5/libc.a(isalnum.o)
                0x000000000000e1fe                isalnum
 .text.avr-libc
                0x000000000000e212        0x6 /usr/lib/gcc/avr/5.4.0/../../../avr/lib/avr5/libc.a(cty_isfalse.o)
                0x000000000000e212                __ctype_isfalse
                0x000000000000e216                __ctype_istrue
 .text.avr-libc
                0x000000000000e218       0x16 /usr/lib/gcc/avr/5.4.0/../../../avr/lib/avr5/libc.a(isalpha.o)
                0x000000000000e218                isupper
                0x000000000000e21e                isalpha
                0x000000000000e220                islower
 .text.avr-libc
                0x000000000000e22e       0x10 /usr/lib/gcc/avr/5.4.0/../../../avr/lib/avr5/libc.a(toupper.o)
                0x000000000000e22e                toupper
 .text.avr-libc
                0x000000000000e23e       0x1a /usr/lib/gcc/avr/5.4.0/../../../avr/lib/avr5/libc.a(memcmp_P.o)
                0x000000000000e23e                memcmp_P
 .text.avr-libc
                0x000000000000e258       0x12 /usr/lib/gcc/avr/5.4.0/../../../avr/lib/avr5/libc.a(memcpy_P.o)
                0x000000000000e258                memcpy_P
 .text.avr-libc
                0x000000000000e26a        0xe /usr/lib/gcc/avr/5.4.0/../../../avr/lib/avr5/libc.a(strcpy_P.o)
                0x000000000000e26a                strcpy_P
 .text.avr-libc
                0x000000000000e278       0x1a /usr/lib/gcc/avr/5.4.0/../../../avr/lib/avr5/libc.a(memcmp.o)
                0x000000000000e278                memcmp
 .text.avr-libc
                0x000000000000e292       0x12 /usr/lib/gcc/avr/5.4.0/../../../avr/lib/avr5/libc.a(memcpy.o)
                0x000000000000e292                memcpy
 .text.avr-libc
                0x000000000000e2a4        0xe /usr/lib/gcc/avr/5.4.0/../../../avr/lib/avr5/libc.a(memset.o)
                0x000000000000e2a4                memset
 .text.avr-libc
                0x000000000000e2b2       0x16 /usr/lib/gcc/avr/5.4.0/../../../avr/lib/avr5/libc.a(strchr.o)
                0x000000000000e2b2                strchr
 .text.avr-libc
                0x000000000000e2c8        0xe /usr/lib/gcc/avr/5.4.0/../../../avr/lib/avr5/libc.a(strcpy.o)
                0x000000000000e2c8                strcpy
 .text.avr-libc
                0x000000000000e2d6       0x1e /usr/lib/gcc/avr/5.4.0/../../../avr/lib/avr5/libc.a(strncpy.o)
                0x000000000000e2d6                strncpy
 .text.avr-libc
                0x000000000000e2f4       0x16 /usr/lib/gcc/avr/5.4.0/../../../avr/lib/avr5/libc.a(strrchr.o)
                0x000000000000e2f4                strrchr
 .text.avr-libc
                0x000000000000e30a       0x20 /usr/lib/gcc/avr/5.4.0/../../../avr/lib/avr5/libatmega644p.a(eerd_block.o)
                0x000000000000e30a                eeprom_read_block
                0x000000000000e30e                eeprom_read_blraw
 .text.avr-libc
                0x000000000000e32a       0x10 /usr/lib/gcc/avr/5.4.0/../../../avr/lib/avr5/libatmega644p.a(eerd_byte.o)
                0x000000000000e32a                eeprom_read_byte
 .text.avr-libc
                0x000000000000e33a        0xc /usr/lib/gcc/avr/5.4.0/../../../avr/lib/avr5/libatmega644p.a(eerd_word.o)
                0x000000000000e33a                eeprom_read_word
 .text.avr-libc
                0x000000000000e346       0x14 /usr/lib/gcc/avr/5.4.0/../../../avr/lib/avr5/libatmega644p.a(eewr_block.o)
                0x000000000000e346                eeprom_write_block
 .text.avr-libc
                0x000000000000e35a       0x1c /usr/lib/gcc/avr/5.4.0/../../../avr/lib/avr5/libatmega644p.a(eewr_byte.o)
                0x000000000000e35a                eeprom_write_byte
                0x000000000000e35c                eeprom_write_r18
 .text.avr-libc
                0x000000000000e376        0xa /usr/lib/gcc/avr/5.4.0/../../../avr/lib/avr5/libatmega644p.a(eewr_word.o)
                0x000000000000e376                eeprom_write_word
                0x000000000000e380                . = ALIGN (0x2)
 *(.fini9)
 .fini9         0x000000000000e380        0x0 /usr/lib/gcc/avr/5.4.0/avr5/libgcc.a(_exit.o)
                0x000000000000e380                exit
                0x000000000000e380                _exit
 *(.fini9)
 *(.fini8)
 *(.fini8)
 *(.fini7)
 *(.fini7)
 *(.fini6)
 *(.fini6)
 *(.fini5)
 *(.fini5)
 *(.fini4)
 *(.fini4)
 *(.fini3)
 *(.fini3)
 *(.fini2)
 *(.fini2)
 *(.fini1)
 *(.fini1)
 *(.fini0)
 .fini0         0x000000000000e380        0x4 /usr/lib/gcc/avr/5.4.0/avr5/libgcc.a(_exit.o)
 *(.fini0)
                0x000000000000e384                _etext = .

.data           0x0000000000800100       0x10 load address 0x000000000000e384
                0x0000000000800100                PROVIDE (__data_start, .)
 *(.data)
 *(.data*)
 .data.datacrc  0x0000000000800100        0x2 obj-m644p-alnwlsn-custom/src/doscmd.o
                0x0000000000800100                datacrc
 *(.gnu.linkonce.d*)
 *(.rodata)
 *(.rodata*)
 .rodata.str1.1
                0x0000000000800102        0xd obj-m644p-alnwlsn-custom/src/fatops.o
 *(.gnu.linkonce.r*)
                0x0000000000800110                . = ALIGN (0x2)
 *fill*         0x000000000080010f        0x1 
                0x0000000000800110                _edata = .
                0x0000000000800110                PROVIDE (__data_end, .)

.bss            0x0000000000800110      0xcbd
                0x0000000000800110                PROVIDE (__bss_start, .)
 *(.bss)
 *(.bss*)
 .bss.bufferdata
                0x0000000000800110      0x600 obj-m644p-alnwlsn-custom/src/buffers.o
 .bss.bam_refcount
                0x0000000000800710        0x1 obj-m644p-alnwlsn-custom/src/d64ops.o
 .bss.bam_buffer2
                0x0000000000800711        0x2 obj-m644p-alnwlsn-custom/src/d64ops.o
 .bss.bam_buffer
                0x0000000000800713        0x2 obj-m644p-alnwlsn-custom/src/d64ops.o
 .bss.linenum   0x0000000000800715        0x1 obj-m644p-alnwlsn-custom/src/diskchange.o
 .bss.swappath  0x0000000000800716        0x7 obj-m644p-alnwlsn-custom/src/diskchange.o
 .bss.swaplist  0x000000000080071d       0x1e obj-m644p-alnwlsn-custom/src/diskchange.o
 .bss.capture_buffer
                0x000000000080073b        0x2 obj-m644p-alnwlsn-custom/src/doscmd.o
 .bss.capture_offset
                0x000000000080073d        0x1 obj-m644p-alnwlsn-custom/src/doscmd.o
 .bss.capture_remain
                0x000000000080073e        0x2 obj-m644p-alnwlsn-custom/src/doscmd.o
 .bss.capture_address
                0x0000000000800740        0x2 obj-m644p-alnwlsn-custom/src/doscmd.o
 .bss.previous_loader
                0x0000000000800742        0x1 obj-m644p-alnwlsn-custom/src/doscmd.o
 .bss.romfile   0x0000000000800743       0x1e obj-m644p-alnwlsn-custom/src/doscmd.o
 .bss.static_buf
                0x0000000000800761      0x207 obj-m644p-alnwlsn-custom/src/ff.o
 .bss.previous_file_path
                0x0000000000800968        0x7 obj-m644p-alnwlsn-custom/src/fileops.o
 .bss.cardtype  0x000000000080096f        0x1 obj-m644p-alnwlsn-custom/src/sdcard.o
 *(COMMON)
 COMMON         0x0000000000800970      0x183 obj-m644p-alnwlsn-custom/src/buffers.o
                0x0000000000800970                matchdh
                0x0000000000800981                buffers
                0x0000000000800ad1                ops_scratch
                0x0000000000800af2                active_buffers
 COMMON         0x0000000000800af3       0x2a obj-m644p-alnwlsn-custom/src/d64ops.o
                0x0000000000800af3                errorcache
 COMMON         0x0000000000800b1d        0x1 obj-m644p-alnwlsn-custom/src/diskio.o
                0x0000000000800b1d                disk_state
 COMMON         0x0000000000800b1e       0x88 obj-m644p-alnwlsn-custom/src/doscmd.o
                0x0000000000800b1e                command_length
                0x0000000000800b1f                original_length
                0x0000000000800b20                date_match_end
                0x0000000000800b26                command_buffer
                0x0000000000800ba0                date_match_start
 COMMON         0x0000000000800ba6       0x11 obj-m644p-alnwlsn-custom/src/eeprom-conf.o
                0x0000000000800ba6                rom_filename
 COMMON         0x0000000000800bb7       0x65 obj-m644p-alnwlsn-custom/src/errormsg.o
                0x0000000000800bb7                error_buffer
                0x0000000000800c1b                current_error
 COMMON         0x0000000000800c1c        0x7 obj-m644p-alnwlsn-custom/src/fastloader.o
                0x0000000000800c1c                detected_loader
                0x0000000000800c1d                fast_send_byte
                0x0000000000800c1f                fl_sector
                0x0000000000800c20                fast_get_byte
                0x0000000000800c22                fl_track
 COMMON         0x0000000000800c23        0x1 obj-m644p-alnwlsn-custom/src/fatops.o
                0x0000000000800c23                file_extension_mode
 COMMON         0x0000000000800c24       0x2e obj-m644p-alnwlsn-custom/src/fileops.o
                0x0000000000800c24                previous_file_dirent
                0x0000000000800c51                image_as_dir
 COMMON         0x0000000000800c52        0x5 obj-m644p-alnwlsn-custom/src/iec.o
                0x0000000000800c52                iec_data
                0x0000000000800c56                device_address
 COMMON         0x0000000000800c57        0x1 obj-m644p-alnwlsn-custom/src/led.o
                0x0000000000800c57                led_state
 COMMON         0x0000000000800c58      0x16f obj-m644p-alnwlsn-custom/src/parser.o
                0x0000000000800c58                current_part
                0x0000000000800c59                max_part
                0x0000000000800c5a                partition
                0x0000000000800dc6                dir_changed
 COMMON         0x0000000000800dc7        0x6 obj-m644p-alnwlsn-custom/src/timer.o
                0x0000000000800dc7                lastbuttonchange
                0x0000000000800dc9                active_keys
                0x0000000000800dca                buttonstate
                0x0000000000800dcb                ticks
                0x0000000000800dcd                PROVIDE (__bss_end, .)
                0x000000000000e384                __data_load_start = LOADADDR (.data)
                0x000000000000e394                __data_load_end = (__data_load_start + SIZEOF (.data))

.noinit         0x0000000000800dcd        0x0
                [!provide]                        PROVIDE (__noinit_start, .)
 *(.noinit*)
                [!provide]                        PROVIDE (__noinit_end, .)
                0x0000000000800dcd                _end = .
                [!provide]                        PROVIDE (__heap_start, .)

.eeprom         0x0000000000810000       0x1e
 *(.eeprom*)
 .eeprom        0x0000000000810000       0x1e obj-m644p-alnwlsn-custom/src/eeprom-conf.o
                0x000000000081001e                __eeprom_end = .

.fuse
 *(.fuse)
 *(.lfuse)
 *(.hfuse)
 *(.efuse)

.lock
 *(.lock*)

.signature
 *(.signature*)

.user_signatures
 *(.user_signatures*)

.stab           0x0000000000000000     0x2340
 *(.stab)
 .stab          0x0000000000000000       0xcc obj-m644p-alnwlsn-custom/src/avr/crc7asm.o
 .stab          0x00000000000000cc     0x2274 obj-m644p-alnwlsn-custom/src/avr/fastloader-ll.o
                                       0x2280 (size before relaxing)

.stabstr        0x0000000000000000       0x4b
 *(.stabstr)
 .stabstr       0x0000000000000000       0x4b obj-m644p-alnwlsn-custom/src/avr/crc7asm.o

.stab.excl
 *(.stab.excl)

.stab.exclstr
 *(.stab.exclstr)

.stab.index
 *(.stab.index)

.stab.indexstr
 *(.stab.indexstr)

.comment        0x0000000000000000       0x11
 *(.comment)
 .comment       0x0000000000000000       0x11 obj-m644p-alnwlsn-custom/src/avr/arch-timer.o
                                         0x12 (size before relaxing)
 .comment       0x0000000000000011       0x12 obj-m644p-alnwlsn-custom/src/avr/spi.o
 .comment       0x0000000000000011       0x12 obj-m644p-alnwlsn-custom/src/avr/system.o
 .comment       0x0000000000000011       0x12 obj-m644p-alnwlsn-custom/src/buffers.o
 .comment       0x0000000000000011       0x12 obj-m644p-alnwlsn-custom/src/d64ops.o
 .comment       0x0000000000000011       0x12 obj-m644p-alnwlsn-custom/src/diskchange.o
 .comment       0x0000000000000011       0x12 obj-m644p-alnwlsn-custom/src/diskio.o
 .comment       0x0000000000000011       0x12 obj-m644p-alnwlsn-custom/src/doscmd.o
 .comment       0x0000000000000011       0x12 obj-m644p-alnwlsn-custom/src/eeprom-conf.o
 .comment       0x0000000000000011       0x12 obj-m644p-alnwlsn-custom/src/errormsg.o
 .comment       0x0000000000000011       0x12 obj-m644p-alnwlsn-custom/src/fastloader.o
 .comment       0x0000000000000011       0x12 obj-m644p-alnwlsn-custom/src/fatops.o
 .comment       0x0000000000000011       0x12 obj-m644p-alnwlsn-custom/src/ff.o
 .comment       0x0000000000000011       0x12 obj-m644p-alnwlsn-custom/src/fileops.o
 .comment       0x0000000000000011       0x12 obj-m644p-alnwlsn-custom/src/fl-ar6.o
 .comment       0x0000000000000011       0x12 obj-m644p-alnwlsn-custom/src/fl-dreamload.o
 .comment       0x0000000000000011       0x12 obj-m644p-alnwlsn-custom/src/fl-eload.o
 .comment       0x0000000000000011       0x12 obj-m644p-alnwlsn-custom/src/fl-epyxcart.o
 .comment       0x0000000000000011       0x12 obj-m644p-alnwlsn-custom/src/fl-fc3exos.o
 .comment       0x0000000000000011       0x12 obj-m644p-alnwlsn-custom/src/fl-geos.o
 .comment       0x0000000000000011       0x12 obj-m644p-alnwlsn-custom/src/fl-gijoe.o
 .comment       0x0000000000000011       0x12 obj-m644p-alnwlsn-custom/src/fl-mmzak.o
 .comment       0x0000000000000011       0x12 obj-m644p-alnwlsn-custom/src/fl-n0sdos.o
 .comment       0x0000000000000011       0x12 obj-m644p-alnwlsn-custom/src/fl-nippon.o
 .comment       0x0000000000000011       0x12 obj-m644p-alnwlsn-custom/src/fl-samsjourney.o
 .comment       0x0000000000000011       0x12 obj-m644p-alnwlsn-custom/src/fl-turbodisk.o
 .comment       0x0000000000000011       0x12 obj-m644p-alnwlsn-custom/src/fl-ulm3.o
 .comment       0x0000000000000011       0x12 obj-m644p-alnwlsn-custom/src/iec.o
 .comment       0x0000000000000011       0x12 obj-m644p-alnwlsn-custom/src/led.o
 .comment       0x0000000000000011       0x12 obj-m644p-alnwlsn-custom/src/main.o
 .comment       0x0000000000000011       0x12 obj-m644p-alnwlsn-custom/src/parser.o
 .comment       0x0000000000000011       0x12 obj-m644p-alnwlsn-custom/src/sdcard.o
 .comment       0x0000000000000011       0x12 obj-m644p-alnwlsn-custom/src/timer.o
 .comment       0x0000000000000011       0x12 obj-m644p-alnwlsn-custom/src/utils.o

.note.gnu.avr.deviceinfo
                0x0000000000000000       0x40
 .note.gnu.avr.deviceinfo
                0x0000000000000000       0x40 /usr/lib/gcc/avr/5.4.0/../../../avr/lib/avr5/crtatmega644p.o

.note.gnu.build-id
 *(.note.gnu.build-id)

.debug
 *(.debug)

.line
 *(.line)

.debug_srcinfo
 *(.debug_srcinfo)

.debug_sfnames
 *(.debug_sfnames)

.debug_aranges  0x0000000000000000      0xb20
 *(.debug_aranges)
 .debug_aranges
                0x0000000000000000       0x20 obj-m644p-alnwlsn-custom/src/avr/arch-timer.o
 .debug_aranges
                0x0000000000000020       0x40 obj-m644p-alnwlsn-custom/src/avr/spi.o
 .debug_aranges
                0x0000000000000060       0x50 obj-m644p-alnwlsn-custom/src/avr/system.o
 .debug_aranges
                0x00000000000000b0       0x78 obj-m644p-alnwlsn-custom/src/buffers.o
 .debug_aranges
                0x0000000000000128      0x190 obj-m644p-alnwlsn-custom/src/d64ops.o
 .debug_aranges
                0x00000000000002b8       0x48 obj-m644p-alnwlsn-custom/src/diskchange.o
 .debug_aranges
                0x0000000000000300       0x18 obj-m644p-alnwlsn-custom/src/diskio.o
 .debug_aranges
                0x0000000000000318       0x48 obj-m644p-alnwlsn-custom/src/doscmd.o
 .debug_aranges
                0x0000000000000360       0x30 obj-m644p-alnwlsn-custom/src/eeprom-conf.o
 .debug_aranges
                0x0000000000000390       0x38 obj-m644p-alnwlsn-custom/src/errormsg.o
 .debug_aranges
                0x00000000000003c8       0x28 obj-m644p-alnwlsn-custom/src/fastloader.o
 .debug_aranges
                0x00000000000003f0      0x138 obj-m644p-alnwlsn-custom/src/fatops.o
 .debug_aranges
                0x0000000000000528      0x130 obj-m644p-alnwlsn-custom/src/ff.o
 .debug_aranges
                0x0000000000000658       0x58 obj-m644p-alnwlsn-custom/src/fileops.o
 .debug_aranges
                0x00000000000006b0       0x28 obj-m644p-alnwlsn-custom/src/fl-ar6.o
 .debug_aranges
                0x00000000000006d8       0x28 obj-m644p-alnwlsn-custom/src/fl-dreamload.o
 .debug_aranges
                0x0000000000000700       0x20 obj-m644p-alnwlsn-custom/src/fl-eload.o
 .debug_aranges
                0x0000000000000720       0x20 obj-m644p-alnwlsn-custom/src/fl-epyxcart.o
 .debug_aranges
                0x0000000000000740       0x30 obj-m644p-alnwlsn-custom/src/fl-fc3exos.o
 .debug_aranges
                0x0000000000000770       0x90 obj-m644p-alnwlsn-custom/src/fl-geos.o
 .debug_aranges
                0x0000000000000800       0x28 obj-m644p-alnwlsn-custom/src/fl-gijoe.o
 .debug_aranges
                0x0000000000000828       0x38 obj-m644p-alnwlsn-custom/src/fl-mmzak.o
 .debug_aranges
                0x0000000000000860       0x20 obj-m644p-alnwlsn-custom/src/fl-n0sdos.o
 .debug_aranges
                0x0000000000000880       0x30 obj-m644p-alnwlsn-custom/src/fl-nippon.o
 .debug_aranges
                0x00000000000008b0       0x50 obj-m644p-alnwlsn-custom/src/fl-samsjourney.o
 .debug_aranges
                0x0000000000000900       0x20 obj-m644p-alnwlsn-custom/src/fl-turbodisk.o
 .debug_aranges
                0x0000000000000920       0x28 obj-m644p-alnwlsn-custom/src/fl-ulm3.o
 .debug_aranges
                0x0000000000000948       0x48 obj-m644p-alnwlsn-custom/src/iec.o
 .debug_aranges
                0x0000000000000990       0x20 obj-m644p-alnwlsn-custom/src/led.o
 .debug_aranges
                0x00000000000009b0       0x20 obj-m644p-alnwlsn-custom/src/main.o
 .debug_aranges
                0x00000000000009d0       0x68 obj-m644p-alnwlsn-custom/src/parser.o
 .debug_aranges
                0x0000000000000a38       0x88 obj-m644p-alnwlsn-custom/src/sdcard.o
 .debug_aranges
                0x0000000000000ac0       0x20 obj-m644p-alnwlsn-custom/src/timer.o
 .debug_aranges
                0x0000000000000ae0       0x40 obj-m644p-alnwlsn-custom/src/utils.o

.debug_pubnames
 *(.debug_pubnames)

.debug_info     0x0000000000000000    0x27103
 *(.debug_info .gnu.linkonce.wi.*)
 .debug_info    0x0000000000000000      0x6cc /usr/lib/gcc/avr/5.4.0/../../../avr/lib/avr5/crtatmega644p.o
 .debug_info    0x00000000000006cc       0xab obj-m644p-alnwlsn-custom/src/avr/arch-timer.o
 .debug_info    0x0000000000000777      0x272 obj-m644p-alnwlsn-custom/src/avr/spi.o
 .debug_info    0x00000000000009e9      0x17e obj-m644p-alnwlsn-custom/src/avr/system.o
 .debug_info    0x0000000000000b67      0xc4a obj-m644p-alnwlsn-custom/src/buffers.o
 .debug_info    0x00000000000017b1     0x41c3 obj-m644p-alnwlsn-custom/src/d64ops.o
 .debug_info    0x0000000000005974     0x1847 obj-m644p-alnwlsn-custom/src/diskchange.o
 .debug_info    0x00000000000071bb       0x96 obj-m644p-alnwlsn-custom/src/diskio.o
 .debug_info    0x0000000000007251     0x39e6 obj-m644p-alnwlsn-custom/src/doscmd.o
 .debug_info    0x000000000000ac37      0x56e obj-m644p-alnwlsn-custom/src/eeprom-conf.o
 .debug_info    0x000000000000b1a5      0xd23 obj-m644p-alnwlsn-custom/src/errormsg.o
 .debug_info    0x000000000000bec8      0x3b4 obj-m644p-alnwlsn-custom/src/fastloader.o
 .debug_info    0x000000000000c27c     0x3078 obj-m644p-alnwlsn-custom/src/fatops.o
 .debug_info    0x000000000000f2f4     0x325e obj-m644p-alnwlsn-custom/src/ff.o
 .debug_info    0x0000000000012552     0x1eda obj-m644p-alnwlsn-custom/src/fileops.o
 .debug_info    0x000000000001442c      0xb28 obj-m644p-alnwlsn-custom/src/fl-ar6.o
 .debug_info    0x0000000000014f54     0x12bf obj-m644p-alnwlsn-custom/src/fl-dreamload.o
 .debug_info    0x0000000000016213      0x8d9 obj-m644p-alnwlsn-custom/src/fl-eload.o
 .debug_info    0x0000000000016aec      0xaf5 obj-m644p-alnwlsn-custom/src/fl-epyxcart.o
 .debug_info    0x00000000000175e1      0xdbb obj-m644p-alnwlsn-custom/src/fl-fc3exos.o
 .debug_info    0x000000000001839c     0x28fe obj-m644p-alnwlsn-custom/src/fl-geos.o
 .debug_info    0x000000000001ac9a      0xd2e obj-m644p-alnwlsn-custom/src/fl-gijoe.o
 .debug_info    0x000000000001b9c8     0x1719 obj-m644p-alnwlsn-custom/src/fl-mmzak.o
 .debug_info    0x000000000001d0e1      0xce9 obj-m644p-alnwlsn-custom/src/fl-n0sdos.o
 .debug_info    0x000000000001ddca     0x1344 obj-m644p-alnwlsn-custom/src/fl-nippon.o
 .debug_info    0x000000000001f10e     0x19b1 obj-m644p-alnwlsn-custom/src/fl-samsjourney.o
 .debug_info    0x0000000000020abf      0xb1f obj-m644p-alnwlsn-custom/src/fl-turbodisk.o
 .debug_info    0x00000000000215de     0x1091 obj-m644p-alnwlsn-custom/src/fl-ulm3.o
 .debug_info    0x000000000002266f     0x1c8f obj-m644p-alnwlsn-custom/src/iec.o
 .debug_info    0x00000000000242fe      0x11e obj-m644p-alnwlsn-custom/src/led.o
 .debug_info    0x000000000002441c      0x3b7 obj-m644p-alnwlsn-custom/src/main.o
 .debug_info    0x00000000000247d3     0x14d0 obj-m644p-alnwlsn-custom/src/parser.o
 .debug_info    0x0000000000025ca3     0x1127 obj-m644p-alnwlsn-custom/src/sdcard.o
 .debug_info    0x0000000000026dca      0x192 obj-m644p-alnwlsn-custom/src/timer.o
 .debug_info    0x0000000000026f5c      0x1a7 obj-m644p-alnwlsn-custom/src/utils.o

.debug_abbrev   0x0000000000000000     0x60a0
 *(.debug_abbrev)
 .debug_abbrev  0x0000000000000000      0x66e /usr/lib/gcc/avr/5.4.0/../../../avr/lib/avr5/crtatmega644p.o
 .debug_abbrev  0x000000000000066e       0x69 obj-m644p-alnwlsn-custom/src/avr/arch-timer.o
 .debug_abbrev  0x00000000000006d7      0x132 obj-m644p-alnwlsn-custom/src/avr/spi.o
 .debug_abbrev  0x0000000000000809      0x103 obj-m644p-alnwlsn-custom/src/avr/system.o
 .debug_abbrev  0x000000000000090c      0x307 obj-m644p-alnwlsn-custom/src/buffers.o
 .debug_abbrev  0x0000000000000c13      0x4f4 obj-m644p-alnwlsn-custom/src/d64ops.o
 .debug_abbrev  0x0000000000001107      0x384 obj-m644p-alnwlsn-custom/src/diskchange.o
 .debug_abbrev  0x000000000000148b       0x58 obj-m644p-alnwlsn-custom/src/diskio.o
 .debug_abbrev  0x00000000000014e3      0x42b obj-m644p-alnwlsn-custom/src/doscmd.o
 .debug_abbrev  0x000000000000190e      0x16d obj-m644p-alnwlsn-custom/src/eeprom-conf.o
 .debug_abbrev  0x0000000000001a7b      0x2da obj-m644p-alnwlsn-custom/src/errormsg.o
 .debug_abbrev  0x0000000000001d55      0x197 obj-m644p-alnwlsn-custom/src/fastloader.o
 .debug_abbrev  0x0000000000001eec      0x50f obj-m644p-alnwlsn-custom/src/fatops.o
 .debug_abbrev  0x00000000000023fb      0x400 obj-m644p-alnwlsn-custom/src/ff.o
 .debug_abbrev  0x00000000000027fb      0x440 obj-m644p-alnwlsn-custom/src/fileops.o
 .debug_abbrev  0x0000000000002c3b      0x21a obj-m644p-alnwlsn-custom/src/fl-ar6.o
 .debug_abbrev  0x0000000000002e55      0x2e4 obj-m644p-alnwlsn-custom/src/fl-dreamload.o
 .debug_abbrev  0x0000000000003139      0x177 obj-m644p-alnwlsn-custom/src/fl-eload.o
 .debug_abbrev  0x00000000000032b0      0x229 obj-m644p-alnwlsn-custom/src/fl-epyxcart.o
 .debug_abbrev  0x00000000000034d9      0x2b8 obj-m644p-alnwlsn-custom/src/fl-fc3exos.o
 .debug_abbrev  0x0000000000003791      0x4cd obj-m644p-alnwlsn-custom/src/fl-geos.o
 .debug_abbrev  0x0000000000003c5e      0x2e3 obj-m644p-alnwlsn-custom/src/fl-gijoe.o
 .debug_abbrev  0x0000000000003f41      0x369 obj-m644p-alnwlsn-custom/src/fl-mmzak.o
 .debug_abbrev  0x00000000000042aa      0x2ea obj-m644p-alnwlsn-custom/src/fl-n0sdos.o
 .debug_abbrev  0x0000000000004594      0x367 obj-m644p-alnwlsn-custom/src/fl-nippon.o
 .debug_abbrev  0x00000000000048fb      0x428 obj-m644p-alnwlsn-custom/src/fl-samsjourney.o
 .debug_abbrev  0x0000000000004d23      0x22d obj-m644p-alnwlsn-custom/src/fl-turbodisk.o
 .debug_abbrev  0x0000000000004f50      0x242 obj-m644p-alnwlsn-custom/src/fl-ulm3.o
 .debug_abbrev  0x0000000000005192      0x453 obj-m644p-alnwlsn-custom/src/iec.o
 .debug_abbrev  0x00000000000055e5       0xc1 obj-m644p-alnwlsn-custom/src/led.o
 .debug_abbrev  0x00000000000056a6      0x173 obj-m644p-alnwlsn-custom/src/main.o
 .debug_abbrev  0x0000000000005819      0x328 obj-m644p-alnwlsn-custom/src/parser.o
 .debug_abbrev  0x0000000000005b41      0x3ce obj-m644p-alnwlsn-custom/src/sdcard.o
 .debug_abbrev  0x0000000000005f0f       0xd8 obj-m644p-alnwlsn-custom/src/timer.o
 .debug_abbrev  0x0000000000005fe7       0xb9 obj-m644p-alnwlsn-custom/src/utils.o

.debug_line     0x0000000000000000     0xc271
 *(.debug_line .debug_line.* .debug_line_end)
 .debug_line    0x0000000000000000       0x1a /usr/lib/gcc/avr/5.4.0/../../../avr/lib/avr5/crtatmega644p.o
 .debug_line    0x000000000000001a       0xa6 obj-m644p-alnwlsn-custom/src/avr/arch-timer.o
 .debug_line    0x00000000000000c0      0x166 obj-m644p-alnwlsn-custom/src/avr/spi.o
 .debug_line    0x0000000000000226      0x12b obj-m644p-alnwlsn-custom/src/avr/system.o
 .debug_line    0x0000000000000351      0x427 obj-m644p-alnwlsn-custom/src/buffers.o
 .debug_line    0x0000000000000778     0x199c obj-m644p-alnwlsn-custom/src/d64ops.o
 .debug_line    0x0000000000002114      0x5c4 obj-m644p-alnwlsn-custom/src/diskchange.o
 .debug_line    0x00000000000026d8       0x36 obj-m644p-alnwlsn-custom/src/diskio.o
 .debug_line    0x000000000000270e      0xd95 obj-m644p-alnwlsn-custom/src/doscmd.o
 .debug_line    0x00000000000034a3      0x231 obj-m644p-alnwlsn-custom/src/eeprom-conf.o
 .debug_line    0x00000000000036d4      0x31b obj-m644p-alnwlsn-custom/src/errormsg.o
 .debug_line    0x00000000000039ef      0x1ae obj-m644p-alnwlsn-custom/src/fastloader.o
 .debug_line    0x0000000000003b9d     0x137e obj-m644p-alnwlsn-custom/src/fatops.o
 .debug_line    0x0000000000004f1b     0x1b84 obj-m644p-alnwlsn-custom/src/ff.o
 .debug_line    0x0000000000006a9f      0xbaa obj-m644p-alnwlsn-custom/src/fileops.o
 .debug_line    0x0000000000007649      0x216 obj-m644p-alnwlsn-custom/src/fl-ar6.o
 .debug_line    0x000000000000785f      0x322 obj-m644p-alnwlsn-custom/src/fl-dreamload.o
 .debug_line    0x0000000000007b81      0x12b obj-m644p-alnwlsn-custom/src/fl-eload.o
 .debug_line    0x0000000000007cac      0x261 obj-m644p-alnwlsn-custom/src/fl-epyxcart.o
 .debug_line    0x0000000000007f0d      0x358 obj-m644p-alnwlsn-custom/src/fl-fc3exos.o
 .debug_line    0x0000000000008265      0xa5a obj-m644p-alnwlsn-custom/src/fl-geos.o
 .debug_line    0x0000000000008cbf      0x313 obj-m644p-alnwlsn-custom/src/fl-gijoe.o
 .debug_line    0x0000000000008fd2      0x444 obj-m644p-alnwlsn-custom/src/fl-mmzak.o
 .debug_line    0x0000000000009416      0x2c3 obj-m644p-alnwlsn-custom/src/fl-n0sdos.o
 .debug_line    0x00000000000096d9      0x355 obj-m644p-alnwlsn-custom/src/fl-nippon.o
 .debug_line    0x0000000000009a2e      0x624 obj-m644p-alnwlsn-custom/src/fl-samsjourney.o
 .debug_line    0x000000000000a052      0x26f obj-m644p-alnwlsn-custom/src/fl-turbodisk.o
 .debug_line    0x000000000000a2c1      0x221 obj-m644p-alnwlsn-custom/src/fl-ulm3.o
 .debug_line    0x000000000000a4e2      0xa98 obj-m644p-alnwlsn-custom/src/iec.o
 .debug_line    0x000000000000af7a       0xa5 obj-m644p-alnwlsn-custom/src/led.o
 .debug_line    0x000000000000b01f      0x1f8 obj-m644p-alnwlsn-custom/src/main.o
 .debug_line    0x000000000000b217      0x5e2 obj-m644p-alnwlsn-custom/src/parser.o
 .debug_line    0x000000000000b7f9      0x7c2 obj-m644p-alnwlsn-custom/src/sdcard.o
 .debug_line    0x000000000000bfbb      0x153 obj-m644p-alnwlsn-custom/src/timer.o
 .debug_line    0x000000000000c10e      0x163 obj-m644p-alnwlsn-custom/src/utils.o

.debug_frame    0x0000000000000000     0x241c
 *(.debug_frame)
 .debug_frame   0x0000000000000000       0x24 obj-m644p-alnwlsn-custom/src/avr/arch-timer.o
 .debug_frame   0x0000000000000024       0x64 obj-m644p-alnwlsn-custom/src/avr/spi.o
 .debug_frame   0x0000000000000088       0x84 obj-m644p-alnwlsn-custom/src/avr/system.o
 .debug_frame   0x000000000000010c      0x12c obj-m644p-alnwlsn-custom/src/buffers.o
 .debug_frame   0x0000000000000238      0x6ac obj-m644p-alnwlsn-custom/src/d64ops.o
 .debug_frame   0x00000000000008e4       0xbc obj-m644p-alnwlsn-custom/src/diskchange.o
 .debug_frame   0x00000000000009a0       0xc4 obj-m644p-alnwlsn-custom/src/doscmd.o
 .debug_frame   0x0000000000000a64       0x70 obj-m644p-alnwlsn-custom/src/eeprom-conf.o
 .debug_frame   0x0000000000000ad4       0x7c obj-m644p-alnwlsn-custom/src/errormsg.o
 .debug_frame   0x0000000000000b50       0x40 obj-m644p-alnwlsn-custom/src/fastloader.o
 .debug_frame   0x0000000000000b90      0x560 obj-m644p-alnwlsn-custom/src/fatops.o
 .debug_frame   0x00000000000010f0      0x6a8 obj-m644p-alnwlsn-custom/src/ff.o
 .debug_frame   0x0000000000001798      0x11c obj-m644p-alnwlsn-custom/src/fileops.o
 .debug_frame   0x00000000000018b4       0x64 obj-m644p-alnwlsn-custom/src/fl-ar6.o
 .debug_frame   0x0000000000001918       0x60 obj-m644p-alnwlsn-custom/src/fl-dreamload.o
 .debug_frame   0x0000000000001978       0x38 obj-m644p-alnwlsn-custom/src/fl-eload.o
 .debug_frame   0x00000000000019b0       0x38 obj-m644p-alnwlsn-custom/src/fl-epyxcart.o
 .debug_frame   0x00000000000019e8       0x80 obj-m644p-alnwlsn-custom/src/fl-fc3exos.o
 .debug_frame   0x0000000000001a68      0x21c obj-m644p-alnwlsn-custom/src/fl-geos.o
 .debug_frame   0x0000000000001c84       0x50 obj-m644p-alnwlsn-custom/src/fl-gijoe.o
 .debug_frame   0x0000000000001cd4       0x84 obj-m644p-alnwlsn-custom/src/fl-mmzak.o
 .debug_frame   0x0000000000001d58       0x44 obj-m644p-alnwlsn-custom/src/fl-n0sdos.o
 .debug_frame   0x0000000000001d9c       0x6c obj-m644p-alnwlsn-custom/src/fl-nippon.o
 .debug_frame   0x0000000000001e08       0xdc obj-m644p-alnwlsn-custom/src/fl-samsjourney.o
 .debug_frame   0x0000000000001ee4       0x34 obj-m644p-alnwlsn-custom/src/fl-turbodisk.o
 .debug_frame   0x0000000000001f18       0x5c obj-m644p-alnwlsn-custom/src/fl-ulm3.o
 .debug_frame   0x0000000000001f74       0xb0 obj-m644p-alnwlsn-custom/src/iec.o
 .debug_frame   0x0000000000002024       0x24 obj-m644p-alnwlsn-custom/src/led.o
 .debug_frame   0x0000000000002048       0x24 obj-m644p-alnwlsn-custom/src/main.o
 .debug_frame   0x000000000000206c      0x134 obj-m644p-alnwlsn-custom/src/parser.o
 .debug_frame   0x00000000000021a0      0x1cc obj-m644p-alnwlsn-custom/src/sdcard.o
 .debug_frame   0x000000000000236c       0x4c obj-m644p-alnwlsn-custom/src/timer.o
 .debug_frame   0x00000000000023b8       0x64 obj-m644p-alnwlsn-custom/src/utils.o

.debug_str      0x0000000000000000     0x31bc
 *(.debug_str)
 .debug_str     0x0000000000000000      0x252 /usr/lib/gcc/avr/5.4.0/../../../avr/lib/avr5/crtatmega644p.o
 .debug_str     0x0000000000000252      0x1fe obj-m644p-alnwlsn-custom/src/avr/arch-timer.o
                                        0x23f (size before relaxing)
 .debug_str     0x0000000000000450       0xa9 obj-m644p-alnwlsn-custom/src/avr/spi.o
                                        0x2d3 (size before relaxing)
 .debug_str     0x00000000000004f9       0x9f obj-m644p-alnwlsn-custom/src/avr/system.o
                                        0x2b1 (size before relaxing)
 .debug_str     0x0000000000000598      0x3b7 obj-m644p-alnwlsn-custom/src/buffers.o
                                        0x6a4 (size before relaxing)
 .debug_str     0x000000000000094f      0x6dd obj-m644p-alnwlsn-custom/src/d64ops.o
                                        0xd53 (size before relaxing)
 .debug_str     0x000000000000102c      0x372 obj-m644p-alnwlsn-custom/src/diskchange.o
                                        0xb72 (size before relaxing)
 .debug_str     0x000000000000139e       0x50 obj-m644p-alnwlsn-custom/src/diskio.o
                                        0x251 (size before relaxing)
 .debug_str     0x00000000000013ee      0x80e obj-m644p-alnwlsn-custom/src/doscmd.o
                                       0x125b (size before relaxing)
 .debug_str     0x0000000000001bfc      0x140 obj-m644p-alnwlsn-custom/src/eeprom-conf.o
                                        0x3f4 (size before relaxing)
 .debug_str     0x0000000000001d3c       0x8c obj-m644p-alnwlsn-custom/src/errormsg.o
                                        0x652 (size before relaxing)
 .debug_str     0x0000000000001dc8       0x7b obj-m644p-alnwlsn-custom/src/fastloader.o
                                        0x4cd (size before relaxing)
 .debug_str     0x0000000000001e43      0x2c4 obj-m644p-alnwlsn-custom/src/fatops.o
                                        0xdd6 (size before relaxing)
 .debug_str     0x0000000000002107      0x2c0 obj-m644p-alnwlsn-custom/src/ff.o
                                        0x8a0 (size before relaxing)
 .debug_str     0x00000000000023c7      0x142 obj-m644p-alnwlsn-custom/src/fileops.o
                                        0xa6f (size before relaxing)
 .debug_str     0x0000000000002509       0x7a obj-m644p-alnwlsn-custom/src/fl-ar6.o
                                        0x614 (size before relaxing)
 .debug_str     0x0000000000002583       0x88 obj-m644p-alnwlsn-custom/src/fl-dreamload.o
                                        0xa4a (size before relaxing)
 .debug_str     0x000000000000260b       0x3c obj-m644p-alnwlsn-custom/src/fl-eload.o
                                        0x57d (size before relaxing)
 .debug_str     0x0000000000002647       0x33 obj-m644p-alnwlsn-custom/src/fl-epyxcart.o
                                        0x60a (size before relaxing)
 .debug_str     0x000000000000267a       0xb5 obj-m644p-alnwlsn-custom/src/fl-fc3exos.o
                                        0x691 (size before relaxing)
 .debug_str     0x000000000000272f      0x2b5 obj-m644p-alnwlsn-custom/src/fl-geos.o
                                        0xd97 (size before relaxing)
 .debug_str     0x00000000000029e4       0x2a obj-m644p-alnwlsn-custom/src/fl-gijoe.o
                                        0x65f (size before relaxing)
 .debug_str     0x0000000000002a0e       0x87 obj-m644p-alnwlsn-custom/src/fl-mmzak.o
                                        0x8e0 (size before relaxing)
 .debug_str     0x0000000000002a95       0x3e obj-m644p-alnwlsn-custom/src/fl-n0sdos.o
                                        0x65d (size before relaxing)
 .debug_str     0x0000000000002ad3       0x59 obj-m644p-alnwlsn-custom/src/fl-nippon.o
                                        0x890 (size before relaxing)
 .debug_str     0x0000000000002b2c       0xe9 obj-m644p-alnwlsn-custom/src/fl-samsjourney.o
                                        0x99b (size before relaxing)
 .debug_str     0x0000000000002c15       0x4e obj-m644p-alnwlsn-custom/src/fl-turbodisk.o
                                        0x617 (size before relaxing)
 .debug_str     0x0000000000002c63       0x40 obj-m644p-alnwlsn-custom/src/fl-ulm3.o
                                        0x805 (size before relaxing)
 .debug_str     0x0000000000002ca3      0x1d7 obj-m644p-alnwlsn-custom/src/iec.o
                                        0x957 (size before relaxing)
 .debug_str     0x0000000000002e7a        0xa obj-m644p-alnwlsn-custom/src/led.o
                                        0x26e (size before relaxing)
 .debug_str     0x0000000000002e84       0x8b obj-m644p-alnwlsn-custom/src/main.o
                                        0x3d5 (size before relaxing)
 .debug_str     0x0000000000002f0f       0x46 obj-m644p-alnwlsn-custom/src/parser.o
                                        0x8b3 (size before relaxing)
 .debug_str     0x0000000000002f55      0x1e7 obj-m644p-alnwlsn-custom/src/sdcard.o
                                        0x5d0 (size before relaxing)
 .debug_str     0x000000000000313c       0x56 obj-m644p-alnwlsn-custom/src/timer.o
                                        0x2bd (size before relaxing)
 .debug_str     0x0000000000003192       0x2a obj-m644p-alnwlsn-custom/src/utils.o
                                        0x257 (size before relaxing)

.debug_loc      0x0000000000000000    0x1367d
 *(.debug_loc)
 .debug_loc     0x0000000000000000      0x18a obj-m644p-alnwlsn-custom/src/avr/spi.o
 .debug_loc     0x000000000000018a      0x4e9 obj-m644p-alnwlsn-custom/src/buffers.o
 .debug_loc     0x0000000000000673     0x3506 obj-m644p-alnwlsn-custom/src/d64ops.o
 .debug_loc     0x0000000000003b79      0x588 obj-m644p-alnwlsn-custom/src/diskchange.o
 .debug_loc     0x0000000000004101     0x1136 obj-m644p-alnwlsn-custom/src/doscmd.o
 .debug_loc     0x0000000000005237      0x13b obj-m644p-alnwlsn-custom/src/eeprom-conf.o
 .debug_loc     0x0000000000005372      0x655 obj-m644p-alnwlsn-custom/src/errormsg.o
 .debug_loc     0x00000000000059c7      0x130 obj-m644p-alnwlsn-custom/src/fastloader.o
 .debug_loc     0x0000000000005af7     0x22e4 obj-m644p-alnwlsn-custom/src/fatops.o
 .debug_loc     0x0000000000007ddb     0x3e3b obj-m644p-alnwlsn-custom/src/ff.o
 .debug_loc     0x000000000000bc16      0xe05 obj-m644p-alnwlsn-custom/src/fileops.o
 .debug_loc     0x000000000000ca1b      0x2be obj-m644p-alnwlsn-custom/src/fl-ar6.o
 .debug_loc     0x000000000000ccd9      0x33b obj-m644p-alnwlsn-custom/src/fl-dreamload.o
 .debug_loc     0x000000000000d014      0x142 obj-m644p-alnwlsn-custom/src/fl-eload.o
 .debug_loc     0x000000000000d156      0x269 obj-m644p-alnwlsn-custom/src/fl-epyxcart.o
 .debug_loc     0x000000000000d3bf      0x465 obj-m644p-alnwlsn-custom/src/fl-fc3exos.o
 .debug_loc     0x000000000000d824     0x17b7 obj-m644p-alnwlsn-custom/src/fl-geos.o
 .debug_loc     0x000000000000efdb      0x2b5 obj-m644p-alnwlsn-custom/src/fl-gijoe.o
 .debug_loc     0x000000000000f290      0x87a obj-m644p-alnwlsn-custom/src/fl-mmzak.o
 .debug_loc     0x000000000000fb0a      0x3a4 obj-m644p-alnwlsn-custom/src/fl-n0sdos.o
 .debug_loc     0x000000000000feae      0x41e obj-m644p-alnwlsn-custom/src/fl-nippon.o
 .debug_loc     0x00000000000102cc      0x842 obj-m644p-alnwlsn-custom/src/fl-samsjourney.o
 .debug_loc     0x0000000000010b0e      0x265 obj-m644p-alnwlsn-custom/src/fl-turbodisk.o
 .debug_loc     0x0000000000010d73      0x2e0 obj-m644p-alnwlsn-custom/src/fl-ulm3.o
 .debug_loc     0x0000000000011053      0xcf1 obj-m644p-alnwlsn-custom/src/iec.o
 .debug_loc     0x0000000000011d44       0x50 obj-m644p-alnwlsn-custom/src/main.o
 .debug_loc     0x0000000000011d94      0x86f obj-m644p-alnwlsn-custom/src/parser.o
 .debug_loc     0x0000000000012603      0xe37 obj-m644p-alnwlsn-custom/src/sdcard.o
 .debug_loc     0x000000000001343a       0x7d obj-m644p-alnwlsn-custom/src/timer.o
 .debug_loc     0x00000000000134b7      0x1c6 obj-m644p-alnwlsn-custom/src/utils.o

.debug_macinfo
 *(.debug_macinfo)

.debug_weaknames
 *(.debug_weaknames)

.debug_funcnames
 *(.debug_funcnames)

.debug_typenames
 *(.debug_typenames)

.debug_varnames
 *(.debug_varnames)

.debug_pubtypes
 *(.debug_pubtypes)

.debug_ranges   0x0000000000000000      0xc80
 *(.debug_ranges)
 .debug_ranges  0x0000000000000000       0x10 obj-m644p-alnwlsn-custom/src/avr/arch-timer.o
 .debug_ranges  0x0000000000000010       0x30 obj-m644p-alnwlsn-custom/src/avr/spi.o
 .debug_ranges  0x0000000000000040       0x40 obj-m644p-alnwlsn-custom/src/avr/system.o
 .debug_ranges  0x0000000000000080       0x68 obj-m644p-alnwlsn-custom/src/buffers.o
 .debug_ranges  0x00000000000000e8      0x1c8 obj-m644p-alnwlsn-custom/src/d64ops.o
 .debug_ranges  0x00000000000002b0       0x58 obj-m644p-alnwlsn-custom/src/diskchange.o
 .debug_ranges  0x0000000000000308       0xc8 obj-m644p-alnwlsn-custom/src/doscmd.o
 .debug_ranges  0x00000000000003d0       0x20 obj-m644p-alnwlsn-custom/src/eeprom-conf.o
 .debug_ranges  0x00000000000003f0       0x40 obj-m644p-alnwlsn-custom/src/errormsg.o
 .debug_ranges  0x0000000000000430       0x18 obj-m644p-alnwlsn-custom/src/fastloader.o
 .debug_ranges  0x0000000000000448      0x158 obj-m644p-alnwlsn-custom/src/fatops.o
 .debug_ranges  0x00000000000005a0      0x188 obj-m644p-alnwlsn-custom/src/ff.o
 .debug_ranges  0x0000000000000728       0x78 obj-m644p-alnwlsn-custom/src/fileops.o
 .debug_ranges  0x00000000000007a0       0x18 obj-m644p-alnwlsn-custom/src/fl-ar6.o
 .debug_ranges  0x00000000000007b8       0x18 obj-m644p-alnwlsn-custom/src/fl-dreamload.o
 .debug_ranges  0x00000000000007d0       0x10 obj-m644p-alnwlsn-custom/src/fl-eload.o
 .debug_ranges  0x00000000000007e0       0x28 obj-m644p-alnwlsn-custom/src/fl-epyxcart.o
 .debug_ranges  0x0000000000000808       0x20 obj-m644p-alnwlsn-custom/src/fl-fc3exos.o
 .debug_ranges  0x0000000000000828       0x80 obj-m644p-alnwlsn-custom/src/fl-geos.o
 .debug_ranges  0x00000000000008a8       0x18 obj-m644p-alnwlsn-custom/src/fl-gijoe.o
 .debug_ranges  0x00000000000008c0       0x88 obj-m644p-alnwlsn-custom/src/fl-mmzak.o
 .debug_ranges  0x0000000000000948       0x58 obj-m644p-alnwlsn-custom/src/fl-n0sdos.o
 .debug_ranges  0x00000000000009a0       0x38 obj-m644p-alnwlsn-custom/src/fl-nippon.o
 .debug_ranges  0x00000000000009d8       0x58 obj-m644p-alnwlsn-custom/src/fl-samsjourney.o
 .debug_ranges  0x0000000000000a30       0x10 obj-m644p-alnwlsn-custom/src/fl-turbodisk.o
 .debug_ranges  0x0000000000000a40       0x30 obj-m644p-alnwlsn-custom/src/fl-ulm3.o
 .debug_ranges  0x0000000000000a70       0xb0 obj-m644p-alnwlsn-custom/src/iec.o
 .debug_ranges  0x0000000000000b20       0x10 obj-m644p-alnwlsn-custom/src/led.o
 .debug_ranges  0x0000000000000b30       0x10 obj-m644p-alnwlsn-custom/src/main.o
 .debug_ranges  0x0000000000000b40       0x58 obj-m644p-alnwlsn-custom/src/parser.o
 .debug_ranges  0x0000000000000b98       0xa8 obj-m644p-alnwlsn-custom/src/sdcard.o
 .debug_ranges  0x0000000000000c40       0x10 obj-m644p-alnwlsn-custom/src/timer.o
 .debug_ranges  0x0000000000000c50       0x30 obj-m644p-alnwlsn-custom/src/utils.o

.debug_macro
 *(.debug_macro)
OUTPUT(obj-m644p-alnwlsn-custom/sd2iec.elf elf32-avr)
LOAD linker stubs

Cross Reference Table

Symbol                                            File
__FUSE_REGION_LENGTH__                            /usr/lib/gcc/avr/5.4.0/../../../avr/lib/avr5/crtatmega644p.o
__SFR_OFFSET                                      obj-m644p-alnwlsn-custom/src/avr/fastloader-ll.o
__bad_interrupt                                   /usr/lib/gcc/avr/5.4.0/../../../avr/lib/avr5/crtatmega644p.o
__bss_end                                         /usr/lib/gcc/avr/5.4.0/avr5/libgcc.a(_clear_bss.o)
__bss_start                                       /usr/lib/gcc/avr/5.4.0/avr5/libgcc.a(_clear_bss.o)
__ctype_isfalse                                   /usr/lib/gcc/avr/5.4.0/../../../avr/lib/avr5/libc.a(cty_isfalse.o)